 Lab2a_template_sfun

 Timestamp is 59f161ee (Wed Oct 25 21:17:50 2017)

 Preferred load address is 0000000180000000

 Start         Length     Name                   Class
 0001:00000000 00022e34H .text                   CODE
 0001:00022e40 00000092H .text$x                 CODE
 0002:00000000 00000460H .idata$5                DATA
 0002:00000460 00000008H .CRT$XCA                DATA
 0002:00000468 00000008H .CRT$XCZ                DATA
 0002:00000470 00000008H .CRT$XIA                DATA
 0002:00000478 00000008H .CRT$XIAA               DATA
 0002:00000480 00000008H .CRT$XIZ                DATA
 0002:00000490 000006b4H .rdata                  DATA
 0002:00000b48 00000008H .rtc$IAA                DATA
 0002:00000b50 00000008H .rtc$IZZ                DATA
 0002:00000b58 00000008H .rtc$TAA                DATA
 0002:00000b60 00000008H .rtc$TZZ                DATA
 0002:00000b68 00000a40H .xdata                  DATA
 0002:000015a8 0000008cH .idata$2                DATA
 0002:00001634 00000014H .idata$3                DATA
 0002:00001648 00000460H .idata$4                DATA
 0002:00001aa8 00000c0cH .idata$6                DATA
 0002:000026c0 00000059H .edata                  DATA
 0003:00000000 00008ce8H .data                   DATA
 0003:00008cf0 000006d8H .bss                    DATA
 0004:00000000 00000d38H .pdata                  DATA

  Address         Publics by Value              Rva+Base               Lib:Object

 0000:00000000       ___safe_se_handler_count   0000000000000000     <absolute>
 0000:00000000       ___safe_se_handler_table   0000000000000000     <absolute>
 0000:00000000       __ImageBase                0000000180000000     <linker-defined>
 0001:00000000       Lab2a_template_initializer 0000000180001000 f   Lab2a_template_sfun.obj
 0001:00000010       Lab2a_template_terminator  0000000180001010 f   Lab2a_template_sfun.obj
 0001:00000020       sf_Lab2a_template_method_dispatcher 0000000180001020 f   Lab2a_template_sfun.obj
 0001:000000d0       sf_Lab2a_template_process_testpoint_info_call 00000001800010d0 f   Lab2a_template_sfun.obj
 0001:00000230       sf_Lab2a_template_process_check_sum_call 0000000180001230 f   Lab2a_template_sfun.obj
 0001:00000680       sf_Lab2a_template_autoinheritance_info 0000000180001680 f   Lab2a_template_sfun.obj
 0001:000008e0       sf_Lab2a_template_get_eml_resolved_functions_info 00000001800018e0 f   Lab2a_template_sfun.obj
 0001:00000ad0       sf_Lab2a_template_third_party_uses_info 0000000180001ad0 f   Lab2a_template_sfun.obj
 0001:00000cc0       sf_Lab2a_template_updateBuildInfo_args_info 0000000180001cc0 f   Lab2a_template_sfun.obj
 0001:00000eb0       Lab2a_template_debug_initialize 0000000180001eb0 f   Lab2a_template_sfun.obj
 0001:00000f30       Lab2a_template_register_exported_symbols 0000000180001f30 f   Lab2a_template_sfun.obj
 0001:00000f40       load_Lab2a_template_optimization_info 0000000180001f40 f   Lab2a_template_sfun.obj
 0001:00000f90       unload_Lab2a_template_optimization_info 0000000180001f90 f   Lab2a_template_sfun.obj
 0001:00000fc0       sf_c1_Lab2a_template_get_eml_resolved_functions_info 0000000180001fc0 f   c1_Lab2a_template.obj
 0001:000041e0       sf_c1_Lab2a_template_get_check_sum 00000001800051e0 f   c1_Lab2a_template.obj
 0001:00004260       sf_c1_Lab2a_template_get_autoinheritance_info 0000000180005260 f   c1_Lab2a_template.obj
 0001:00004ba0       sf_c1_Lab2a_template_third_party_uses_info 0000000180005ba0 f   c1_Lab2a_template.obj
 0001:00004bd0       sf_c1_Lab2a_template_updateBuildInfo_args_info 0000000180005bd0 f   c1_Lab2a_template.obj
 0001:00004c00       sf_internal_get_sim_state_c1_Lab2a_template 0000000180005c00 f   c1_Lab2a_template.obj
 0001:00005030       sf_internal_set_sim_state_c1_Lab2a_template 0000000180006030 f   c1_Lab2a_template.obj
 0001:00005460       c1_Lab2a_template_method_dispatcher 0000000180006460 f   c1_Lab2a_template.obj
 0001:000087f0       sf_c2_Lab2a_template_get_eml_resolved_functions_info 00000001800097f0 f   c2_Lab2a_template.obj
 0001:0000ba10       sf_c2_Lab2a_template_get_check_sum 000000018000ca10 f   c2_Lab2a_template.obj
 0001:0000ba90       sf_c2_Lab2a_template_get_autoinheritance_info 000000018000ca90 f   c2_Lab2a_template.obj
 0001:0000c3d0       sf_c2_Lab2a_template_third_party_uses_info 000000018000d3d0 f   c2_Lab2a_template.obj
 0001:0000c400       sf_c2_Lab2a_template_updateBuildInfo_args_info 000000018000d400 f   c2_Lab2a_template.obj
 0001:0000c430       sf_internal_get_sim_state_c2_Lab2a_template 000000018000d430 f   c2_Lab2a_template.obj
 0001:0000c860       sf_internal_set_sim_state_c2_Lab2a_template 000000018000d860 f   c2_Lab2a_template.obj
 0001:0000cc90       c2_Lab2a_template_method_dispatcher 000000018000dc90 f   c2_Lab2a_template.obj
 0001:00010030       sf_c3_Lab2a_template_get_eml_resolved_functions_info 0000000180011030 f   c3_Lab2a_template.obj
 0001:00010870       sf_c3_Lab2a_template_get_check_sum 0000000180011870 f   c3_Lab2a_template.obj
 0001:000108f0       sf_c3_Lab2a_template_get_autoinheritance_info 00000001800118f0 f   c3_Lab2a_template.obj
 0001:00010e60       sf_c3_Lab2a_template_third_party_uses_info 0000000180011e60 f   c3_Lab2a_template.obj
 0001:00010e90       sf_c3_Lab2a_template_updateBuildInfo_args_info 0000000180011e90 f   c3_Lab2a_template.obj
 0001:00010ec0       sf_internal_get_sim_state_c3_Lab2a_template 0000000180011ec0 f   c3_Lab2a_template.obj
 0001:00011460       sf_internal_set_sim_state_c3_Lab2a_template 0000000180012460 f   c3_Lab2a_template.obj
 0001:00011b20       c3_Lab2a_template_method_dispatcher 0000000180012b20 f   c3_Lab2a_template.obj
 0001:00014440       sf_c4_Lab2a_template_get_eml_resolved_functions_info 0000000180015440 f   c4_Lab2a_template.obj
 0001:00017660       sf_c4_Lab2a_template_get_check_sum 0000000180018660 f   c4_Lab2a_template.obj
 0001:000176e0       sf_c4_Lab2a_template_get_autoinheritance_info 00000001800186e0 f   c4_Lab2a_template.obj
 0001:00018020       sf_c4_Lab2a_template_third_party_uses_info 0000000180019020 f   c4_Lab2a_template.obj
 0001:00018050       sf_c4_Lab2a_template_updateBuildInfo_args_info 0000000180019050 f   c4_Lab2a_template.obj
 0001:00018080       sf_internal_get_sim_state_c4_Lab2a_template 0000000180019080 f   c4_Lab2a_template.obj
 0001:000184b0       sf_internal_set_sim_state_c4_Lab2a_template 00000001800194b0 f   c4_Lab2a_template.obj
 0001:000188e0       c4_Lab2a_template_method_dispatcher 00000001800198e0 f   c4_Lab2a_template.obj
 0001:0001bc80       sf_process_check_sum_call  000000018001cc80 f   Lab2a_template_sfun_registry.obj
 0001:0001bcd0       sf_process_testpoint_info_call 000000018001ccd0 f   Lab2a_template_sfun_registry.obj
 0001:0001bd20       sf_process_autoinheritance_call 000000018001cd20 f   Lab2a_template_sfun_registry.obj
 0001:0001bec0       sf_process_get_third_party_uses_info_call 000000018001cec0 f   Lab2a_template_sfun_registry.obj
 0001:0001c060       sf_process_get_updateBuildInfo_args_info_call 000000018001d060 f   Lab2a_template_sfun_registry.obj
 0001:0001c200       sf_process_get_eml_resolved_functions_info_call 000000018001d200 f   Lab2a_template_sfun_registry.obj
 0001:0001c380       sf_mex_unlock_call         000000018001d380 f   Lab2a_template_sfun_registry.obj
 0001:0001c430       sf_machine_global_initializer_called 000000018001d430 f   Lab2a_template_sfun_registry.obj
 0001:0001c460       sf_machine_global_method_dispatcher 000000018001d460 f   Lab2a_template_sfun_registry.obj
 0001:0001c4c0       sf_machine_global_terminator 000000018001d4c0 f   Lab2a_template_sfun_registry.obj
 0001:0001c510       sf_register_machine_exported_symbols 000000018001d510 f   Lab2a_template_sfun_registry.obj
 0001:0001c530       callCustomFcn              000000018001d530 f   Lab2a_template_sfun_registry.obj
 0001:0001c540       sf_machine_global_initializer 000000018001d540 f   Lab2a_template_sfun_registry.obj
 0001:0001c5c0       mdlGetSimState             000000018001d5c0 f   Lab2a_template_sfun_registry.obj
 0001:0001c640       mdlSetSimState             000000018001d640 f   Lab2a_template_sfun_registry.obj
 0001:0001c680       _ssSetStateAbsTol          000000018001d680 f   Lab2a_template_sfun_registry.obj
 0001:0001c760       _ssGetAbsTol               000000018001d760 f   Lab2a_template_sfun_registry.obj
 0001:0001c7d0       _ssSetInputPortMatrixDimensions 000000018001d7d0 f   Lab2a_template_sfun_registry.obj
 0001:0001c8e0       _ssSetOutputPortMatrixDimensions 000000018001d8e0 f   Lab2a_template_sfun_registry.obj
 0001:0001c9f0       _ssSetInputPortVectorDimension 000000018001d9f0 f   Lab2a_template_sfun_registry.obj
 0001:0001cac0       _ssSetOutputPortVectorDimension 000000018001dac0 f   Lab2a_template_sfun_registry.obj
 0001:0001cb90       ssIsRunTimeParamTunable    000000018001db90 f   Lab2a_template_sfun_registry.obj
 0001:0001cc00       ssGetSFuncBlockHandle      000000018001dc00 f   Lab2a_template_sfun_registry.obj
 0001:0001cc70       _ssGetCurrentInputPortWidth 000000018001dc70 f   Lab2a_template_sfun_registry.obj
 0001:0001cd90       _ssGetCurrentOutputPortWidth 000000018001dd90 f   Lab2a_template_sfun_registry.obj
 0001:0001ceb0       _ssGetCallSystemNumFcnCallDestinations 000000018001deb0 f   Lab2a_template_sfun_registry.obj
 0001:0001cf20       ssWarning                  000000018001df20 f   Lab2a_template_sfun_registry.obj
 0001:0001d030       ssGetIsZeroCrossControlDisabled 000000018001e030 f   Lab2a_template_sfun_registry.obj
 0001:0001d0a0       ssSetIsInputPortUsedForContZcSignal 000000018001e0a0 f   Lab2a_template_sfun_registry.obj
 0001:0001d110       ssSetZcSignalIsZcElementDisc 000000018001e110 f   Lab2a_template_sfun_registry.obj
 0001:0001d1c0       ssSetZcSignalName          000000018001e1c0 f   Lab2a_template_sfun_registry.obj
 0001:0001d230       ssSetZcSignalWidth         000000018001e230 f   Lab2a_template_sfun_registry.obj
 0001:0001d2a0       ssSetZcSignalZcEventType   000000018001e2a0 f   Lab2a_template_sfun_registry.obj
 0001:0001d310       ssSetZcSignalType          000000018001e310 f   Lab2a_template_sfun_registry.obj
 0001:0001d380       ssSetZcSignalZcTol         000000018001e380 f   Lab2a_template_sfun_registry.obj
 0001:0001d3f0       ssSetZcSignalNeedsEventNotification 000000018001e3f0 f   Lab2a_template_sfun_registry.obj
 0001:0001d460       ssCreateAndAddZcSignalInfo 000000018001e460 f   Lab2a_template_sfun_registry.obj
 0001:0001d4d0       ssCloneAndAddZcSignalInfo  000000018001e4d0 f   Lab2a_template_sfun_registry.obj
 0001:0001d540       ssGetNumZcSignals          000000018001e540 f   Lab2a_template_sfun_registry.obj
 0001:0001d5b0       ssGetZcSignalVector        000000018001e5b0 f   Lab2a_template_sfun_registry.obj
 0001:0001d620       ssGetZcSignalZcEvents      000000018001e620 f   Lab2a_template_sfun_registry.obj
 0001:0001d690       ssGetZcSignalName          000000018001e690 f   Lab2a_template_sfun_registry.obj
 0001:0001d700       ssGetZcSignalWidth         000000018001e700 f   Lab2a_template_sfun_registry.obj
 0001:0001d770       ssGetZcSignalZcEventType   000000018001e770 f   Lab2a_template_sfun_registry.obj
 0001:0001d7e0       ssGetZcSignalType          000000018001e7e0 f   Lab2a_template_sfun_registry.obj
 0001:0001d850       ssGetZcSignalZcTol         000000018001e850 f   Lab2a_template_sfun_registry.obj
 0001:0001d8d0       ssGetZcSignalNeedsEventNotification 000000018001e8d0 f   Lab2a_template_sfun_registry.obj
 0001:0001d940       ssGetZcSignalIsZcElementDisc 000000018001e940 f   Lab2a_template_sfun_registry.obj
 0001:0001d9e0       ssGetIsInputPortElementContinuous 000000018001e9e0 f   Lab2a_template_sfun_registry.obj
 0001:0001da80       _ssGetInputPortSignalPtrsFcn 000000018001ea80 f   Lab2a_template_sfun_registry.obj
 0001:0001dd40       _ssGetInputPortSignalFcn   000000018001ed40 f   Lab2a_template_sfun_registry.obj
 0001:0001df60       _ssSetInputPortDirectFeedThroughFcn 000000018001ef60 f   Lab2a_template_sfun_registry.obj
 0001:0001e0c0       _ssSetInputPortReusableFcn 000000018001f0c0 f   Lab2a_template_sfun_registry.obj
 0001:0001e1b0       _ssSetOutputPortReusableFcn 000000018001f1b0 f   Lab2a_template_sfun_registry.obj
 0001:0001e290       ssGetDTypeIdFromMxArray    000000018001f290 f   Lab2a_template_sfun_registry.obj
 0001:0001e3b0       ssWriteRTWStr              000000018001f3b0 f   Lab2a_template_sfun_registry.obj
 0001:0001e410       ssWriteRTWMxVectParam      000000018001f410 f   Lab2a_template_sfun_registry.obj
 0001:0001e470       ssWriteRTWMx2dMatParam     000000018001f470 f   Lab2a_template_sfun_registry.obj
 0001:0001e4f0       ssWriteRTWNameValuePair    000000018001f4f0 f   Lab2a_template_sfun_registry.obj
 0001:0001e9e0       ssWriteRTWParameters       000000018001f9e0 f   Lab2a_template_sfun_registry.obj
 0001:0001efe0       ssWriteRTWParamSettings    000000018001ffe0 f   Lab2a_template_sfun_registry.obj
 0001:0001f6b0       ssWriteRTWWorkVect         00000001800206b0 f   Lab2a_template_sfun_registry.obj
 0001:0001fbb0       mexFunction                0000000180020bb0 f   Lab2a_template_sfun_registry.obj
 0001:00022060       ProcessMexSfunctionEveryCall 0000000180023060 f   Lab2a_template_sfun_registry.obj
 0001:000221e2       sf_debug_set_machine_data_thresholds 00000001800231e2 f   sf_runtime:sf_runtime.dll
 0001:000221e8       sf_debug_set_machine_event_thresholds 00000001800231e8 f   sf_runtime:sf_runtime.dll
 0001:000221ee       sf_debug_initialize_machine 00000001800231ee f   sf_runtime:sf_runtime.dll
 0001:000221f4       sf_load_rtw_optimization_info 00000001800231f4 f   sf_runtime:sf_runtime.dll
 0001:000221fa       sf_mex_emlrtNameCapturePostProcessR2012a 00000001800231fa f   sf_runtime:sf_runtime.dll
 0001:00022200       sf_mex_assign              0000000180023200 f   sf_runtime:sf_runtime.dll
 0001:00022206       sf_mex_createstruct        0000000180023206 f   sf_runtime:sf_runtime.dll
 0001:0002220c       sf_mex_destroy             000000018002320c f   sf_runtime:sf_runtime.dll
 0001:00022212       sf_mex_duplicatearraysafe  0000000180023212 f   sf_runtime:sf_runtime.dll
 0001:00022218       sf_mex_createcellmatrix    0000000180023218 f   sf_runtime:sf_runtime.dll
 0001:0002221e       sf_mex_addfield            000000018002321e f   sf_runtime:sf_runtime.dll
 0001:00022224       sf_mex_create              0000000180023224 f   sf_runtime:sf_runtime.dll
 0001:0002222a       sf_mex_error_message       000000018002322a f   sf_runtime:sf_runtime.dll
 0001:00022230       sf_mex_call_matlab         0000000180023230 f   sf_runtime:sf_runtime.dll
 0001:00022236       sf_mex_setcell             0000000180023236 f   sf_runtime:sf_runtime.dll
 0001:0002223c       sf_mex_decode_encoded_mx_struct_array 000000018002323c f   sf_runtime:sf_runtime.dll
 0001:00022242       sf_mex_getcell             0000000180023242 f   sf_runtime:sf_runtime.dll
 0001:00022248       sf_mex_dup                 0000000180023248 f   sf_runtime:sf_runtime.dll
 0001:0002224e       sf_mex_import              000000018002324e f   sf_runtime:sf_runtime.dll
 0001:00022254       sf_set_rtw_dwork_info      0000000180023254 f   sf_runtime:sf_runtime.dll
 0001:0002225a       sf_mark_chart_reusable_outputs 000000018002325a f   sf_runtime:sf_runtime.dll
 0001:00022260       sf_mark_chart_expressionable_inputs 0000000180023260 f   sf_runtime:sf_runtime.dll
 0001:00022266       sf_update_buildInfo        0000000180023266 f   sf_runtime:sf_runtime.dll
 0001:0002226c       sf_rtw_info_uint_prop      000000018002326c f   sf_runtime:sf_runtime.dll
 0001:00022272       sf_is_chart_inlinable      0000000180023272 f   sf_runtime:sf_runtime.dll
 0001:00022278       sim_mode_is_external       0000000180023278 f   sf_runtime:sf_runtime.dll
 0001:0002227e       sim_mode_is_rtw_gen        000000018002327e f   sf_runtime:sf_runtime.dll
 0001:00022284       sf_debug_reset_current_state_configuration 0000000180023284 f   sf_runtime:sf_runtime.dll
 0001:0002228a       sf_debug_set_instance_data_value_ptr 000000018002328a f   sf_runtime:sf_runtime.dll
 0001:00022290       sf_debug_set_chart_data_compiled_props 0000000180023290 f   sf_runtime:sf_runtime.dll
 0001:00022296       cv_eml_init_if             0000000180023296 f   sf_runtime:sf_runtime.dll
 0001:0002229c       cv_eml_init_fcn            000000018002329c f   sf_runtime:sf_runtime.dll
 0001:000222a2       cv_eml_init_script         00000001800232a2 f   sf_runtime:sf_runtime.dll
 0001:000222a8       sf_debug_cv_init_trans     00000001800232a8 f   sf_runtime:sf_runtime.dll
 0001:000222ae       sf_debug_cv_init_state     00000001800232ae f   sf_runtime:sf_runtime.dll
 0001:000222b4       sf_debug_cv_init_chart     00000001800232b4 f   sf_runtime:sf_runtime.dll
 0001:000222ba       sf_debug_set_chart_decomposition 00000001800232ba f   sf_runtime:sf_runtime.dll
 0001:000222c0       sf_debug_set_chart_substate_count 00000001800232c0 f   sf_runtime:sf_runtime.dll
 0001:000222c6       sf_debug_set_chart_state_info 00000001800232c6 f   sf_runtime:sf_runtime.dll
 0001:000222cc       sf_debug_set_chart_data_props 00000001800232cc f   sf_runtime:sf_runtime.dll
 0001:000222d2       sf_debug_set_chart_event_thresholds 00000001800232d2 f   sf_runtime:sf_runtime.dll
 0001:000222d8       sf_debug_set_chart_disable_implicit_casting 00000001800232d8 f   sf_runtime:sf_runtime.dll
 0001:000222de       sf_debug_initialize_chart  00000001800232de f   sf_runtime:sf_runtime.dll
 0001:000222e4       sf_get_time                00000001800232e4 f   sf_runtime:sf_runtime.dll
 0001:000222ea       sf_debug_check_for_state_inconsistency 00000001800232ea f   sf_runtime:sf_runtime.dll
 0001:000222f0       sf_debug_symbol_scope_pop  00000001800232f0 f   sf_runtime:sf_runtime.dll
 0001:000222f6       sf_debug_eml_data_array_bounds_error_check 00000001800232f6 f   sf_runtime:sf_runtime.dll
 0001:000222fc       sf_debug_integer_check     00000001800232fc f   sf_runtime:sf_runtime.dll
 0001:00022302       eml_debug_line_call        0000000180023302 f   sf_runtime:sf_runtime.dll
 0001:00022308       cv_eml_eval                0000000180023308 f   sf_runtime:sf_runtime.dll
 0001:0002230e       sf_debug_symbol_scope_add_eml 000000018002330e f   sf_runtime:sf_runtime.dll
 0001:00022314       sf_debug_symbol_scope_add_eml_importable 0000000180023314 f   sf_runtime:sf_runtime.dll
 0001:0002231a       sf_debug_symbol_scope_push_eml 000000018002331a f   sf_runtime:sf_runtime.dll
 0001:00022320       sf_debug_data_range_wrapper 0000000180023320 f   sf_runtime:sf_runtime.dll
 0001:00022326       sf_debug_call              0000000180023326 f   sf_runtime:sf_runtime.dll
 0001:0002232c       sf_debug_symbol_scope_push 000000018002332c f   sf_runtime:sf_runtime.dll
 0001:00022332       sf_clear_rtw_identifier    0000000180023332 f   sf_runtime:sf_runtime.dll
 0001:00022338       sf_debug_terminate         0000000180023338 f   sf_runtime:sf_runtime.dll
 0001:0002233e       sf_debug_create_debug_instance_struct 000000018002333e f   sf_runtime:sf_runtime.dll
 0001:00022344       sf_debug_api               0000000180023344 f   sf_runtime:sf_runtime.dll
 0001:0002234a       callMdlMethodAndReportError 000000018002334a f   sf_runtime:sf_runtime.dll
 0001:00022350       call_sf_machine_global_method_dispatcher 0000000180023350 f   sf_runtime:sf_runtime.dll
 0001:00022356       sf_clear_error_manager_info 0000000180023356 f   sf_runtime:sf_runtime.dll
 0001:0002235c       sf_mex_error_direct_call   000000018002335c f   sf_runtime:sf_runtime.dll
 0001:00022362       mxCreateDoubleMatrix_730   0000000180023362 f   libmx:libmx.dll
 0001:00022368       mxGetScalar                0000000180023368 f   libmx:libmx.dll
 0001:0002236e       mxGetString_730            000000018002336e f   libmx:libmx.dll
 0001:00022374       mxIsChar                   0000000180023374 f   libmx:libmx.dll
 0001:0002237a       mxGetPr                    000000018002337a f   libmx:libmx.dll
 0001:00022380       mxDestroyArray             0000000180023380 f   libmx:libmx.dll
 0001:00022386       mxDuplicateArray           0000000180023386 f   libmx:libmx.dll
 0001:0002238c       mxCreateDoubleScalar       000000018002338c f   libmx:libmx.dll
 0001:00022392       mxSetField_730             0000000180023392 f   libmx:libmx.dll
 0001:00022398       mxCreateString             0000000180023398 f   libmx:libmx.dll
 0001:0002239e       mxCreateStructMatrix_730   000000018002339e f   libmx:libmx.dll
 0001:000223a4       mxCreateCellMatrix_730     00000001800233a4 f   libmx:libmx.dll
 0001:000223aa       mxIsEmpty                  00000001800233aa f   libmx:libmx.dll
 0001:000223b0       mxGetClassID               00000001800233b0 f   libmx:libmx.dll
 0001:000223b6       mxIsNumeric                00000001800233b6 f   libmx:libmx.dll
 0001:000223bc       mxIsComplex                00000001800233bc f   libmx:libmx.dll
 0001:000223c2       mxGetN                     00000001800233c2 f   libmx:libmx.dll
 0001:000223c8       mxGetM                     00000001800233c8 f   libmx:libmx.dll
 0001:000223ce       mxCalloc                   00000001800233ce f   libmx:libmx.dll
 0001:000223d4       mexMakeArrayPersistent     00000001800233d4 f   libmex:libmex.dll
 0001:000223da       mexUnlock                  00000001800233da f   libmex:libmex.dll
 0001:000223e0       mexIsLocked                00000001800233e0 f   libmex:libmex.dll
 0001:000223e6       mexWarnMsgTxt              00000001800233e6 f   libmex:libmex.dll
 0001:000223ec       mexCallMATLAB              00000001800233ec f   libmex:libmex.dll
 0001:000223f2       mexErrMsgTxt               00000001800233f2 f   libmex:libmex.dll
 0001:000223f8       mexLock                    00000001800233f8 f   libmex:libmex.dll
 0001:000223fe       utMalloc                   00000001800233fe f   libut:libut.dll
 0001:00022404       utFree                     0000000180023404 f   libut:libut.dll
 0001:0002240a       muDoubleScalarFloor        000000018002340a f   libmwmathutil:libmwmathutil.dll
 0001:00022410       muDoubleScalarMax          0000000180023410 f   libmwmathutil:libmwmathutil.dll
 0001:00022416       muDoubleScalarAbs          0000000180023416 f   libmwmathutil:libmwmathutil.dll
 0001:0002241c       __GSHandlerCheckCommon     000000018002341c f   MSVCRT:gshandler.obj
 0001:00022480       __GSHandlerCheck           0000000180023480 f   MSVCRT:gshandler.obj
 0001:0002249e       strcmp                     000000018002349e f   MSVCRT:MSVCR100.dll
 0001:000224c0       __security_check_cookie    00000001800234c0 f   MSVCRT:amdsecgs.obj
 0001:000224e0       strlen                     00000001800234e0 f   MSVCRT:MSVCR100.dll
 0001:000224e6       memset                     00000001800234e6 f   MSVCRT:MSVCR100.dll
 0001:000224ec       free                       00000001800234ec f   MSVCRT:MSVCR100.dll
 0001:000224f2       sprintf                    00000001800234f2 f   MSVCRT:MSVCR100.dll
 0001:000224f8       malloc                     00000001800234f8 f   MSVCRT:MSVCR100.dll
 0001:000224fe       strcat                     00000001800234fe f   MSVCRT:MSVCR100.dll
 0001:00022504       memcpy                     0000000180023504 f   MSVCRT:MSVCR100.dll
 0001:0002250c       NtCurrentTeb               000000018002350c f i MSVCRT:crtdll.obj
 0001:00022578       _CRT_INIT                  0000000180023578 f   MSVCRT:crtdll.obj
 0001:00022910       _DllMainCRTStartup         0000000180023910 f   MSVCRT:crtdll.obj
 0001:00022950       __report_gsfailure         0000000180023950 f   MSVCRT:gs_report.obj
 0001:00022a9c       __clean_type_info_names    0000000180023a9c f   MSVCRT:tncleanup.obj
 0001:00022aa8       _onexit                    0000000180023aa8 f   MSVCRT:atonexit.obj
 0001:00022b58       atexit                     0000000180023b58 f   MSVCRT:atonexit.obj
 0001:00022b70       _RTC_Initialize            0000000180023b70 f   MSVCRT:_initsect_.obj
 0001:00022ba8       _RTC_Terminate             0000000180023ba8 f   MSVCRT:_initsect_.obj
 0001:00022be0       _malloc_crt                0000000180023be0 f   MSVCRT:MSVCR100.dll
 0001:00022bf0       _ValidateImageBase         0000000180023bf0 f   MSVCRT:pesect.obj
 0001:00022c20       _FindPESection             0000000180023c20 f   MSVCRT:pesect.obj
 0001:00022c70       _IsNonwritableInCurrentImage 0000000180023c70 f   MSVCRT:pesect.obj
 0001:00022cb2       _initterm                  0000000180023cb2 f   MSVCRT:MSVCR100.dll
 0001:00022cb8       _initterm_e                0000000180023cb8 f   MSVCRT:MSVCR100.dll
 0001:00022cbe       _encoded_null              0000000180023cbe f   MSVCRT:MSVCR100.dll
 0001:00022cc4       _amsg_exit                 0000000180023cc4 f   MSVCRT:MSVCR100.dll
 0001:00022cca       __C_specific_handler       0000000180023cca f   MSVCRT:MSVCR100.dll
 0001:00022cd0       __CppXcptFilter            0000000180023cd0 f   MSVCRT:MSVCR100.dll
 0001:00022cd8       DllMain                    0000000180023cd8 f   MSVCRT:dllmain.obj
 0001:00022cfc       __security_init_cookie     0000000180023cfc f   MSVCRT:gs_support.obj
 0001:00022db0       __crt_debugger_hook        0000000180023db0 f   MSVCRT:MSVCR100.dll
 0001:00022db6       __clean_type_info_names_internal 0000000180023db6 f   MSVCRT:MSVCR100.dll
 0001:00022dbc       _unlock                    0000000180023dbc f   MSVCRT:MSVCR100.dll
 0001:00022dc2       __dllonexit                0000000180023dc2 f   MSVCRT:MSVCR100.dll
 0001:00022dc8       _lock                      0000000180023dc8 f   MSVCRT:MSVCR100.dll
 0001:00022dce       EncodePointer              0000000180023dce f   kernel32:KERNEL32.dll
 0001:00022dd4       DecodePointer              0000000180023dd4 f   kernel32:KERNEL32.dll
 0001:00022dda       Sleep                      0000000180023dda f   kernel32:KERNEL32.dll
 0001:00022de0       TerminateProcess           0000000180023de0 f   kernel32:KERNEL32.dll
 0001:00022de6       GetCurrentProcess          0000000180023de6 f   kernel32:KERNEL32.dll
 0001:00022dec       UnhandledExceptionFilter   0000000180023dec f   kernel32:KERNEL32.dll
 0001:00022df2       SetUnhandledExceptionFilter 0000000180023df2 f   kernel32:KERNEL32.dll
 0001:00022df8       IsDebuggerPresent          0000000180023df8 f   kernel32:KERNEL32.dll
 0001:00022dfe       RtlVirtualUnwind           0000000180023dfe f   kernel32:KERNEL32.dll
 0001:00022e04       RtlLookupFunctionEntry     0000000180023e04 f   kernel32:KERNEL32.dll
 0001:00022e0a       RtlCaptureContext          0000000180023e0a f   kernel32:KERNEL32.dll
 0001:00022e10       DisableThreadLibraryCalls  0000000180023e10 f   kernel32:KERNEL32.dll
 0001:00022e16       QueryPerformanceCounter    0000000180023e16 f   kernel32:KERNEL32.dll
 0001:00022e1c       GetTickCount               0000000180023e1c f   kernel32:KERNEL32.dll
 0001:00022e22       GetCurrentThreadId         0000000180023e22 f   kernel32:KERNEL32.dll
 0001:00022e28       GetCurrentProcessId        0000000180023e28 f   kernel32:KERNEL32.dll
 0001:00022e2e       GetSystemTimeAsFileTime    0000000180023e2e f   kernel32:KERNEL32.dll
 0002:00000000       __imp_GetSystemTimeAsFileTime 0000000180024000     kernel32:KERNEL32.dll
 0002:00000008       __imp_GetCurrentProcessId  0000000180024008     kernel32:KERNEL32.dll
 0002:00000010       __imp_GetCurrentThreadId   0000000180024010     kernel32:KERNEL32.dll
 0002:00000018       __imp_GetTickCount         0000000180024018     kernel32:KERNEL32.dll
 0002:00000020       __imp_QueryPerformanceCounter 0000000180024020     kernel32:KERNEL32.dll
 0002:00000028       __imp_DisableThreadLibraryCalls 0000000180024028     kernel32:KERNEL32.dll
 0002:00000030       __imp_RtlCaptureContext    0000000180024030     kernel32:KERNEL32.dll
 0002:00000038       __imp_RtlLookupFunctionEntry 0000000180024038     kernel32:KERNEL32.dll
 0002:00000040       __imp_RtlVirtualUnwind     0000000180024040     kernel32:KERNEL32.dll
 0002:00000048       __imp_IsDebuggerPresent    0000000180024048     kernel32:KERNEL32.dll
 0002:00000050       __imp_SetUnhandledExceptionFilter 0000000180024050     kernel32:KERNEL32.dll
 0002:00000058       __imp_UnhandledExceptionFilter 0000000180024058     kernel32:KERNEL32.dll
 0002:00000060       __imp_GetCurrentProcess    0000000180024060     kernel32:KERNEL32.dll
 0002:00000068       __imp_TerminateProcess     0000000180024068     kernel32:KERNEL32.dll
 0002:00000070       __imp_Sleep                0000000180024070     kernel32:KERNEL32.dll
 0002:00000078       __imp_DecodePointer        0000000180024078     kernel32:KERNEL32.dll
 0002:00000080       __imp_EncodePointer        0000000180024080     kernel32:KERNEL32.dll
 0002:00000088       \177KERNEL32_NULL_THUNK_DATA 0000000180024088     kernel32:KERNEL32.dll
 0002:00000090       __imp__onexit              0000000180024090     MSVCRT:MSVCR100.dll
 0002:00000098       __imp__lock                0000000180024098     MSVCRT:MSVCR100.dll
 0002:000000a0       __imp___dllonexit          00000001800240a0     MSVCRT:MSVCR100.dll
 0002:000000a8       __imp__unlock              00000001800240a8     MSVCRT:MSVCR100.dll
 0002:000000b0       __imp___clean_type_info_names_internal 00000001800240b0     MSVCRT:MSVCR100.dll
 0002:000000b8       __imp___crt_debugger_hook  00000001800240b8     MSVCRT:MSVCR100.dll
 0002:000000c0       __imp___CppXcptFilter      00000001800240c0     MSVCRT:MSVCR100.dll
 0002:000000c8       __imp___C_specific_handler 00000001800240c8     MSVCRT:MSVCR100.dll
 0002:000000d0       __imp__amsg_exit           00000001800240d0     MSVCRT:MSVCR100.dll
 0002:000000d8       __imp__encoded_null        00000001800240d8     MSVCRT:MSVCR100.dll
 0002:000000e0       __imp__initterm_e          00000001800240e0     MSVCRT:MSVCR100.dll
 0002:000000e8       __imp__initterm            00000001800240e8     MSVCRT:MSVCR100.dll
 0002:000000f0       __imp__malloc_crt          00000001800240f0     MSVCRT:MSVCR100.dll
 0002:000000f8       __imp_memcpy               00000001800240f8     MSVCRT:MSVCR100.dll
 0002:00000100       __imp_strcat               0000000180024100     MSVCRT:MSVCR100.dll
 0002:00000108       __imp_malloc               0000000180024108     MSVCRT:MSVCR100.dll
 0002:00000110       __imp_sprintf              0000000180024110     MSVCRT:MSVCR100.dll
 0002:00000118       __imp_free                 0000000180024118     MSVCRT:MSVCR100.dll
 0002:00000120       __imp_memset               0000000180024120     MSVCRT:MSVCR100.dll
 0002:00000128       __imp_strlen               0000000180024128     MSVCRT:MSVCR100.dll
 0002:00000130       __imp_strcmp               0000000180024130     MSVCRT:MSVCR100.dll
 0002:00000138       \177MSVCR100_NULL_THUNK_DATA 0000000180024138     MSVCRT:MSVCR100.dll
 0002:00000140       __imp_mexErrMsgTxt         0000000180024140     libmex:libmex.dll
 0002:00000148       __imp_mexUnlock            0000000180024148     libmex:libmex.dll
 0002:00000150       __imp_mexIsLocked          0000000180024150     libmex:libmex.dll
 0002:00000158       __imp_mexWarnMsgTxt        0000000180024158     libmex:libmex.dll
 0002:00000160       __imp_mexLock              0000000180024160     libmex:libmex.dll
 0002:00000168       __imp_mexMakeArrayPersistent 0000000180024168     libmex:libmex.dll
 0002:00000170       __imp_mexCallMATLAB        0000000180024170     libmex:libmex.dll
 0002:00000178       \177libmex_NULL_THUNK_DATA 0000000180024178     libmex:libmex.dll
 0002:00000180       __imp_muDoubleScalarMax    0000000180024180     libmwmathutil:libmwmathutil.dll
 0002:00000188       __imp_muDoubleScalarAbs    0000000180024188     libmwmathutil:libmwmathutil.dll
 0002:00000190       __imp_muDoubleScalarFloor  0000000180024190     libmwmathutil:libmwmathutil.dll
 0002:00000198       \177libmwmathutil_NULL_THUNK_DATA 0000000180024198     libmwmathutil:libmwmathutil.dll
 0002:000001a0       __imp_mxCalloc             00000001800241a0     libmx:libmx.dll
 0002:000001a8       __imp_mxGetM               00000001800241a8     libmx:libmx.dll
 0002:000001b0       __imp_mxGetN               00000001800241b0     libmx:libmx.dll
 0002:000001b8       __imp_mxIsComplex          00000001800241b8     libmx:libmx.dll
 0002:000001c0       __imp_mxIsNumeric          00000001800241c0     libmx:libmx.dll
 0002:000001c8       __imp_mxGetClassID         00000001800241c8     libmx:libmx.dll
 0002:000001d0       __imp_mxIsEmpty            00000001800241d0     libmx:libmx.dll
 0002:000001d8       __imp_mxCreateCellMatrix_730 00000001800241d8     libmx:libmx.dll
 0002:000001e0       __imp_mxCreateStructMatrix_730 00000001800241e0     libmx:libmx.dll
 0002:000001e8       __imp_mxCreateString       00000001800241e8     libmx:libmx.dll
 0002:000001f0       __imp_mxSetField_730       00000001800241f0     libmx:libmx.dll
 0002:000001f8       __imp_mxCreateDoubleScalar 00000001800241f8     libmx:libmx.dll
 0002:00000200       __imp_mxCreateDoubleMatrix_730 0000000180024200     libmx:libmx.dll
 0002:00000208       __imp_mxGetScalar          0000000180024208     libmx:libmx.dll
 0002:00000210       __imp_mxGetString_730      0000000180024210     libmx:libmx.dll
 0002:00000218       __imp_mxIsChar             0000000180024218     libmx:libmx.dll
 0002:00000220       __imp_mxGetPr              0000000180024220     libmx:libmx.dll
 0002:00000228       __imp_mxDestroyArray       0000000180024228     libmx:libmx.dll
 0002:00000230       __imp_mxDuplicateArray     0000000180024230     libmx:libmx.dll
 0002:00000238       \177libmx_NULL_THUNK_DATA  0000000180024238     libmx:libmx.dll
 0002:00000240       __imp_utMalloc             0000000180024240     libut:libut.dll
 0002:00000248       __imp_utFree               0000000180024248     libut:libut.dll
 0002:00000250       \177libut_NULL_THUNK_DATA  0000000180024250     libut:libut.dll
 0002:00000258       __imp_call_sf_machine_global_method_dispatcher 0000000180024258     sf_runtime:sf_runtime.dll
 0002:00000260       __imp_callMdlMethodAndReportError 0000000180024260     sf_runtime:sf_runtime.dll
 0002:00000268       __imp_sf_debug_api         0000000180024268     sf_runtime:sf_runtime.dll
 0002:00000270       __imp_sf_debug_create_debug_instance_struct 0000000180024270     sf_runtime:sf_runtime.dll
 0002:00000278       __imp_sf_debug_terminate   0000000180024278     sf_runtime:sf_runtime.dll
 0002:00000280       __imp_sf_clear_rtw_identifier 0000000180024280     sf_runtime:sf_runtime.dll
 0002:00000288       __imp_sf_debug_symbol_scope_push 0000000180024288     sf_runtime:sf_runtime.dll
 0002:00000290       __imp_sf_debug_call        0000000180024290     sf_runtime:sf_runtime.dll
 0002:00000298       __imp_sf_clear_error_manager_info 0000000180024298     sf_runtime:sf_runtime.dll
 0002:000002a0       __imp_sf_debug_symbol_scope_push_eml 00000001800242a0     sf_runtime:sf_runtime.dll
 0002:000002a8       __imp_sf_debug_symbol_scope_add_eml_importable 00000001800242a8     sf_runtime:sf_runtime.dll
 0002:000002b0       __imp_sf_debug_symbol_scope_add_eml 00000001800242b0     sf_runtime:sf_runtime.dll
 0002:000002b8       __imp_cv_eml_eval          00000001800242b8     sf_runtime:sf_runtime.dll
 0002:000002c0       __imp_eml_debug_line_call  00000001800242c0     sf_runtime:sf_runtime.dll
 0002:000002c8       __imp_sf_debug_integer_check 00000001800242c8     sf_runtime:sf_runtime.dll
 0002:000002d0       __imp_sf_debug_eml_data_array_bounds_error_check 00000001800242d0     sf_runtime:sf_runtime.dll
 0002:000002d8       __imp_sf_debug_symbol_scope_pop 00000001800242d8     sf_runtime:sf_runtime.dll
 0002:000002e0       __imp_sf_debug_check_for_state_inconsistency 00000001800242e0     sf_runtime:sf_runtime.dll
 0002:000002e8       __imp_sf_mex_error_direct_call 00000001800242e8     sf_runtime:sf_runtime.dll
 0002:000002f0       __imp_sf_debug_data_range_wrapper 00000001800242f0     sf_runtime:sf_runtime.dll
 0002:000002f8       __imp_sf_get_time          00000001800242f8     sf_runtime:sf_runtime.dll
 0002:00000300       __imp_sf_debug_initialize_chart 0000000180024300     sf_runtime:sf_runtime.dll
 0002:00000308       __imp_sf_debug_set_chart_disable_implicit_casting 0000000180024308     sf_runtime:sf_runtime.dll
 0002:00000310       __imp_sf_debug_set_chart_event_thresholds 0000000180024310     sf_runtime:sf_runtime.dll
 0002:00000318       __imp_sf_debug_set_chart_data_props 0000000180024318     sf_runtime:sf_runtime.dll
 0002:00000320       __imp_sf_debug_set_chart_state_info 0000000180024320     sf_runtime:sf_runtime.dll
 0002:00000328       __imp_sf_debug_set_chart_substate_count 0000000180024328     sf_runtime:sf_runtime.dll
 0002:00000330       __imp_sf_debug_set_chart_decomposition 0000000180024330     sf_runtime:sf_runtime.dll
 0002:00000338       __imp_sf_debug_cv_init_chart 0000000180024338     sf_runtime:sf_runtime.dll
 0002:00000340       __imp_sf_debug_cv_init_state 0000000180024340     sf_runtime:sf_runtime.dll
 0002:00000348       __imp_sf_debug_cv_init_trans 0000000180024348     sf_runtime:sf_runtime.dll
 0002:00000350       __imp_cv_eml_init_script   0000000180024350     sf_runtime:sf_runtime.dll
 0002:00000358       __imp_cv_eml_init_fcn      0000000180024358     sf_runtime:sf_runtime.dll
 0002:00000360       __imp_cv_eml_init_if       0000000180024360     sf_runtime:sf_runtime.dll
 0002:00000368       __imp_sf_debug_set_chart_data_compiled_props 0000000180024368     sf_runtime:sf_runtime.dll
 0002:00000370       __imp_sf_debug_set_instance_data_value_ptr 0000000180024370     sf_runtime:sf_runtime.dll
 0002:00000378       __imp_sf_debug_reset_current_state_configuration 0000000180024378     sf_runtime:sf_runtime.dll
 0002:00000380       __imp_sim_mode_is_rtw_gen  0000000180024380     sf_runtime:sf_runtime.dll
 0002:00000388       __imp_sim_mode_is_external 0000000180024388     sf_runtime:sf_runtime.dll
 0002:00000390       __imp_sf_is_chart_inlinable 0000000180024390     sf_runtime:sf_runtime.dll
 0002:00000398       __imp_sf_rtw_info_uint_prop 0000000180024398     sf_runtime:sf_runtime.dll
 0002:000003a0       __imp_sf_update_buildInfo  00000001800243a0     sf_runtime:sf_runtime.dll
 0002:000003a8       __imp_sf_mark_chart_expressionable_inputs 00000001800243a8     sf_runtime:sf_runtime.dll
 0002:000003b0       __imp_sf_mark_chart_reusable_outputs 00000001800243b0     sf_runtime:sf_runtime.dll
 0002:000003b8       __imp_sf_set_rtw_dwork_info 00000001800243b8     sf_runtime:sf_runtime.dll
 0002:000003c0       __imp_sf_mex_import        00000001800243c0     sf_runtime:sf_runtime.dll
 0002:000003c8       __imp_sf_mex_dup           00000001800243c8     sf_runtime:sf_runtime.dll
 0002:000003d0       __imp_sf_mex_getcell       00000001800243d0     sf_runtime:sf_runtime.dll
 0002:000003d8       __imp_sf_mex_decode_encoded_mx_struct_array 00000001800243d8     sf_runtime:sf_runtime.dll
 0002:000003e0       __imp_sf_mex_setcell       00000001800243e0     sf_runtime:sf_runtime.dll
 0002:000003e8       __imp_sf_mex_call_matlab   00000001800243e8     sf_runtime:sf_runtime.dll
 0002:000003f0       __imp_sf_mex_error_message 00000001800243f0     sf_runtime:sf_runtime.dll
 0002:000003f8       __imp_sf_mex_create        00000001800243f8     sf_runtime:sf_runtime.dll
 0002:00000400       __imp_sf_mex_addfield      0000000180024400     sf_runtime:sf_runtime.dll
 0002:00000408       __imp_sf_mex_createcellmatrix 0000000180024408     sf_runtime:sf_runtime.dll
 0002:00000410       __imp_sf_mex_duplicatearraysafe 0000000180024410     sf_runtime:sf_runtime.dll
 0002:00000418       __imp_sf_mex_destroy       0000000180024418     sf_runtime:sf_runtime.dll
 0002:00000420       __imp_sf_mex_createstruct  0000000180024420     sf_runtime:sf_runtime.dll
 0002:00000428       __imp_sf_mex_assign        0000000180024428     sf_runtime:sf_runtime.dll
 0002:00000430       __imp_sf_mex_emlrtNameCapturePostProcessR2012a 0000000180024430     sf_runtime:sf_runtime.dll
 0002:00000438       __imp_sf_load_rtw_optimization_info 0000000180024438     sf_runtime:sf_runtime.dll
 0002:00000440       __imp_sf_debug_initialize_machine 0000000180024440     sf_runtime:sf_runtime.dll
 0002:00000448       __imp_sf_debug_set_machine_event_thresholds 0000000180024448     sf_runtime:sf_runtime.dll
 0002:00000450       __imp_sf_debug_set_machine_data_thresholds 0000000180024450     sf_runtime:sf_runtime.dll
 0002:00000458       \177sf_runtime_NULL_THUNK_DATA 0000000180024458     sf_runtime:sf_runtime.dll
 0002:00000460       __xc_a                     0000000180024460     MSVCRT:cinitexe.obj
 0002:00000468       __xc_z                     0000000180024468     MSVCRT:cinitexe.obj
 0002:00000470       __xi_a                     0000000180024470     MSVCRT:cinitexe.obj
 0002:00000480       __xi_z                     0000000180024480     MSVCRT:cinitexe.obj
 0002:00000490       __real@41eedd4f35200000    0000000180024490     Lab2a_template_sfun.obj
 0002:00000498       __real@41b65f7fa4000000    0000000180024498     Lab2a_template_sfun.obj
 0002:000004a0       __real@41e81c0e0f400000    00000001800244a0     Lab2a_template_sfun.obj
 0002:000004a8       __real@41e698f14f000000    00000001800244a8     Lab2a_template_sfun.obj
 0002:000004b0       __real@41ad4b2baa000000    00000001800244b0     Lab2a_template_sfun.obj
 0002:000004b8       __real@41e4f54984000000    00000001800244b8     Lab2a_template_sfun.obj
 0002:000004c0       __real@41e2ce78c3a00000    00000001800244c0     Lab2a_template_sfun.obj
 0002:000004c8       __real@41e6fa90b7000000    00000001800244c8     Lab2a_template_sfun.obj
 0002:000004d0       __real@41e3378e24400000    00000001800244d0     Lab2a_template_sfun.obj
 0002:000004d8       __real@41e43e895c400000    00000001800244d8     Lab2a_template_sfun.obj
 0002:000004e0       __real@41a61dd2a0000000    00000001800244e0     Lab2a_template_sfun.obj
 0002:000004e8       __real@41ca388d4e800000    00000001800244e8     Lab2a_template_sfun.obj
 0002:000004f0       __real@41bb720b24000000    00000001800244f0     Lab2a_template_sfun.obj
 0002:000004f8       __real@41e9496d87a00000    00000001800244f8     Lab2a_template_sfun.obj
 0002:00000500       __real@41e4fb7f88600000    0000000180024500     Lab2a_template_sfun.obj
 0002:00000508       __real@41e0828afae00000    0000000180024508     Lab2a_template_sfun.obj
 0002:00000510       __real@41cb3a6504800000    0000000180024510     c1_Lab2a_template.obj
 0002:00000518       __real@41e1e61d3fe00000    0000000180024518     c1_Lab2a_template.obj
 0002:00000520       __real@41bda2ba71000000    0000000180024520     c1_Lab2a_template.obj
 0002:00000528       __real@41ed43d623400000    0000000180024528     c1_Lab2a_template.obj
 0002:00000530       __real@4024000000000000    0000000180024530     c1_Lab2a_template.obj
 0002:00000538       __real@3ff0000000000000    0000000180024538     c1_Lab2a_template.obj
 0002:00000540       __real@4059400000000000    0000000180024540     c1_Lab2a_template.obj
 0002:00000548       __real@4000000000000000    0000000180024548     c1_Lab2a_template.obj
 0002:00000550       __real@4010000000000000    0000000180024550     c1_Lab2a_template.obj
 0002:00000558       __real@41e3387ab6600000    0000000180024558     c3_Lab2a_template.obj
 0002:00000560       __real@41ebf6af63600000    0000000180024560     c3_Lab2a_template.obj
 0002:00000568       __real@41ee1c24d7400000    0000000180024568     c3_Lab2a_template.obj
 0002:00000570       __real@41e313f6dc200000    0000000180024570     c3_Lab2a_template.obj
 0002:00000578       __real@0000000000000000    0000000180024578     c3_Lab2a_template.obj
 0002:00000580       DYNAMIC_DIMENSION_DEF      0000000180024580     Lab2a_template_sfun_registry.obj
 0002:000005a0       _ssBadLevel2InputAccessMsg 00000001800245a0     Lab2a_template_sfun_registry.obj
 0002:00000730       _ssBadLevel2DirectFeedMsg  0000000180024730     Lab2a_template_sfun_registry.obj
 0002:00000870       _ssBadLevel2DirectFeedSolutionMsg 0000000180024870     Lab2a_template_sfun_registry.obj
 0002:000008e0       _ssBadLevel2ZeroDirectFeedMsg 00000001800248e0     Lab2a_template_sfun_registry.obj
 0002:00000a20       _ssBadLevel2ZeroDirectFeedMsg2 0000000180024a20     Lab2a_template_sfun_registry.obj
 0002:00000b08       __real@bff0000000000000    0000000180024b08     Lab2a_template_sfun_registry.obj
 0002:00000b10       __real@41602cbca0000000    0000000180024b10     Lab2a_template_sfun_registry.obj
 0002:00000b18       _pDefaultRawDllMain        0000000180024b18     MSVCRT:crtdll.obj
 0002:00000b18       _pRawDllMain               0000000180024b18     MSVCRT:crtdll.obj
 0002:00000b30       ?ProcessDetach@NativeDll@<CrtImplementationDetails>@@0IB 0000000180024b30     MSVCRT:tncleanup.obj
 0002:00000b34       ?ProcessAttach@NativeDll@<CrtImplementationDetails>@@0IB 0000000180024b34     MSVCRT:tncleanup.obj
 0002:00000b38       ?ThreadAttach@NativeDll@<CrtImplementationDetails>@@0IB 0000000180024b38     MSVCRT:tncleanup.obj
 0002:00000b3c       ?ThreadDetach@NativeDll@<CrtImplementationDetails>@@0IB 0000000180024b3c     MSVCRT:tncleanup.obj
 0002:00000b40       ?ProcessVerifier@NativeDll@<CrtImplementationDetails>@@0IB 0000000180024b40     MSVCRT:tncleanup.obj
 0002:00000b48       __rtc_iaa                  0000000180024b48     MSVCRT:_initsect_.obj
 0002:00000b50       __rtc_izz                  0000000180024b50     MSVCRT:_initsect_.obj
 0002:00000b58       __rtc_taa                  0000000180024b58     MSVCRT:_initsect_.obj
 0002:00000b60       __rtc_tzz                  0000000180024b60     MSVCRT:_initsect_.obj
 0002:000015a8       __IMPORT_DESCRIPTOR_sf_runtime 00000001800255a8     sf_runtime:sf_runtime.dll
 0002:000015bc       __IMPORT_DESCRIPTOR_libmx  00000001800255bc     libmx:libmx.dll
 0002:000015d0       __IMPORT_DESCRIPTOR_libmex 00000001800255d0     libmex:libmex.dll
 0002:000015e4       __IMPORT_DESCRIPTOR_libut  00000001800255e4     libut:libut.dll
 0002:000015f8       __IMPORT_DESCRIPTOR_libmwmathutil 00000001800255f8     libmwmathutil:libmwmathutil.dll
 0002:0000160c       __IMPORT_DESCRIPTOR_MSVCR100 000000018002560c     MSVCRT:MSVCR100.dll
 0002:00001620       __IMPORT_DESCRIPTOR_KERNEL32 0000000180025620     kernel32:KERNEL32.dll
 0002:00001634       __NULL_IMPORT_DESCRIPTOR   0000000180025634     sf_runtime:sf_runtime.dll
 0003:000080c0       DYNAMIC_DIMENSION          000000018002f0c0     Lab2a_template_sfun_registry.obj
 0003:00008cc8       __security_cookie          000000018002fcc8     MSVCRT:gs_cookie.obj
 0003:00008cd0       __security_cookie_complement 000000018002fcd0     MSVCRT:gs_cookie.obj
 0003:00008cd8       _fltused                   000000018002fcd8     MSVCRT:dllsupp.obj
 0003:00008ce0       __native_dllmain_reason    000000018002fce0     MSVCRT:natstart.obj
 0003:00008ce4       __native_vcclrit_reason    000000018002fce4     MSVCRT:natstart.obj
 0003:00008e08       sfGlobalDebugInstanceStruct 000000018002fe08     Lab2a_template_sfun_registry.obj
 0003:00009390       ?__type_info_root_node@@3U__type_info_node@@A 0000000180030390     MSVCRT:tncleanup.obj
 0003:000093a0       _Lab2a_templateMachineNumber_ 00000001800303a0     <common>
 0003:000093a4       __native_startup_state     00000001800303a4     <common>
 0003:000093a8       __native_startup_lock      00000001800303a8     <common>
 0003:000093b0       __onexitend                00000001800303b0     <common>
 0003:000093b8       __onexitbegin              00000001800303b8     <common>
 0003:000093c0       __dyn_tls_init_callback    00000001800303c0     <common>

 entry point at        0001:00022910

 Static symbols

 0001:00001030       c1_info_helper             0000000180002030 f   c1_Lab2a_template.obj
 0001:000040e0       c1_emlrt_marshallOut       00000001800050e0 f   c1_Lab2a_template.obj
 0001:00004170       c1_b_emlrt_marshallOut     0000000180005170 f   c1_Lab2a_template.obj
 0001:00004d00       get_sim_state_c1_Lab2a_template 0000000180005d00 f   c1_Lab2a_template.obj
 0001:00004f70       sf_get_sim_state_info_c1_Lab2a_template 0000000180005f70 f   c1_Lab2a_template.obj
 0001:00005140       set_sim_state_c1_Lab2a_template 0000000180006140 f   c1_Lab2a_template.obj
 0001:00005260       c1_update_debugger_state_c1_Lab2a_template 0000000180006260 f   c1_Lab2a_template.obj
 0001:00005270       c1_emlrt_marshallIn        0000000180006270 f   c1_Lab2a_template.obj
 0001:000052e0       c1_b_emlrt_marshallIn      00000001800062e0 f   c1_Lab2a_template.obj
 0001:00005370       c1_d_emlrt_marshallIn      0000000180006370 f   c1_Lab2a_template.obj
 0001:000053d0       c1_e_emlrt_marshallIn      00000001800063d0 f   c1_Lab2a_template.obj
 0001:000054d0       mdlProcessParameters_c1_Lab2a_template 00000001800064d0 f   c1_Lab2a_template.obj
 0001:000055b0       initialize_params_c1_Lab2a_template 00000001800065b0 f   c1_Lab2a_template.obj
 0001:000055c0       mdlSetWorkWidths_c1_Lab2a_template 00000001800065c0 f   c1_Lab2a_template.obj
 0001:00005b20       sf_get_instance_specialization 0000000180006b20 f   c1_Lab2a_template.obj
 0001:00005b30       mdlStart_c1_Lab2a_template 0000000180006b30 f   c1_Lab2a_template.obj
 0001:00005d60       init_dsm_address_info      0000000180006d60 f   c1_Lab2a_template.obj
 0001:00005d70       chart_debug_initialization 0000000180006d70 f   c1_Lab2a_template.obj
 0001:00006ac0       init_script_number_translation 0000000180007ac0 f   c1_Lab2a_template.obj
 0001:00006ae0       c1_sf_marshallOut          0000000180007ae0 f   c1_Lab2a_template.obj
 0001:00006b90       c1_sf_marshallIn           0000000180007b90 f   c1_Lab2a_template.obj
 0001:00006c30       c1_b_sf_marshallOut        0000000180007c30 f   c1_Lab2a_template.obj
 0001:00006db0       sf_opaque_initialize_c1_Lab2a_template 0000000180007db0 f   c1_Lab2a_template.obj
 0001:00006df0       initialize_c1_Lab2a_template 0000000180007df0 f   c1_Lab2a_template.obj
 0001:00006e40       sf_opaque_enable_c1_Lab2a_template 0000000180007e40 f   c1_Lab2a_template.obj
 0001:00006e60       enable_c1_Lab2a_template   0000000180007e60 f   c1_Lab2a_template.obj
 0001:00006e90       sf_opaque_disable_c1_Lab2a_template 0000000180007e90 f   c1_Lab2a_template.obj
 0001:00006eb0       disable_c1_Lab2a_template  0000000180007eb0 f   c1_Lab2a_template.obj
 0001:00006ee0       sf_opaque_gateway_c1_Lab2a_template 0000000180007ee0 f   c1_Lab2a_template.obj
 0001:00006f00       sf_gateway_c1_Lab2a_template 0000000180007f00 f   c1_Lab2a_template.obj
 0001:00008670       c1_eml_scalar_eg           0000000180009670 f   c1_Lab2a_template.obj
 0001:00008680       sf_opaque_get_sim_state_c1_Lab2a_template 0000000180009680 f   c1_Lab2a_template.obj
 0001:000086a0       sf_opaque_set_sim_state_c1_Lab2a_template 00000001800096a0 f   c1_Lab2a_template.obj
 0001:000086d0       sf_opaque_terminate_c1_Lab2a_template 00000001800096d0 f   c1_Lab2a_template.obj
 0001:00008770       finalize_c1_Lab2a_template 0000000180009770 f   c1_Lab2a_template.obj
 0001:00008780       sf_opaque_init_subchart_simstructs 0000000180009780 f   c1_Lab2a_template.obj
 0001:000087a0       initSimStructsc1_Lab2a_template 00000001800097a0 f   c1_Lab2a_template.obj
 0001:000087b0       mdlRTW_c1_Lab2a_template   00000001800097b0 f   c1_Lab2a_template.obj
 0001:00008860       c2_info_helper             0000000180009860 f   c2_Lab2a_template.obj
 0001:0000b910       c2_emlrt_marshallOut       000000018000c910 f   c2_Lab2a_template.obj
 0001:0000b9a0       c2_b_emlrt_marshallOut     000000018000c9a0 f   c2_Lab2a_template.obj
 0001:0000c530       get_sim_state_c2_Lab2a_template 000000018000d530 f   c2_Lab2a_template.obj
 0001:0000c7a0       sf_get_sim_state_info_c2_Lab2a_template 000000018000d7a0 f   c2_Lab2a_template.obj
 0001:0000c970       set_sim_state_c2_Lab2a_template 000000018000d970 f   c2_Lab2a_template.obj
 0001:0000ca90       c2_update_debugger_state_c2_Lab2a_template 000000018000da90 f   c2_Lab2a_template.obj
 0001:0000caa0       c2_emlrt_marshallIn        000000018000daa0 f   c2_Lab2a_template.obj
 0001:0000cb10       c2_b_emlrt_marshallIn      000000018000db10 f   c2_Lab2a_template.obj
 0001:0000cba0       c2_d_emlrt_marshallIn      000000018000dba0 f   c2_Lab2a_template.obj
 0001:0000cc00       c2_e_emlrt_marshallIn      000000018000dc00 f   c2_Lab2a_template.obj
 0001:0000cd00       mdlProcessParameters_c2_Lab2a_template 000000018000dd00 f   c2_Lab2a_template.obj
 0001:0000cde0       initialize_params_c2_Lab2a_template 000000018000dde0 f   c2_Lab2a_template.obj
 0001:0000cdf0       mdlSetWorkWidths_c2_Lab2a_template 000000018000ddf0 f   c2_Lab2a_template.obj
 0001:0000d350       sf_get_instance_specialization 000000018000e350 f   c2_Lab2a_template.obj
 0001:0000d360       mdlStart_c2_Lab2a_template 000000018000e360 f   c2_Lab2a_template.obj
 0001:0000d590       init_dsm_address_info      000000018000e590 f   c2_Lab2a_template.obj
 0001:0000d5a0       chart_debug_initialization 000000018000e5a0 f   c2_Lab2a_template.obj
 0001:0000e2f0       init_script_number_translation 000000018000f2f0 f   c2_Lab2a_template.obj
 0001:0000e310       c2_sf_marshallOut          000000018000f310 f   c2_Lab2a_template.obj
 0001:0000e3c0       c2_sf_marshallIn           000000018000f3c0 f   c2_Lab2a_template.obj
 0001:0000e460       c2_b_sf_marshallOut        000000018000f460 f   c2_Lab2a_template.obj
 0001:0000e5e0       sf_opaque_initialize_c2_Lab2a_template 000000018000f5e0 f   c2_Lab2a_template.obj
 0001:0000e620       initialize_c2_Lab2a_template 000000018000f620 f   c2_Lab2a_template.obj
 0001:0000e670       sf_opaque_enable_c2_Lab2a_template 000000018000f670 f   c2_Lab2a_template.obj
 0001:0000e690       enable_c2_Lab2a_template   000000018000f690 f   c2_Lab2a_template.obj
 0001:0000e6c0       sf_opaque_disable_c2_Lab2a_template 000000018000f6c0 f   c2_Lab2a_template.obj
 0001:0000e6e0       disable_c2_Lab2a_template  000000018000f6e0 f   c2_Lab2a_template.obj
 0001:0000e710       sf_opaque_gateway_c2_Lab2a_template 000000018000f710 f   c2_Lab2a_template.obj
 0001:0000e730       sf_gateway_c2_Lab2a_template 000000018000f730 f   c2_Lab2a_template.obj
 0001:0000feb0       c2_eml_scalar_eg           0000000180010eb0 f   c2_Lab2a_template.obj
 0001:0000fec0       sf_opaque_get_sim_state_c2_Lab2a_template 0000000180010ec0 f   c2_Lab2a_template.obj
 0001:0000fee0       sf_opaque_set_sim_state_c2_Lab2a_template 0000000180010ee0 f   c2_Lab2a_template.obj
 0001:0000ff10       sf_opaque_terminate_c2_Lab2a_template 0000000180010f10 f   c2_Lab2a_template.obj
 0001:0000ffb0       finalize_c2_Lab2a_template 0000000180010fb0 f   c2_Lab2a_template.obj
 0001:0000ffc0       sf_opaque_init_subchart_simstructs 0000000180010fc0 f   c2_Lab2a_template.obj
 0001:0000ffe0       initSimStructsc2_Lab2a_template 0000000180010fe0 f   c2_Lab2a_template.obj
 0001:0000fff0       mdlRTW_c2_Lab2a_template   0000000180010ff0 f   c2_Lab2a_template.obj
 0001:000100a0       c3_info_helper             00000001800110a0 f   c3_Lab2a_template.obj
 0001:00010770       c3_emlrt_marshallOut       0000000180011770 f   c3_Lab2a_template.obj
 0001:00010800       c3_b_emlrt_marshallOut     0000000180011800 f   c3_Lab2a_template.obj
 0001:00010fc0       get_sim_state_c3_Lab2a_template 0000000180011fc0 f   c3_Lab2a_template.obj
 0001:000113a0       sf_get_sim_state_info_c3_Lab2a_template 00000001800123a0 f   c3_Lab2a_template.obj
 0001:00011570       set_sim_state_c3_Lab2a_template 0000000180012570 f   c3_Lab2a_template.obj
 0001:000116c0       c3_update_debugger_state_c3_Lab2a_template 00000001800126c0 f   c3_Lab2a_template.obj
 0001:000116d0       c3_emlrt_marshallIn        00000001800126d0 f   c3_Lab2a_template.obj
 0001:00011740       c3_b_emlrt_marshallIn      0000000180012740 f   c3_Lab2a_template.obj
 0001:00011800       c3_c_emlrt_marshallIn      0000000180012800 f   c3_Lab2a_template.obj
 0001:00011870       c3_d_emlrt_marshallIn      0000000180012870 f   c3_Lab2a_template.obj
 0001:00011930       c3_e_emlrt_marshallIn      0000000180012930 f   c3_Lab2a_template.obj
 0001:000119a0       c3_f_emlrt_marshallIn      00000001800129a0 f   c3_Lab2a_template.obj
 0001:00011a30       c3_h_emlrt_marshallIn      0000000180012a30 f   c3_Lab2a_template.obj
 0001:00011a90       c3_i_emlrt_marshallIn      0000000180012a90 f   c3_Lab2a_template.obj
 0001:00011b90       mdlProcessParameters_c3_Lab2a_template 0000000180012b90 f   c3_Lab2a_template.obj
 0001:00011c70       initialize_params_c3_Lab2a_template 0000000180012c70 f   c3_Lab2a_template.obj
 0001:00011c80       mdlSetWorkWidths_c3_Lab2a_template 0000000180012c80 f   c3_Lab2a_template.obj
 0001:00012180       sf_get_instance_specialization 0000000180013180 f   c3_Lab2a_template.obj
 0001:00012190       mdlStart_c3_Lab2a_template 0000000180013190 f   c3_Lab2a_template.obj
 0001:000123c0       init_dsm_address_info      00000001800133c0 f   c3_Lab2a_template.obj
 0001:000123d0       chart_debug_initialization 00000001800133d0 f   c3_Lab2a_template.obj
 0001:00012e10       init_script_number_translation 0000000180013e10 f   c3_Lab2a_template.obj
 0001:00012e30       c3_c_sf_marshallOut        0000000180013e30 f   c3_Lab2a_template.obj
 0001:00012ee0       c3_c_sf_marshallIn         0000000180013ee0 f   c3_Lab2a_template.obj
 0001:00012f80       sf_opaque_initialize_c3_Lab2a_template 0000000180013f80 f   c3_Lab2a_template.obj
 0001:00012fc0       initialize_c3_Lab2a_template 0000000180013fc0 f   c3_Lab2a_template.obj
 0001:00013020       sf_opaque_enable_c3_Lab2a_template 0000000180014020 f   c3_Lab2a_template.obj
 0001:00013040       enable_c3_Lab2a_template   0000000180014040 f   c3_Lab2a_template.obj
 0001:00013070       sf_opaque_disable_c3_Lab2a_template 0000000180014070 f   c3_Lab2a_template.obj
 0001:00013090       disable_c3_Lab2a_template  0000000180014090 f   c3_Lab2a_template.obj
 0001:000130c0       sf_opaque_gateway_c3_Lab2a_template 00000001800140c0 f   c3_Lab2a_template.obj
 0001:000130e0       sf_gateway_c3_Lab2a_template 00000001800140e0 f   c3_Lab2a_template.obj
 0001:00013f50       c3_sf_marshallOut          0000000180014f50 f   c3_Lab2a_template.obj
 0001:00014070       c3_sf_marshallIn           0000000180015070 f   c3_Lab2a_template.obj
 0001:00014110       c3_b_sf_marshallOut        0000000180015110 f   c3_Lab2a_template.obj
 0001:00014230       c3_b_sf_marshallIn         0000000180015230 f   c3_Lab2a_template.obj
 0001:000142d0       sf_opaque_get_sim_state_c3_Lab2a_template 00000001800152d0 f   c3_Lab2a_template.obj
 0001:000142f0       sf_opaque_set_sim_state_c3_Lab2a_template 00000001800152f0 f   c3_Lab2a_template.obj
 0001:00014320       sf_opaque_terminate_c3_Lab2a_template 0000000180015320 f   c3_Lab2a_template.obj
 0001:000143c0       finalize_c3_Lab2a_template 00000001800153c0 f   c3_Lab2a_template.obj
 0001:000143d0       sf_opaque_init_subchart_simstructs 00000001800153d0 f   c3_Lab2a_template.obj
 0001:000143f0       initSimStructsc3_Lab2a_template 00000001800153f0 f   c3_Lab2a_template.obj
 0001:00014400       mdlRTW_c3_Lab2a_template   0000000180015400 f   c3_Lab2a_template.obj
 0001:000144b0       c4_info_helper             00000001800154b0 f   c4_Lab2a_template.obj
 0001:00017560       c4_emlrt_marshallOut       0000000180018560 f   c4_Lab2a_template.obj
 0001:000175f0       c4_b_emlrt_marshallOut     00000001800185f0 f   c4_Lab2a_template.obj
 0001:00018180       get_sim_state_c4_Lab2a_template 0000000180019180 f   c4_Lab2a_template.obj
 0001:000183f0       sf_get_sim_state_info_c4_Lab2a_template 00000001800193f0 f   c4_Lab2a_template.obj
 0001:000185c0       set_sim_state_c4_Lab2a_template 00000001800195c0 f   c4_Lab2a_template.obj
 0001:000186e0       c4_update_debugger_state_c4_Lab2a_template 00000001800196e0 f   c4_Lab2a_template.obj
 0001:000186f0       c4_emlrt_marshallIn        00000001800196f0 f   c4_Lab2a_template.obj
 0001:00018760       c4_b_emlrt_marshallIn      0000000180019760 f   c4_Lab2a_template.obj
 0001:000187f0       c4_d_emlrt_marshallIn      00000001800197f0 f   c4_Lab2a_template.obj
 0001:00018850       c4_e_emlrt_marshallIn      0000000180019850 f   c4_Lab2a_template.obj
 0001:00018950       mdlProcessParameters_c4_Lab2a_template 0000000180019950 f   c4_Lab2a_template.obj
 0001:00018a30       initialize_params_c4_Lab2a_template 0000000180019a30 f   c4_Lab2a_template.obj
 0001:00018a40       mdlSetWorkWidths_c4_Lab2a_template 0000000180019a40 f   c4_Lab2a_template.obj
 0001:00018fa0       sf_get_instance_specialization 0000000180019fa0 f   c4_Lab2a_template.obj
 0001:00018fb0       mdlStart_c4_Lab2a_template 0000000180019fb0 f   c4_Lab2a_template.obj
 0001:000191e0       init_dsm_address_info      000000018001a1e0 f   c4_Lab2a_template.obj
 0001:000191f0       chart_debug_initialization 000000018001a1f0 f   c4_Lab2a_template.obj
 0001:00019f40       init_script_number_translation 000000018001af40 f   c4_Lab2a_template.obj
 0001:00019f60       c4_sf_marshallOut          000000018001af60 f   c4_Lab2a_template.obj
 0001:0001a010       c4_sf_marshallIn           000000018001b010 f   c4_Lab2a_template.obj
 0001:0001a0b0       c4_b_sf_marshallOut        000000018001b0b0 f   c4_Lab2a_template.obj
 0001:0001a240       sf_opaque_initialize_c4_Lab2a_template 000000018001b240 f   c4_Lab2a_template.obj
 0001:0001a280       initialize_c4_Lab2a_template 000000018001b280 f   c4_Lab2a_template.obj
 0001:0001a2d0       sf_opaque_enable_c4_Lab2a_template 000000018001b2d0 f   c4_Lab2a_template.obj
 0001:0001a2f0       enable_c4_Lab2a_template   000000018001b2f0 f   c4_Lab2a_template.obj
 0001:0001a320       sf_opaque_disable_c4_Lab2a_template 000000018001b320 f   c4_Lab2a_template.obj
 0001:0001a340       disable_c4_Lab2a_template  000000018001b340 f   c4_Lab2a_template.obj
 0001:0001a370       sf_opaque_gateway_c4_Lab2a_template 000000018001b370 f   c4_Lab2a_template.obj
 0001:0001a390       sf_gateway_c4_Lab2a_template 000000018001b390 f   c4_Lab2a_template.obj
 0001:0001bb00       c4_eml_scalar_eg           000000018001cb00 f   c4_Lab2a_template.obj
 0001:0001bb10       sf_opaque_get_sim_state_c4_Lab2a_template 000000018001cb10 f   c4_Lab2a_template.obj
 0001:0001bb30       sf_opaque_set_sim_state_c4_Lab2a_template 000000018001cb30 f   c4_Lab2a_template.obj
 0001:0001bb60       sf_opaque_terminate_c4_Lab2a_template 000000018001cb60 f   c4_Lab2a_template.obj
 0001:0001bc00       finalize_c4_Lab2a_template 000000018001cc00 f   c4_Lab2a_template.obj
 0001:0001bc10       sf_opaque_init_subchart_simstructs 000000018001cc10 f   c4_Lab2a_template.obj
 0001:0001bc30       initSimStructsc4_Lab2a_template 000000018001cc30 f   c4_Lab2a_template.obj
 0001:0001bc40       mdlRTW_c4_Lab2a_template   000000018001cc40 f   c4_Lab2a_template.obj
 0001:0001c600       getChartInfoFromSimStruct  000000018001d600 f   Lab2a_template_sfun_registry.obj
 0001:0001dca0       _ssFatalError              000000018001eca0 f   Lab2a_template_sfun_registry.obj
 0001:00020d50       ProcessMexSfunctionCmdLineCall 0000000180021d50 f   Lab2a_template_sfun_registry.obj
 0001:00020eb0       sf_debug_api_wrapper       0000000180021eb0 f   Lab2a_template_sfun_registry.obj
 0001:00020f00       mdlStart                   0000000180021f00 f   Lab2a_template_sfun_registry.obj
 0001:00020f30       mdl_start_processing       0000000180021f30 f   Lab2a_template_sfun_registry.obj
 0001:00020fc0       mdlTerminate               0000000180021fc0 f   Lab2a_template_sfun_registry.obj
 0001:00020ff0       mdl_terminate_processing   0000000180021ff0 f   Lab2a_template_sfun_registry.obj
 0001:00021070       mdlInitializeSampleTimes   0000000180022070 f   Lab2a_template_sfun_registry.obj
 0001:000210a0       mdlZeroCrossings           00000001800220a0 f   Lab2a_template_sfun_registry.obj
 0001:000210d0       mdl_zeroCrossings_processing 00000001800220d0 f   Lab2a_template_sfun_registry.obj
 0001:00021110       mdlDerivatives             0000000180022110 f   Lab2a_template_sfun_registry.obj
 0001:00021140       mdl_derivatives_processing 0000000180022140 f   Lab2a_template_sfun_registry.obj
 0001:00021190       mdlInitializeConditions    0000000180022190 f   Lab2a_template_sfun_registry.obj
 0001:000211c0       mdl_initialize_conditions_processing 00000001800221c0 f   Lab2a_template_sfun_registry.obj
 0001:00021210       mdlEnable                  0000000180022210 f   Lab2a_template_sfun_registry.obj
 0001:00021240       mdl_enable_processing      0000000180022240 f   Lab2a_template_sfun_registry.obj
 0001:00021280       mdlDisable                 0000000180022280 f   Lab2a_template_sfun_registry.obj
 0001:000212b0       mdl_disable_processing     00000001800222b0 f   Lab2a_template_sfun_registry.obj
 0001:000212f0       mdlOutputs                 00000001800222f0 f   Lab2a_template_sfun_registry.obj
 0001:00021320       mdl_outputs_processing     0000000180022320 f   Lab2a_template_sfun_registry.obj
 0001:00021400       mdl_outputs_continuous_legacy 0000000180022400 f   Lab2a_template_sfun_registry.obj
 0001:000214f0       mdlGetTimeOfNextVarHit     00000001800224f0 f   Lab2a_template_sfun_registry.obj
 0001:00021540       _ProcessMexSfunctionCmdLineCall 0000000180022540 f   Lab2a_template_sfun_registry.obj
 0001:00021c90       mdlSetWorkWidths           0000000180022c90 f   Lab2a_template_sfun_registry.obj
 0001:00021cc0       mdlProcessParameters       0000000180022cc0 f   Lab2a_template_sfun_registry.obj
 0001:00021cf0       mdlInitializeSizes         0000000180022cf0 f   Lab2a_template_sfun_registry.obj
 0001:00021d20       mdlExtModeExec             0000000180022d20 f   Lab2a_template_sfun_registry.obj
 0001:00021d50       mdl_ext_mode_exec_processing 0000000180022d50 f   Lab2a_template_sfun_registry.obj
 0001:00021d90       mdlRTW                     0000000180022d90 f   Lab2a_template_sfun_registry.obj
 0001:00021dd0       _CreateSimStruct           0000000180022dd0 f   Lab2a_template_sfun_registry.obj
 0001:00021f60       _RegNumInputPortsCB        0000000180022f60 f   Lab2a_template_sfun_registry.obj
 0001:00021fe0       _RegNumOutputPortsCB       0000000180022fe0 f   Lab2a_template_sfun_registry.obj
 0001:00022518       pre_c_init                 0000000180023518 f   MSVCRT:crtdll.obj
 0001:000227d4       __DllMainCRTStartup        00000001800237d4 f   MSVCRT:crtdll.obj
 0001:00022e40       __DllMainCRTStartup$filt$0 0000000180023e40 f   MSVCRT:crtdll.obj
 0001:00022e70       __DllMainCRTStartup$fin$1  0000000180023e70 f   MSVCRT:crtdll.obj
 0001:00022e8a       _onexit$fin$0              0000000180023e8a f   MSVCRT:atonexit.obj
 0001:00022eb0       _IsNonwritableInCurrentImage$filt$0 0000000180023eb0 f   MSVCRT:pesect.obj
