 ballTossController_sfun

 Timestamp is 59ea76ac (Fri Oct 20 15:20:28 2017)

 Preferred load address is 0000000180000000

 Start         Length     Name                   Class
 0001:00000000 00051bd4H .text                   CODE
 0001:00051be0 00000092H .text$x                 CODE
 0002:00000000 00000468H .idata$5                DATA
 0002:00000468 00000008H .CRT$XCA                DATA
 0002:00000470 00000008H .CRT$XCZ                DATA
 0002:00000478 00000008H .CRT$XIA                DATA
 0002:00000480 00000008H .CRT$XIAA               DATA
 0002:00000488 00000008H .CRT$XIZ                DATA
 0002:00000490 000006d4H .rdata                  DATA
 0002:00000b68 00000008H .rtc$IAA                DATA
 0002:00000b70 00000008H .rtc$IZZ                DATA
 0002:00000b78 00000008H .rtc$TAA                DATA
 0002:00000b80 00000008H .rtc$TZZ                DATA
 0002:00000b88 00000c60H .xdata                  DATA
 0002:000017e8 0000008cH .idata$2                DATA
 0002:00001874 00000014H .idata$3                DATA
 0002:00001888 00000468H .idata$4                DATA
 0002:00001cf0 00000c18H .idata$6                DATA
 0002:00002910 0000005dH .edata                  DATA
 0003:00000000 000227b8H .data                   DATA
 0003:000227c0 00000788H .bss                    DATA
 0004:00000000 00000fc0H .pdata                  DATA

  Address         Publics by Value              Rva+Base               Lib:Object

 0000:00000000       ___safe_se_handler_count   0000000000000000     <absolute>
 0000:00000000       ___safe_se_handler_table   0000000000000000     <absolute>
 0000:00000000       __ImageBase                0000000180000000     <linker-defined>
 0001:00000000       ballTossController_initializer 0000000180001000 f   ballTossController_sfun.obj
 0001:00000010       ballTossController_terminator 0000000180001010 f   ballTossController_sfun.obj
 0001:00000020       sf_ballTossController_method_dispatcher 0000000180001020 f   ballTossController_sfun.obj
 0001:000000f0       sf_ballTossController_process_testpoint_info_call 00000001800010f0 f   ballTossController_sfun.obj
 0001:00000250       sf_ballTossController_process_check_sum_call 0000000180001250 f   ballTossController_sfun.obj
 0001:000006b0       sf_ballTossController_autoinheritance_info 00000001800016b0 f   ballTossController_sfun.obj
 0001:00000960       sf_ballTossController_get_eml_resolved_functions_info 0000000180001960 f   ballTossController_sfun.obj
 0001:00000ba0       sf_ballTossController_third_party_uses_info 0000000180001ba0 f   ballTossController_sfun.obj
 0001:00000dd0       sf_ballTossController_updateBuildInfo_args_info 0000000180001dd0 f   ballTossController_sfun.obj
 0001:00001000       ballTossController_debug_initialize 0000000180002000 f   ballTossController_sfun.obj
 0001:00001080       ballTossController_register_exported_symbols 0000000180002080 f   ballTossController_sfun.obj
 0001:00001090       load_ballTossController_optimization_info 0000000180002090 f   ballTossController_sfun.obj
 0001:000010e0       unload_ballTossController_optimization_info 00000001800020e0 f   ballTossController_sfun.obj
 0001:00001110       sf_c1_ballTossController_get_eml_resolved_functions_info 0000000180002110 f   c1_ballTossController.obj
 0001:0000d850       sf_c1_ballTossController_get_check_sum 000000018000e850 f   c1_ballTossController.obj
 0001:0000d8d0       sf_c1_ballTossController_get_autoinheritance_info 000000018000e8d0 f   c1_ballTossController.obj
 0001:0000df80       sf_c1_ballTossController_third_party_uses_info 000000018000ef80 f   c1_ballTossController.obj
 0001:0000dfb0       sf_c1_ballTossController_updateBuildInfo_args_info 000000018000efb0 f   c1_ballTossController.obj
 0001:0000dfe0       sf_internal_get_sim_state_c1_ballTossController 000000018000efe0 f   c1_ballTossController.obj
 0001:0000e350       sf_internal_set_sim_state_c1_ballTossController 000000018000f350 f   c1_ballTossController.obj
 0001:0000e740       c1_ballTossController_method_dispatcher 000000018000f740 f   c1_ballTossController.obj
 0001:000121a0       sf_c3_ballTossController_get_eml_resolved_functions_info 00000001800131a0 f   c3_ballTossController.obj
 0001:0001e8e0       sf_c3_ballTossController_get_check_sum 000000018001f8e0 f   c3_ballTossController.obj
 0001:0001e960       sf_c3_ballTossController_get_autoinheritance_info 000000018001f960 f   c3_ballTossController.obj
 0001:0001f2a0       sf_c3_ballTossController_third_party_uses_info 00000001800202a0 f   c3_ballTossController.obj
 0001:0001f2d0       sf_c3_ballTossController_updateBuildInfo_args_info 00000001800202d0 f   c3_ballTossController.obj
 0001:0001f300       sf_internal_get_sim_state_c3_ballTossController 0000000180020300 f   c3_ballTossController.obj
 0001:0001f730       sf_internal_set_sim_state_c3_ballTossController 0000000180020730 f   c3_ballTossController.obj
 0001:0001fb60       c3_ballTossController_method_dispatcher 0000000180020b60 f   c3_ballTossController.obj
 0001:00023c90       sf_c4_ballTossController_get_eml_resolved_functions_info 0000000180024c90 f   c4_ballTossController.obj
 0001:000303d0       sf_c4_ballTossController_get_check_sum 00000001800313d0 f   c4_ballTossController.obj
 0001:00030450       sf_c4_ballTossController_get_autoinheritance_info 0000000180031450 f   c4_ballTossController.obj
 0001:00030b00       sf_c4_ballTossController_third_party_uses_info 0000000180031b00 f   c4_ballTossController.obj
 0001:00030b30       sf_c4_ballTossController_updateBuildInfo_args_info 0000000180031b30 f   c4_ballTossController.obj
 0001:00030b60       sf_internal_get_sim_state_c4_ballTossController 0000000180031b60 f   c4_ballTossController.obj
 0001:00030ed0       sf_internal_set_sim_state_c4_ballTossController 0000000180031ed0 f   c4_ballTossController.obj
 0001:000312c0       c4_ballTossController_method_dispatcher 00000001800322c0 f   c4_ballTossController.obj
 0001:00034d30       sf_c5_ballTossController_get_eml_resolved_functions_info 0000000180035d30 f   c5_ballTossController.obj
 0001:00035570       sf_c5_ballTossController_get_check_sum 0000000180036570 f   c5_ballTossController.obj
 0001:000355f0       sf_c5_ballTossController_get_autoinheritance_info 00000001800365f0 f   c5_ballTossController.obj
 0001:00035b60       sf_c5_ballTossController_third_party_uses_info 0000000180036b60 f   c5_ballTossController.obj
 0001:00035b90       sf_c5_ballTossController_updateBuildInfo_args_info 0000000180036b90 f   c5_ballTossController.obj
 0001:00035bc0       sf_internal_get_sim_state_c5_ballTossController 0000000180036bc0 f   c5_ballTossController.obj
 0001:00036150       sf_internal_set_sim_state_c5_ballTossController 0000000180037150 f   c5_ballTossController.obj
 0001:00036810       c5_ballTossController_method_dispatcher 0000000180037810 f   c5_ballTossController.obj
 0001:00038f40       sf_c6_ballTossController_get_eml_resolved_functions_info 0000000180039f40 f   c6_ballTossController.obj
 0001:00045680       sf_c6_ballTossController_get_check_sum 0000000180046680 f   c6_ballTossController.obj
 0001:00045700       sf_c6_ballTossController_get_autoinheritance_info 0000000180046700 f   c6_ballTossController.obj
 0001:00046040       sf_c6_ballTossController_third_party_uses_info 0000000180047040 f   c6_ballTossController.obj
 0001:00046070       sf_c6_ballTossController_updateBuildInfo_args_info 0000000180047070 f   c6_ballTossController.obj
 0001:000460a0       sf_internal_get_sim_state_c6_ballTossController 00000001800470a0 f   c6_ballTossController.obj
 0001:000464d0       sf_internal_set_sim_state_c6_ballTossController 00000001800474d0 f   c6_ballTossController.obj
 0001:00046900       c6_ballTossController_method_dispatcher 0000000180047900 f   c6_ballTossController.obj
 0001:0004aa20       sf_process_check_sum_call  000000018004ba20 f   ballTossController_sfun_registry.obj
 0001:0004aa70       sf_process_testpoint_info_call 000000018004ba70 f   ballTossController_sfun_registry.obj
 0001:0004aac0       sf_process_autoinheritance_call 000000018004bac0 f   ballTossController_sfun_registry.obj
 0001:0004ac60       sf_process_get_third_party_uses_info_call 000000018004bc60 f   ballTossController_sfun_registry.obj
 0001:0004ae00       sf_process_get_updateBuildInfo_args_info_call 000000018004be00 f   ballTossController_sfun_registry.obj
 0001:0004afa0       sf_process_get_eml_resolved_functions_info_call 000000018004bfa0 f   ballTossController_sfun_registry.obj
 0001:0004b120       sf_mex_unlock_call         000000018004c120 f   ballTossController_sfun_registry.obj
 0001:0004b1d0       sf_machine_global_initializer_called 000000018004c1d0 f   ballTossController_sfun_registry.obj
 0001:0004b200       sf_machine_global_method_dispatcher 000000018004c200 f   ballTossController_sfun_registry.obj
 0001:0004b260       sf_machine_global_terminator 000000018004c260 f   ballTossController_sfun_registry.obj
 0001:0004b2b0       sf_register_machine_exported_symbols 000000018004c2b0 f   ballTossController_sfun_registry.obj
 0001:0004b2d0       callCustomFcn              000000018004c2d0 f   ballTossController_sfun_registry.obj
 0001:0004b2e0       sf_machine_global_initializer 000000018004c2e0 f   ballTossController_sfun_registry.obj
 0001:0004b360       mdlGetSimState             000000018004c360 f   ballTossController_sfun_registry.obj
 0001:0004b3e0       mdlSetSimState             000000018004c3e0 f   ballTossController_sfun_registry.obj
 0001:0004b420       _ssSetStateAbsTol          000000018004c420 f   ballTossController_sfun_registry.obj
 0001:0004b500       _ssGetAbsTol               000000018004c500 f   ballTossController_sfun_registry.obj
 0001:0004b570       _ssSetInputPortMatrixDimensions 000000018004c570 f   ballTossController_sfun_registry.obj
 0001:0004b680       _ssSetOutputPortMatrixDimensions 000000018004c680 f   ballTossController_sfun_registry.obj
 0001:0004b790       _ssSetInputPortVectorDimension 000000018004c790 f   ballTossController_sfun_registry.obj
 0001:0004b860       _ssSetOutputPortVectorDimension 000000018004c860 f   ballTossController_sfun_registry.obj
 0001:0004b930       ssIsRunTimeParamTunable    000000018004c930 f   ballTossController_sfun_registry.obj
 0001:0004b9a0       ssGetSFuncBlockHandle      000000018004c9a0 f   ballTossController_sfun_registry.obj
 0001:0004ba10       _ssGetCurrentInputPortWidth 000000018004ca10 f   ballTossController_sfun_registry.obj
 0001:0004bb30       _ssGetCurrentOutputPortWidth 000000018004cb30 f   ballTossController_sfun_registry.obj
 0001:0004bc50       _ssGetCallSystemNumFcnCallDestinations 000000018004cc50 f   ballTossController_sfun_registry.obj
 0001:0004bcc0       ssWarning                  000000018004ccc0 f   ballTossController_sfun_registry.obj
 0001:0004bdd0       ssGetIsZeroCrossControlDisabled 000000018004cdd0 f   ballTossController_sfun_registry.obj
 0001:0004be40       ssSetIsInputPortUsedForContZcSignal 000000018004ce40 f   ballTossController_sfun_registry.obj
 0001:0004beb0       ssSetZcSignalIsZcElementDisc 000000018004ceb0 f   ballTossController_sfun_registry.obj
 0001:0004bf60       ssSetZcSignalName          000000018004cf60 f   ballTossController_sfun_registry.obj
 0001:0004bfd0       ssSetZcSignalWidth         000000018004cfd0 f   ballTossController_sfun_registry.obj
 0001:0004c040       ssSetZcSignalZcEventType   000000018004d040 f   ballTossController_sfun_registry.obj
 0001:0004c0b0       ssSetZcSignalType          000000018004d0b0 f   ballTossController_sfun_registry.obj
 0001:0004c120       ssSetZcSignalZcTol         000000018004d120 f   ballTossController_sfun_registry.obj
 0001:0004c190       ssSetZcSignalNeedsEventNotification 000000018004d190 f   ballTossController_sfun_registry.obj
 0001:0004c200       ssCreateAndAddZcSignalInfo 000000018004d200 f   ballTossController_sfun_registry.obj
 0001:0004c270       ssCloneAndAddZcSignalInfo  000000018004d270 f   ballTossController_sfun_registry.obj
 0001:0004c2e0       ssGetNumZcSignals          000000018004d2e0 f   ballTossController_sfun_registry.obj
 0001:0004c350       ssGetZcSignalVector        000000018004d350 f   ballTossController_sfun_registry.obj
 0001:0004c3c0       ssGetZcSignalZcEvents      000000018004d3c0 f   ballTossController_sfun_registry.obj
 0001:0004c430       ssGetZcSignalName          000000018004d430 f   ballTossController_sfun_registry.obj
 0001:0004c4a0       ssGetZcSignalWidth         000000018004d4a0 f   ballTossController_sfun_registry.obj
 0001:0004c510       ssGetZcSignalZcEventType   000000018004d510 f   ballTossController_sfun_registry.obj
 0001:0004c580       ssGetZcSignalType          000000018004d580 f   ballTossController_sfun_registry.obj
 0001:0004c5f0       ssGetZcSignalZcTol         000000018004d5f0 f   ballTossController_sfun_registry.obj
 0001:0004c670       ssGetZcSignalNeedsEventNotification 000000018004d670 f   ballTossController_sfun_registry.obj
 0001:0004c6e0       ssGetZcSignalIsZcElementDisc 000000018004d6e0 f   ballTossController_sfun_registry.obj
 0001:0004c780       ssGetIsInputPortElementContinuous 000000018004d780 f   ballTossController_sfun_registry.obj
 0001:0004c820       _ssGetInputPortSignalPtrsFcn 000000018004d820 f   ballTossController_sfun_registry.obj
 0001:0004cae0       _ssGetInputPortSignalFcn   000000018004dae0 f   ballTossController_sfun_registry.obj
 0001:0004cd00       _ssSetInputPortDirectFeedThroughFcn 000000018004dd00 f   ballTossController_sfun_registry.obj
 0001:0004ce60       _ssSetInputPortReusableFcn 000000018004de60 f   ballTossController_sfun_registry.obj
 0001:0004cf50       _ssSetOutputPortReusableFcn 000000018004df50 f   ballTossController_sfun_registry.obj
 0001:0004d030       ssGetDTypeIdFromMxArray    000000018004e030 f   ballTossController_sfun_registry.obj
 0001:0004d150       ssWriteRTWStr              000000018004e150 f   ballTossController_sfun_registry.obj
 0001:0004d1b0       ssWriteRTWMxVectParam      000000018004e1b0 f   ballTossController_sfun_registry.obj
 0001:0004d210       ssWriteRTWMx2dMatParam     000000018004e210 f   ballTossController_sfun_registry.obj
 0001:0004d290       ssWriteRTWNameValuePair    000000018004e290 f   ballTossController_sfun_registry.obj
 0001:0004d780       ssWriteRTWParameters       000000018004e780 f   ballTossController_sfun_registry.obj
 0001:0004dd80       ssWriteRTWParamSettings    000000018004ed80 f   ballTossController_sfun_registry.obj
 0001:0004e450       ssWriteRTWWorkVect         000000018004f450 f   ballTossController_sfun_registry.obj
 0001:0004e950       mexFunction                000000018004f950 f   ballTossController_sfun_registry.obj
 0001:00050e00       ProcessMexSfunctionEveryCall 0000000180051e00 f   ballTossController_sfun_registry.obj
 0001:00050f82       sf_debug_set_machine_data_thresholds 0000000180051f82 f   sf_runtime:sf_runtime.dll
 0001:00050f88       sf_debug_set_machine_event_thresholds 0000000180051f88 f   sf_runtime:sf_runtime.dll
 0001:00050f8e       sf_debug_initialize_machine 0000000180051f8e f   sf_runtime:sf_runtime.dll
 0001:00050f94       sf_load_rtw_optimization_info 0000000180051f94 f   sf_runtime:sf_runtime.dll
 0001:00050f9a       sf_mex_emlrtNameCapturePostProcessR2012a 0000000180051f9a f   sf_runtime:sf_runtime.dll
 0001:00050fa0       sf_mex_assign              0000000180051fa0 f   sf_runtime:sf_runtime.dll
 0001:00050fa6       sf_mex_createstruct        0000000180051fa6 f   sf_runtime:sf_runtime.dll
 0001:00050fac       sf_mex_destroy             0000000180051fac f   sf_runtime:sf_runtime.dll
 0001:00050fb2       sf_mex_duplicatearraysafe  0000000180051fb2 f   sf_runtime:sf_runtime.dll
 0001:00050fb8       sf_mex_createcellmatrix    0000000180051fb8 f   sf_runtime:sf_runtime.dll
 0001:00050fbe       sf_mex_addfield            0000000180051fbe f   sf_runtime:sf_runtime.dll
 0001:00050fc4       sf_mex_create              0000000180051fc4 f   sf_runtime:sf_runtime.dll
 0001:00050fca       sf_mex_error_message       0000000180051fca f   sf_runtime:sf_runtime.dll
 0001:00050fd0       sf_mex_call_matlab         0000000180051fd0 f   sf_runtime:sf_runtime.dll
 0001:00050fd6       sf_mex_setcell             0000000180051fd6 f   sf_runtime:sf_runtime.dll
 0001:00050fdc       sf_mex_decode_encoded_mx_struct_array 0000000180051fdc f   sf_runtime:sf_runtime.dll
 0001:00050fe2       sf_mex_getcell             0000000180051fe2 f   sf_runtime:sf_runtime.dll
 0001:00050fe8       sf_mex_dup                 0000000180051fe8 f   sf_runtime:sf_runtime.dll
 0001:00050fee       sf_mex_import              0000000180051fee f   sf_runtime:sf_runtime.dll
 0001:00050ff4       sf_set_rtw_dwork_info      0000000180051ff4 f   sf_runtime:sf_runtime.dll
 0001:00050ffa       sf_mark_chart_reusable_outputs 0000000180051ffa f   sf_runtime:sf_runtime.dll
 0001:00051000       sf_mark_chart_expressionable_inputs 0000000180052000 f   sf_runtime:sf_runtime.dll
 0001:00051006       sf_update_buildInfo        0000000180052006 f   sf_runtime:sf_runtime.dll
 0001:0005100c       sf_rtw_info_uint_prop      000000018005200c f   sf_runtime:sf_runtime.dll
 0001:00051012       sf_is_chart_inlinable      0000000180052012 f   sf_runtime:sf_runtime.dll
 0001:00051018       sim_mode_is_external       0000000180052018 f   sf_runtime:sf_runtime.dll
 0001:0005101e       sim_mode_is_rtw_gen        000000018005201e f   sf_runtime:sf_runtime.dll
 0001:00051024       sf_debug_reset_current_state_configuration 0000000180052024 f   sf_runtime:sf_runtime.dll
 0001:0005102a       sf_debug_set_instance_data_value_ptr 000000018005202a f   sf_runtime:sf_runtime.dll
 0001:00051030       sf_debug_set_chart_data_compiled_props 0000000180052030 f   sf_runtime:sf_runtime.dll
 0001:00051036       cv_eml_init_if             0000000180052036 f   sf_runtime:sf_runtime.dll
 0001:0005103c       cv_eml_init_fcn            000000018005203c f   sf_runtime:sf_runtime.dll
 0001:00051042       cv_eml_init_script         0000000180052042 f   sf_runtime:sf_runtime.dll
 0001:00051048       sf_debug_cv_init_trans     0000000180052048 f   sf_runtime:sf_runtime.dll
 0001:0005104e       sf_debug_cv_init_state     000000018005204e f   sf_runtime:sf_runtime.dll
 0001:00051054       sf_debug_cv_init_chart     0000000180052054 f   sf_runtime:sf_runtime.dll
 0001:0005105a       sf_debug_set_chart_decomposition 000000018005205a f   sf_runtime:sf_runtime.dll
 0001:00051060       sf_debug_set_chart_substate_count 0000000180052060 f   sf_runtime:sf_runtime.dll
 0001:00051066       sf_debug_set_chart_state_info 0000000180052066 f   sf_runtime:sf_runtime.dll
 0001:0005106c       sf_debug_set_chart_data_props 000000018005206c f   sf_runtime:sf_runtime.dll
 0001:00051072       sf_debug_set_chart_event_thresholds 0000000180052072 f   sf_runtime:sf_runtime.dll
 0001:00051078       sf_debug_set_chart_disable_implicit_casting 0000000180052078 f   sf_runtime:sf_runtime.dll
 0001:0005107e       sf_debug_initialize_chart  000000018005207e f   sf_runtime:sf_runtime.dll
 0001:00051084       sf_get_time                0000000180052084 f   sf_runtime:sf_runtime.dll
 0001:0005108a       sf_debug_check_for_state_inconsistency 000000018005208a f   sf_runtime:sf_runtime.dll
 0001:00051090       sf_debug_symbol_scope_pop  0000000180052090 f   sf_runtime:sf_runtime.dll
 0001:00051096       eml_debug_line_call        0000000180052096 f   sf_runtime:sf_runtime.dll
 0001:0005109c       cv_eml_eval                000000018005209c f   sf_runtime:sf_runtime.dll
 0001:000510a2       sf_debug_symbol_scope_add_eml 00000001800520a2 f   sf_runtime:sf_runtime.dll
 0001:000510a8       sf_debug_symbol_scope_add_eml_importable 00000001800520a8 f   sf_runtime:sf_runtime.dll
 0001:000510ae       sf_debug_symbol_scope_push_eml 00000001800520ae f   sf_runtime:sf_runtime.dll
 0001:000510b4       sf_debug_data_range_wrapper 00000001800520b4 f   sf_runtime:sf_runtime.dll
 0001:000510ba       sf_debug_call              00000001800520ba f   sf_runtime:sf_runtime.dll
 0001:000510c0       sf_debug_symbol_scope_push 00000001800520c0 f   sf_runtime:sf_runtime.dll
 0001:000510c6       sf_debug_eml_data_array_bounds_error_check 00000001800520c6 f   sf_runtime:sf_runtime.dll
 0001:000510cc       sf_debug_integer_check     00000001800520cc f   sf_runtime:sf_runtime.dll
 0001:000510d2       sf_mex_call_debug          00000001800520d2 f   sf_runtime:sf_runtime.dll
 0001:000510d8       sf_clear_rtw_identifier    00000001800520d8 f   sf_runtime:sf_runtime.dll
 0001:000510de       sf_debug_terminate         00000001800520de f   sf_runtime:sf_runtime.dll
 0001:000510e4       sf_debug_create_debug_instance_struct 00000001800520e4 f   sf_runtime:sf_runtime.dll
 0001:000510ea       sf_debug_api               00000001800520ea f   sf_runtime:sf_runtime.dll
 0001:000510f0       callMdlMethodAndReportError 00000001800520f0 f   sf_runtime:sf_runtime.dll
 0001:000510f6       call_sf_machine_global_method_dispatcher 00000001800520f6 f   sf_runtime:sf_runtime.dll
 0001:000510fc       sf_clear_error_manager_info 00000001800520fc f   sf_runtime:sf_runtime.dll
 0001:00051102       sf_mex_error_direct_call   0000000180052102 f   sf_runtime:sf_runtime.dll
 0001:00051108       mxCreateDoubleMatrix_730   0000000180052108 f   libmx:libmx.dll
 0001:0005110e       mxGetScalar                000000018005210e f   libmx:libmx.dll
 0001:00051114       mxGetString_730            0000000180052114 f   libmx:libmx.dll
 0001:0005111a       mxIsChar                   000000018005211a f   libmx:libmx.dll
 0001:00051120       mxGetPr                    0000000180052120 f   libmx:libmx.dll
 0001:00051126       mxDestroyArray             0000000180052126 f   libmx:libmx.dll
 0001:0005112c       mxDuplicateArray           000000018005212c f   libmx:libmx.dll
 0001:00051132       mxCreateDoubleScalar       0000000180052132 f   libmx:libmx.dll
 0001:00051138       mxSetField_730             0000000180052138 f   libmx:libmx.dll
 0001:0005113e       mxCreateString             000000018005213e f   libmx:libmx.dll
 0001:00051144       mxCreateStructMatrix_730   0000000180052144 f   libmx:libmx.dll
 0001:0005114a       mxCreateCellMatrix_730     000000018005214a f   libmx:libmx.dll
 0001:00051150       mxGetNaN                   0000000180052150 f   libmx:libmx.dll
 0001:00051156       mxIsEmpty                  0000000180052156 f   libmx:libmx.dll
 0001:0005115c       mxGetClassID               000000018005215c f   libmx:libmx.dll
 0001:00051162       mxIsNumeric                0000000180052162 f   libmx:libmx.dll
 0001:00051168       mxIsComplex                0000000180052168 f   libmx:libmx.dll
 0001:0005116e       mxGetN                     000000018005216e f   libmx:libmx.dll
 0001:00051174       mxGetM                     0000000180052174 f   libmx:libmx.dll
 0001:0005117a       mxCalloc                   000000018005217a f   libmx:libmx.dll
 0001:00051180       mexMakeArrayPersistent     0000000180052180 f   libmex:libmex.dll
 0001:00051186       mexUnlock                  0000000180052186 f   libmex:libmex.dll
 0001:0005118c       mexIsLocked                000000018005218c f   libmex:libmex.dll
 0001:00051192       mexWarnMsgTxt              0000000180052192 f   libmex:libmex.dll
 0001:00051198       mexCallMATLAB              0000000180052198 f   libmex:libmex.dll
 0001:0005119e       mexErrMsgTxt               000000018005219e f   libmex:libmex.dll
 0001:000511a4       mexLock                    00000001800521a4 f   libmex:libmex.dll
 0001:000511aa       utMalloc                   00000001800521aa f   libut:libut.dll
 0001:000511b0       utFree                     00000001800521b0 f   libut:libut.dll
 0001:000511b6       muDoubleScalarIsNaN        00000001800521b6 f   libmwmathutil:libmwmathutil.dll
 0001:000511bc       muDoubleScalarAbs          00000001800521bc f   libmwmathutil:libmwmathutil.dll
 0001:000511c4       __GSHandlerCheckCommon     00000001800521c4 f   MSVCRT:gshandler.obj
 0001:00051228       __GSHandlerCheck           0000000180052228 f   MSVCRT:gshandler.obj
 0001:00051246       strcmp                     0000000180052246 f   MSVCRT:MSVCR100.dll
 0001:00051260       __security_check_cookie    0000000180052260 f   MSVCRT:amdsecgs.obj
 0001:00051280       strlen                     0000000180052280 f   MSVCRT:MSVCR100.dll
 0001:00051286       memset                     0000000180052286 f   MSVCRT:MSVCR100.dll
 0001:0005128c       free                       000000018005228c f   MSVCRT:MSVCR100.dll
 0001:00051292       sprintf                    0000000180052292 f   MSVCRT:MSVCR100.dll
 0001:00051298       malloc                     0000000180052298 f   MSVCRT:MSVCR100.dll
 0001:0005129e       strcat                     000000018005229e f   MSVCRT:MSVCR100.dll
 0001:000512a4       memcpy                     00000001800522a4 f   MSVCRT:MSVCR100.dll
 0001:000512ac       NtCurrentTeb               00000001800522ac f i MSVCRT:crtdll.obj
 0001:00051318       _CRT_INIT                  0000000180052318 f   MSVCRT:crtdll.obj
 0001:000516b0       _DllMainCRTStartup         00000001800526b0 f   MSVCRT:crtdll.obj
 0001:000516f0       __report_gsfailure         00000001800526f0 f   MSVCRT:gs_report.obj
 0001:0005183c       __clean_type_info_names    000000018005283c f   MSVCRT:tncleanup.obj
 0001:00051848       _onexit                    0000000180052848 f   MSVCRT:atonexit.obj
 0001:000518f8       atexit                     00000001800528f8 f   MSVCRT:atonexit.obj
 0001:00051910       _RTC_Initialize            0000000180052910 f   MSVCRT:_initsect_.obj
 0001:00051948       _RTC_Terminate             0000000180052948 f   MSVCRT:_initsect_.obj
 0001:00051980       _malloc_crt                0000000180052980 f   MSVCRT:MSVCR100.dll
 0001:00051990       _ValidateImageBase         0000000180052990 f   MSVCRT:pesect.obj
 0001:000519c0       _FindPESection             00000001800529c0 f   MSVCRT:pesect.obj
 0001:00051a10       _IsNonwritableInCurrentImage 0000000180052a10 f   MSVCRT:pesect.obj
 0001:00051a52       _initterm                  0000000180052a52 f   MSVCRT:MSVCR100.dll
 0001:00051a58       _initterm_e                0000000180052a58 f   MSVCRT:MSVCR100.dll
 0001:00051a5e       _encoded_null              0000000180052a5e f   MSVCRT:MSVCR100.dll
 0001:00051a64       _amsg_exit                 0000000180052a64 f   MSVCRT:MSVCR100.dll
 0001:00051a6a       __C_specific_handler       0000000180052a6a f   MSVCRT:MSVCR100.dll
 0001:00051a70       __CppXcptFilter            0000000180052a70 f   MSVCRT:MSVCR100.dll
 0001:00051a78       DllMain                    0000000180052a78 f   MSVCRT:dllmain.obj
 0001:00051a9c       __security_init_cookie     0000000180052a9c f   MSVCRT:gs_support.obj
 0001:00051b50       __crt_debugger_hook        0000000180052b50 f   MSVCRT:MSVCR100.dll
 0001:00051b56       __clean_type_info_names_internal 0000000180052b56 f   MSVCRT:MSVCR100.dll
 0001:00051b5c       _unlock                    0000000180052b5c f   MSVCRT:MSVCR100.dll
 0001:00051b62       __dllonexit                0000000180052b62 f   MSVCRT:MSVCR100.dll
 0001:00051b68       _lock                      0000000180052b68 f   MSVCRT:MSVCR100.dll
 0001:00051b6e       EncodePointer              0000000180052b6e f   kernel32:KERNEL32.dll
 0001:00051b74       DecodePointer              0000000180052b74 f   kernel32:KERNEL32.dll
 0001:00051b7a       Sleep                      0000000180052b7a f   kernel32:KERNEL32.dll
 0001:00051b80       TerminateProcess           0000000180052b80 f   kernel32:KERNEL32.dll
 0001:00051b86       GetCurrentProcess          0000000180052b86 f   kernel32:KERNEL32.dll
 0001:00051b8c       UnhandledExceptionFilter   0000000180052b8c f   kernel32:KERNEL32.dll
 0001:00051b92       SetUnhandledExceptionFilter 0000000180052b92 f   kernel32:KERNEL32.dll
 0001:00051b98       IsDebuggerPresent          0000000180052b98 f   kernel32:KERNEL32.dll
 0001:00051b9e       RtlVirtualUnwind           0000000180052b9e f   kernel32:KERNEL32.dll
 0001:00051ba4       RtlLookupFunctionEntry     0000000180052ba4 f   kernel32:KERNEL32.dll
 0001:00051baa       RtlCaptureContext          0000000180052baa f   kernel32:KERNEL32.dll
 0001:00051bb0       DisableThreadLibraryCalls  0000000180052bb0 f   kernel32:KERNEL32.dll
 0001:00051bb6       QueryPerformanceCounter    0000000180052bb6 f   kernel32:KERNEL32.dll
 0001:00051bbc       GetTickCount               0000000180052bbc f   kernel32:KERNEL32.dll
 0001:00051bc2       GetCurrentThreadId         0000000180052bc2 f   kernel32:KERNEL32.dll
 0001:00051bc8       GetCurrentProcessId        0000000180052bc8 f   kernel32:KERNEL32.dll
 0001:00051bce       GetSystemTimeAsFileTime    0000000180052bce f   kernel32:KERNEL32.dll
 0002:00000000       __imp_GetSystemTimeAsFileTime 0000000180053000     kernel32:KERNEL32.dll
 0002:00000008       __imp_GetCurrentProcessId  0000000180053008     kernel32:KERNEL32.dll
 0002:00000010       __imp_GetCurrentThreadId   0000000180053010     kernel32:KERNEL32.dll
 0002:00000018       __imp_GetTickCount         0000000180053018     kernel32:KERNEL32.dll
 0002:00000020       __imp_QueryPerformanceCounter 0000000180053020     kernel32:KERNEL32.dll
 0002:00000028       __imp_DisableThreadLibraryCalls 0000000180053028     kernel32:KERNEL32.dll
 0002:00000030       __imp_RtlCaptureContext    0000000180053030     kernel32:KERNEL32.dll
 0002:00000038       __imp_RtlLookupFunctionEntry 0000000180053038     kernel32:KERNEL32.dll
 0002:00000040       __imp_RtlVirtualUnwind     0000000180053040     kernel32:KERNEL32.dll
 0002:00000048       __imp_IsDebuggerPresent    0000000180053048     kernel32:KERNEL32.dll
 0002:00000050       __imp_SetUnhandledExceptionFilter 0000000180053050     kernel32:KERNEL32.dll
 0002:00000058       __imp_UnhandledExceptionFilter 0000000180053058     kernel32:KERNEL32.dll
 0002:00000060       __imp_GetCurrentProcess    0000000180053060     kernel32:KERNEL32.dll
 0002:00000068       __imp_TerminateProcess     0000000180053068     kernel32:KERNEL32.dll
 0002:00000070       __imp_Sleep                0000000180053070     kernel32:KERNEL32.dll
 0002:00000078       __imp_DecodePointer        0000000180053078     kernel32:KERNEL32.dll
 0002:00000080       __imp_EncodePointer        0000000180053080     kernel32:KERNEL32.dll
 0002:00000088       \177KERNEL32_NULL_THUNK_DATA 0000000180053088     kernel32:KERNEL32.dll
 0002:00000090       __imp__onexit              0000000180053090     MSVCRT:MSVCR100.dll
 0002:00000098       __imp__lock                0000000180053098     MSVCRT:MSVCR100.dll
 0002:000000a0       __imp___dllonexit          00000001800530a0     MSVCRT:MSVCR100.dll
 0002:000000a8       __imp__unlock              00000001800530a8     MSVCRT:MSVCR100.dll
 0002:000000b0       __imp___clean_type_info_names_internal 00000001800530b0     MSVCRT:MSVCR100.dll
 0002:000000b8       __imp___crt_debugger_hook  00000001800530b8     MSVCRT:MSVCR100.dll
 0002:000000c0       __imp___CppXcptFilter      00000001800530c0     MSVCRT:MSVCR100.dll
 0002:000000c8       __imp___C_specific_handler 00000001800530c8     MSVCRT:MSVCR100.dll
 0002:000000d0       __imp__amsg_exit           00000001800530d0     MSVCRT:MSVCR100.dll
 0002:000000d8       __imp__encoded_null        00000001800530d8     MSVCRT:MSVCR100.dll
 0002:000000e0       __imp__initterm_e          00000001800530e0     MSVCRT:MSVCR100.dll
 0002:000000e8       __imp__initterm            00000001800530e8     MSVCRT:MSVCR100.dll
 0002:000000f0       __imp__malloc_crt          00000001800530f0     MSVCRT:MSVCR100.dll
 0002:000000f8       __imp_memcpy               00000001800530f8     MSVCRT:MSVCR100.dll
 0002:00000100       __imp_strcat               0000000180053100     MSVCRT:MSVCR100.dll
 0002:00000108       __imp_malloc               0000000180053108     MSVCRT:MSVCR100.dll
 0002:00000110       __imp_sprintf              0000000180053110     MSVCRT:MSVCR100.dll
 0002:00000118       __imp_free                 0000000180053118     MSVCRT:MSVCR100.dll
 0002:00000120       __imp_memset               0000000180053120     MSVCRT:MSVCR100.dll
 0002:00000128       __imp_strlen               0000000180053128     MSVCRT:MSVCR100.dll
 0002:00000130       __imp_strcmp               0000000180053130     MSVCRT:MSVCR100.dll
 0002:00000138       \177MSVCR100_NULL_THUNK_DATA 0000000180053138     MSVCRT:MSVCR100.dll
 0002:00000140       __imp_mexErrMsgTxt         0000000180053140     libmex:libmex.dll
 0002:00000148       __imp_mexUnlock            0000000180053148     libmex:libmex.dll
 0002:00000150       __imp_mexIsLocked          0000000180053150     libmex:libmex.dll
 0002:00000158       __imp_mexLock              0000000180053158     libmex:libmex.dll
 0002:00000160       __imp_mexMakeArrayPersistent 0000000180053160     libmex:libmex.dll
 0002:00000168       __imp_mexCallMATLAB        0000000180053168     libmex:libmex.dll
 0002:00000170       __imp_mexWarnMsgTxt        0000000180053170     libmex:libmex.dll
 0002:00000178       \177libmex_NULL_THUNK_DATA 0000000180053178     libmex:libmex.dll
 0002:00000180       __imp_muDoubleScalarAbs    0000000180053180     libmwmathutil:libmwmathutil.dll
 0002:00000188       __imp_muDoubleScalarIsNaN  0000000180053188     libmwmathutil:libmwmathutil.dll
 0002:00000190       \177libmwmathutil_NULL_THUNK_DATA 0000000180053190     libmwmathutil:libmwmathutil.dll
 0002:00000198       __imp_mxCalloc             0000000180053198     libmx:libmx.dll
 0002:000001a0       __imp_mxGetM               00000001800531a0     libmx:libmx.dll
 0002:000001a8       __imp_mxGetN               00000001800531a8     libmx:libmx.dll
 0002:000001b0       __imp_mxIsComplex          00000001800531b0     libmx:libmx.dll
 0002:000001b8       __imp_mxIsNumeric          00000001800531b8     libmx:libmx.dll
 0002:000001c0       __imp_mxGetClassID         00000001800531c0     libmx:libmx.dll
 0002:000001c8       __imp_mxIsEmpty            00000001800531c8     libmx:libmx.dll
 0002:000001d0       __imp_mxGetNaN             00000001800531d0     libmx:libmx.dll
 0002:000001d8       __imp_mxCreateCellMatrix_730 00000001800531d8     libmx:libmx.dll
 0002:000001e0       __imp_mxCreateStructMatrix_730 00000001800531e0     libmx:libmx.dll
 0002:000001e8       __imp_mxCreateString       00000001800531e8     libmx:libmx.dll
 0002:000001f0       __imp_mxSetField_730       00000001800531f0     libmx:libmx.dll
 0002:000001f8       __imp_mxCreateDoubleScalar 00000001800531f8     libmx:libmx.dll
 0002:00000200       __imp_mxDuplicateArray     0000000180053200     libmx:libmx.dll
 0002:00000208       __imp_mxCreateDoubleMatrix_730 0000000180053208     libmx:libmx.dll
 0002:00000210       __imp_mxGetScalar          0000000180053210     libmx:libmx.dll
 0002:00000218       __imp_mxGetString_730      0000000180053218     libmx:libmx.dll
 0002:00000220       __imp_mxIsChar             0000000180053220     libmx:libmx.dll
 0002:00000228       __imp_mxGetPr              0000000180053228     libmx:libmx.dll
 0002:00000230       __imp_mxDestroyArray       0000000180053230     libmx:libmx.dll
 0002:00000238       \177libmx_NULL_THUNK_DATA  0000000180053238     libmx:libmx.dll
 0002:00000240       __imp_utMalloc             0000000180053240     libut:libut.dll
 0002:00000248       __imp_utFree               0000000180053248     libut:libut.dll
 0002:00000250       \177libut_NULL_THUNK_DATA  0000000180053250     libut:libut.dll
 0002:00000258       __imp_call_sf_machine_global_method_dispatcher 0000000180053258     sf_runtime:sf_runtime.dll
 0002:00000260       __imp_callMdlMethodAndReportError 0000000180053260     sf_runtime:sf_runtime.dll
 0002:00000268       __imp_sf_debug_api         0000000180053268     sf_runtime:sf_runtime.dll
 0002:00000270       __imp_sf_debug_create_debug_instance_struct 0000000180053270     sf_runtime:sf_runtime.dll
 0002:00000278       __imp_sf_debug_terminate   0000000180053278     sf_runtime:sf_runtime.dll
 0002:00000280       __imp_sf_clear_rtw_identifier 0000000180053280     sf_runtime:sf_runtime.dll
 0002:00000288       __imp_sf_mex_call_debug    0000000180053288     sf_runtime:sf_runtime.dll
 0002:00000290       __imp_sf_debug_integer_check 0000000180053290     sf_runtime:sf_runtime.dll
 0002:00000298       __imp_sf_debug_eml_data_array_bounds_error_check 0000000180053298     sf_runtime:sf_runtime.dll
 0002:000002a0       __imp_sf_clear_error_manager_info 00000001800532a0     sf_runtime:sf_runtime.dll
 0002:000002a8       __imp_sf_debug_call        00000001800532a8     sf_runtime:sf_runtime.dll
 0002:000002b0       __imp_sf_debug_data_range_wrapper 00000001800532b0     sf_runtime:sf_runtime.dll
 0002:000002b8       __imp_sf_debug_symbol_scope_push_eml 00000001800532b8     sf_runtime:sf_runtime.dll
 0002:000002c0       __imp_sf_debug_symbol_scope_add_eml_importable 00000001800532c0     sf_runtime:sf_runtime.dll
 0002:000002c8       __imp_sf_debug_symbol_scope_add_eml 00000001800532c8     sf_runtime:sf_runtime.dll
 0002:000002d0       __imp_cv_eml_eval          00000001800532d0     sf_runtime:sf_runtime.dll
 0002:000002d8       __imp_eml_debug_line_call  00000001800532d8     sf_runtime:sf_runtime.dll
 0002:000002e0       __imp_sf_debug_symbol_scope_pop 00000001800532e0     sf_runtime:sf_runtime.dll
 0002:000002e8       __imp_sf_debug_check_for_state_inconsistency 00000001800532e8     sf_runtime:sf_runtime.dll
 0002:000002f0       __imp_sf_get_time          00000001800532f0     sf_runtime:sf_runtime.dll
 0002:000002f8       __imp_sf_mex_error_direct_call 00000001800532f8     sf_runtime:sf_runtime.dll
 0002:00000300       __imp_sf_debug_symbol_scope_push 0000000180053300     sf_runtime:sf_runtime.dll
 0002:00000308       __imp_sf_debug_initialize_chart 0000000180053308     sf_runtime:sf_runtime.dll
 0002:00000310       __imp_sf_debug_set_chart_disable_implicit_casting 0000000180053310     sf_runtime:sf_runtime.dll
 0002:00000318       __imp_sf_debug_set_chart_event_thresholds 0000000180053318     sf_runtime:sf_runtime.dll
 0002:00000320       __imp_sf_debug_set_chart_data_props 0000000180053320     sf_runtime:sf_runtime.dll
 0002:00000328       __imp_sf_debug_set_chart_state_info 0000000180053328     sf_runtime:sf_runtime.dll
 0002:00000330       __imp_sf_debug_set_chart_substate_count 0000000180053330     sf_runtime:sf_runtime.dll
 0002:00000338       __imp_sf_debug_set_chart_decomposition 0000000180053338     sf_runtime:sf_runtime.dll
 0002:00000340       __imp_sf_debug_cv_init_chart 0000000180053340     sf_runtime:sf_runtime.dll
 0002:00000348       __imp_sf_debug_cv_init_state 0000000180053348     sf_runtime:sf_runtime.dll
 0002:00000350       __imp_sf_debug_cv_init_trans 0000000180053350     sf_runtime:sf_runtime.dll
 0002:00000358       __imp_cv_eml_init_script   0000000180053358     sf_runtime:sf_runtime.dll
 0002:00000360       __imp_cv_eml_init_fcn      0000000180053360     sf_runtime:sf_runtime.dll
 0002:00000368       __imp_cv_eml_init_if       0000000180053368     sf_runtime:sf_runtime.dll
 0002:00000370       __imp_sf_debug_set_chart_data_compiled_props 0000000180053370     sf_runtime:sf_runtime.dll
 0002:00000378       __imp_sf_debug_set_instance_data_value_ptr 0000000180053378     sf_runtime:sf_runtime.dll
 0002:00000380       __imp_sf_debug_reset_current_state_configuration 0000000180053380     sf_runtime:sf_runtime.dll
 0002:00000388       __imp_sim_mode_is_rtw_gen  0000000180053388     sf_runtime:sf_runtime.dll
 0002:00000390       __imp_sim_mode_is_external 0000000180053390     sf_runtime:sf_runtime.dll
 0002:00000398       __imp_sf_is_chart_inlinable 0000000180053398     sf_runtime:sf_runtime.dll
 0002:000003a0       __imp_sf_rtw_info_uint_prop 00000001800533a0     sf_runtime:sf_runtime.dll
 0002:000003a8       __imp_sf_update_buildInfo  00000001800533a8     sf_runtime:sf_runtime.dll
 0002:000003b0       __imp_sf_mark_chart_expressionable_inputs 00000001800533b0     sf_runtime:sf_runtime.dll
 0002:000003b8       __imp_sf_mark_chart_reusable_outputs 00000001800533b8     sf_runtime:sf_runtime.dll
 0002:000003c0       __imp_sf_set_rtw_dwork_info 00000001800533c0     sf_runtime:sf_runtime.dll
 0002:000003c8       __imp_sf_mex_import        00000001800533c8     sf_runtime:sf_runtime.dll
 0002:000003d0       __imp_sf_mex_dup           00000001800533d0     sf_runtime:sf_runtime.dll
 0002:000003d8       __imp_sf_mex_getcell       00000001800533d8     sf_runtime:sf_runtime.dll
 0002:000003e0       __imp_sf_mex_decode_encoded_mx_struct_array 00000001800533e0     sf_runtime:sf_runtime.dll
 0002:000003e8       __imp_sf_mex_setcell       00000001800533e8     sf_runtime:sf_runtime.dll
 0002:000003f0       __imp_sf_mex_call_matlab   00000001800533f0     sf_runtime:sf_runtime.dll
 0002:000003f8       __imp_sf_mex_error_message 00000001800533f8     sf_runtime:sf_runtime.dll
 0002:00000400       __imp_sf_mex_create        0000000180053400     sf_runtime:sf_runtime.dll
 0002:00000408       __imp_sf_mex_addfield      0000000180053408     sf_runtime:sf_runtime.dll
 0002:00000410       __imp_sf_mex_createcellmatrix 0000000180053410     sf_runtime:sf_runtime.dll
 0002:00000418       __imp_sf_mex_duplicatearraysafe 0000000180053418     sf_runtime:sf_runtime.dll
 0002:00000420       __imp_sf_mex_destroy       0000000180053420     sf_runtime:sf_runtime.dll
 0002:00000428       __imp_sf_mex_createstruct  0000000180053428     sf_runtime:sf_runtime.dll
 0002:00000430       __imp_sf_mex_assign        0000000180053430     sf_runtime:sf_runtime.dll
 0002:00000438       __imp_sf_mex_emlrtNameCapturePostProcessR2012a 0000000180053438     sf_runtime:sf_runtime.dll
 0002:00000440       __imp_sf_load_rtw_optimization_info 0000000180053440     sf_runtime:sf_runtime.dll
 0002:00000448       __imp_sf_debug_initialize_machine 0000000180053448     sf_runtime:sf_runtime.dll
 0002:00000450       __imp_sf_debug_set_machine_event_thresholds 0000000180053450     sf_runtime:sf_runtime.dll
 0002:00000458       __imp_sf_debug_set_machine_data_thresholds 0000000180053458     sf_runtime:sf_runtime.dll
 0002:00000460       \177sf_runtime_NULL_THUNK_DATA 0000000180053460     sf_runtime:sf_runtime.dll
 0002:00000468       __xc_a                     0000000180053468     MSVCRT:cinitexe.obj
 0002:00000470       __xc_z                     0000000180053470     MSVCRT:cinitexe.obj
 0002:00000478       __xi_a                     0000000180053478     MSVCRT:cinitexe.obj
 0002:00000488       __xi_z                     0000000180053488     MSVCRT:cinitexe.obj
 0002:00000490       __real@41ed46acc3a00000    0000000180053490     ballTossController_sfun.obj
 0002:00000498       __real@41e41094a1e00000    0000000180053498     ballTossController_sfun.obj
 0002:000004a0       __real@41efe45815200000    00000001800534a0     ballTossController_sfun.obj
 0002:000004a8       __real@41c9df28a0000000    00000001800534a8     ballTossController_sfun.obj
 0002:000004b0       __real@41ad4b2baa000000    00000001800534b0     ballTossController_sfun.obj
 0002:000004b8       __real@41e4f54984000000    00000001800534b8     ballTossController_sfun.obj
 0002:000004c0       __real@41e2ce78c3a00000    00000001800534c0     ballTossController_sfun.obj
 0002:000004c8       __real@41e6fa90b7000000    00000001800534c8     ballTossController_sfun.obj
 0002:000004d0       __real@41dae216efc00000    00000001800534d0     ballTossController_sfun.obj
 0002:000004d8       __real@41cc9c6293000000    00000001800534d8     ballTossController_sfun.obj
 0002:000004e0       __real@41dd4d64e9000000    00000001800534e0     ballTossController_sfun.obj
 0002:000004e8       __real@41e20b46a1400000    00000001800534e8     ballTossController_sfun.obj
 0002:000004f0       __real@41d0e529ee800000    00000001800534f0     ballTossController_sfun.obj
 0002:000004f8       __real@41e4438087400000    00000001800534f8     ballTossController_sfun.obj
 0002:00000500       __real@41a4ecd3a0000000    0000000180053500     ballTossController_sfun.obj
 0002:00000508       __real@41e7c151aa000000    0000000180053508     ballTossController_sfun.obj
 0002:00000510       __real@41eece6d74c00000    0000000180053510     c1_ballTossController.obj
 0002:00000518       __real@41d8be6454800000    0000000180053518     c1_ballTossController.obj
 0002:00000520       __real@41e324fbb2e00000    0000000180053520     c1_ballTossController.obj
 0002:00000528       __real@41a233a93c000000    0000000180053528     c1_ballTossController.obj
 0002:00000530       __real@3ff0000000000000    0000000180053530     c1_ballTossController.obj
 0002:00000538       __real@4024000000000000    0000000180053538     c1_ballTossController.obj
 0002:00000540       __real@4008000000000000    0000000180053540     c1_ballTossController.obj
 0002:00000548       __real@41d68242ff800000    0000000180053548     c3_ballTossController.obj
 0002:00000550       __real@41b7903a45000000    0000000180053550     c3_ballTossController.obj
 0002:00000558       __real@41e00764b9600000    0000000180053558     c3_ballTossController.obj
 0002:00000560       __real@41eeec73cd000000    0000000180053560     c3_ballTossController.obj
 0002:00000568       __real@4000000000000000    0000000180053568     c3_ballTossController.obj
 0002:00000570       __real@4010000000000000    0000000180053570     c3_ballTossController.obj
 0002:00000578       __real@41d6c8210e000000    0000000180053578     c5_ballTossController.obj
 0002:00000580       __real@41ea805f9f000000    0000000180053580     c5_ballTossController.obj
 0002:00000588       __real@41d6a14c1ec00000    0000000180053588     c5_ballTossController.obj
 0002:00000590       __real@41e74c1dc6800000    0000000180053590     c5_ballTossController.obj
 0002:00000598       __real@0000000000000000    0000000180053598     c5_ballTossController.obj
 0002:000005a0       DYNAMIC_DIMENSION_DEF      00000001800535a0     ballTossController_sfun_registry.obj
 0002:000005c0       _ssBadLevel2InputAccessMsg 00000001800535c0     ballTossController_sfun_registry.obj
 0002:00000750       _ssBadLevel2DirectFeedMsg  0000000180053750     ballTossController_sfun_registry.obj
 0002:00000890       _ssBadLevel2DirectFeedSolutionMsg 0000000180053890     ballTossController_sfun_registry.obj
 0002:00000900       _ssBadLevel2ZeroDirectFeedMsg 0000000180053900     ballTossController_sfun_registry.obj
 0002:00000a40       _ssBadLevel2ZeroDirectFeedMsg2 0000000180053a40     ballTossController_sfun_registry.obj
 0002:00000b28       __real@bff0000000000000    0000000180053b28     ballTossController_sfun_registry.obj
 0002:00000b30       __real@41602cbca0000000    0000000180053b30     ballTossController_sfun_registry.obj
 0002:00000b38       _pRawDllMain               0000000180053b38     MSVCRT:crtdll.obj
 0002:00000b38       _pDefaultRawDllMain        0000000180053b38     MSVCRT:crtdll.obj
 0002:00000b50       ?ProcessDetach@NativeDll@<CrtImplementationDetails>@@0IB 0000000180053b50     MSVCRT:tncleanup.obj
 0002:00000b54       ?ProcessAttach@NativeDll@<CrtImplementationDetails>@@0IB 0000000180053b54     MSVCRT:tncleanup.obj
 0002:00000b58       ?ThreadAttach@NativeDll@<CrtImplementationDetails>@@0IB 0000000180053b58     MSVCRT:tncleanup.obj
 0002:00000b5c       ?ThreadDetach@NativeDll@<CrtImplementationDetails>@@0IB 0000000180053b5c     MSVCRT:tncleanup.obj
 0002:00000b60       ?ProcessVerifier@NativeDll@<CrtImplementationDetails>@@0IB 0000000180053b60     MSVCRT:tncleanup.obj
 0002:00000b68       __rtc_iaa                  0000000180053b68     MSVCRT:_initsect_.obj
 0002:00000b70       __rtc_izz                  0000000180053b70     MSVCRT:_initsect_.obj
 0002:00000b78       __rtc_taa                  0000000180053b78     MSVCRT:_initsect_.obj
 0002:00000b80       __rtc_tzz                  0000000180053b80     MSVCRT:_initsect_.obj
 0002:000017e8       __IMPORT_DESCRIPTOR_sf_runtime 00000001800547e8     sf_runtime:sf_runtime.dll
 0002:000017fc       __IMPORT_DESCRIPTOR_libmx  00000001800547fc     libmx:libmx.dll
 0002:00001810       __IMPORT_DESCRIPTOR_libmex 0000000180054810     libmex:libmex.dll
 0002:00001824       __IMPORT_DESCRIPTOR_libut  0000000180054824     libut:libut.dll
 0002:00001838       __IMPORT_DESCRIPTOR_libmwmathutil 0000000180054838     libmwmathutil:libmwmathutil.dll
 0002:0000184c       __IMPORT_DESCRIPTOR_MSVCR100 000000018005484c     MSVCRT:MSVCR100.dll
 0002:00001860       __IMPORT_DESCRIPTOR_KERNEL32 0000000180054860     kernel32:KERNEL32.dll
 0002:00001874       __NULL_IMPORT_DESCRIPTOR   0000000180054874     sf_runtime:sf_runtime.dll
 0003:00021b90       DYNAMIC_DIMENSION          0000000180077b90     ballTossController_sfun_registry.obj
 0003:00022798       __security_cookie          0000000180078798     MSVCRT:gs_cookie.obj
 0003:000227a0       __security_cookie_complement 00000001800787a0     MSVCRT:gs_cookie.obj
 0003:000227a8       _fltused                   00000001800787a8     MSVCRT:dllsupp.obj
 0003:000227b0       __native_dllmain_reason    00000001800787b0     MSVCRT:natstart.obj
 0003:000227b4       __native_vcclrit_reason    00000001800787b4     MSVCRT:natstart.obj
 0003:00022988       sfGlobalDebugInstanceStruct 0000000180078988     ballTossController_sfun_registry.obj
 0003:00022f10       ?__type_info_root_node@@3U__type_info_node@@A 0000000180078f10     MSVCRT:tncleanup.obj
 0003:00022f20       _ballTossControllerMachineNumber_ 0000000180078f20     <common>
 0003:00022f24       __native_startup_state     0000000180078f24     <common>
 0003:00022f28       __native_startup_lock      0000000180078f28     <common>
 0003:00022f30       __onexitend                0000000180078f30     <common>
 0003:00022f38       __onexitbegin              0000000180078f38     <common>
 0003:00022f40       __dyn_tls_init_callback    0000000180078f40     <common>

 entry point at        0001:000516b0

 Static symbols

 0001:00001190       c1_info_helper             0000000180002190 f   c1_ballTossController.obj
 0001:0000ae00       c1_emlrt_marshallOut       000000018000be00 f   c1_ballTossController.obj
 0001:0000ae90       c1_b_emlrt_marshallOut     000000018000be90 f   c1_ballTossController.obj
 0001:0000af00       c1_b_info_helper           000000018000bf00 f   c1_ballTossController.obj
 0001:0000e0e0       get_sim_state_c1_ballTossController 000000018000f0e0 f   c1_ballTossController.obj
 0001:0000e290       sf_get_sim_state_info_c1_ballTossController 000000018000f290 f   c1_ballTossController.obj
 0001:0000e460       set_sim_state_c1_ballTossController 000000018000f460 f   c1_ballTossController.obj
 0001:0000e540       c1_update_debugger_state_c1_ballTossController 000000018000f540 f   c1_ballTossController.obj
 0001:0000e550       c1_emlrt_marshallIn        000000018000f550 f   c1_ballTossController.obj
 0001:0000e5c0       c1_b_emlrt_marshallIn      000000018000f5c0 f   c1_ballTossController.obj
 0001:0000e650       c1_d_emlrt_marshallIn      000000018000f650 f   c1_ballTossController.obj
 0001:0000e6b0       c1_e_emlrt_marshallIn      000000018000f6b0 f   c1_ballTossController.obj
 0001:0000e7b0       mdlProcessParameters_c1_ballTossController 000000018000f7b0 f   c1_ballTossController.obj
 0001:0000e890       initialize_params_c1_ballTossController 000000018000f890 f   c1_ballTossController.obj
 0001:0000e8a0       mdlSetWorkWidths_c1_ballTossController 000000018000f8a0 f   c1_ballTossController.obj
 0001:0000edd0       sf_get_instance_specialization 000000018000fdd0 f   c1_ballTossController.obj
 0001:0000ede0       mdlStart_c1_ballTossController 000000018000fde0 f   c1_ballTossController.obj
 0001:0000f010       init_dsm_address_info      0000000180010010 f   c1_ballTossController.obj
 0001:0000f020       chart_debug_initialization 0000000180010020 f   c1_ballTossController.obj
 0001:0000fb10       init_script_number_translation 0000000180010b10 f   c1_ballTossController.obj
 0001:0000fb30       c1_sf_marshallOut          0000000180010b30 f   c1_ballTossController.obj
 0001:0000fbe0       c1_sf_marshallIn           0000000180010be0 f   c1_ballTossController.obj
 0001:0000fc80       c1_b_sf_marshallOut        0000000180010c80 f   c1_ballTossController.obj
 0001:0000fe00       sf_opaque_initialize_c1_ballTossController 0000000180010e00 f   c1_ballTossController.obj
 0001:0000fe40       initialize_c1_ballTossController 0000000180010e40 f   c1_ballTossController.obj
 0001:0000fe90       sf_opaque_enable_c1_ballTossController 0000000180010e90 f   c1_ballTossController.obj
 0001:0000feb0       enable_c1_ballTossController 0000000180010eb0 f   c1_ballTossController.obj
 0001:0000fee0       sf_opaque_disable_c1_ballTossController 0000000180010ee0 f   c1_ballTossController.obj
 0001:0000ff00       disable_c1_ballTossController 0000000180010f00 f   c1_ballTossController.obj
 0001:0000ff30       sf_opaque_gateway_c1_ballTossController 0000000180010f30 f   c1_ballTossController.obj
 0001:0000ff50       sf_gateway_c1_ballTossController 0000000180010f50 f   c1_ballTossController.obj
 0001:00010ad0       c1_interp1                 0000000180011ad0 f   c1_ballTossController.obj
 0001:00011d10       c1_assert                  0000000180012d10 f   c1_ballTossController.obj
 0001:00011d20       c1_b_assert                0000000180012d20 f   c1_ballTossController.obj
 0001:00011d30       c1_eml_scalar_eg           0000000180012d30 f   c1_ballTossController.obj
 0001:00011d40       c1_c_assert                0000000180012d40 f   c1_ballTossController.obj
 0001:00011d50       c1_d_assert                0000000180012d50 f   c1_ballTossController.obj
 0001:00011d60       c1_StringToMethodID        0000000180012d60 f   c1_ballTossController.obj
 0001:00011d70       c1_e_assert                0000000180012d70 f   c1_ballTossController.obj
 0001:00011d80       c1_f_assert                0000000180012d80 f   c1_ballTossController.obj
 0001:00011d90       c1_g_assert                0000000180012d90 f   c1_ballTossController.obj
 0001:00011da0       c1_h_assert                0000000180012da0 f   c1_ballTossController.obj
 0001:00011db0       c1_eml_error               0000000180012db0 f   c1_ballTossController.obj
 0001:00011ef0       c1_b_eml_error             0000000180012ef0 f   c1_ballTossController.obj
 0001:00012030       sf_opaque_get_sim_state_c1_ballTossController 0000000180013030 f   c1_ballTossController.obj
 0001:00012050       sf_opaque_set_sim_state_c1_ballTossController 0000000180013050 f   c1_ballTossController.obj
 0001:00012080       sf_opaque_terminate_c1_ballTossController 0000000180013080 f   c1_ballTossController.obj
 0001:00012120       finalize_c1_ballTossController 0000000180013120 f   c1_ballTossController.obj
 0001:00012130       sf_opaque_init_subchart_simstructs 0000000180013130 f   c1_ballTossController.obj
 0001:00012150       initSimStructsc1_ballTossController 0000000180013150 f   c1_ballTossController.obj
 0001:00012160       mdlRTW_c1_ballTossController 0000000180013160 f   c1_ballTossController.obj
 0001:00012220       c3_info_helper             0000000180013220 f   c3_ballTossController.obj
 0001:0001be90       c3_emlrt_marshallOut       000000018001ce90 f   c3_ballTossController.obj
 0001:0001bf20       c3_b_emlrt_marshallOut     000000018001cf20 f   c3_ballTossController.obj
 0001:0001bf90       c3_b_info_helper           000000018001cf90 f   c3_ballTossController.obj
 0001:0001f400       get_sim_state_c3_ballTossController 0000000180020400 f   c3_ballTossController.obj
 0001:0001f670       sf_get_sim_state_info_c3_ballTossController 0000000180020670 f   c3_ballTossController.obj
 0001:0001f840       set_sim_state_c3_ballTossController 0000000180020840 f   c3_ballTossController.obj
 0001:0001f960       c3_update_debugger_state_c3_ballTossController 0000000180020960 f   c3_ballTossController.obj
 0001:0001f970       c3_emlrt_marshallIn        0000000180020970 f   c3_ballTossController.obj
 0001:0001f9e0       c3_b_emlrt_marshallIn      00000001800209e0 f   c3_ballTossController.obj
 0001:0001fa70       c3_d_emlrt_marshallIn      0000000180020a70 f   c3_ballTossController.obj
 0001:0001fad0       c3_e_emlrt_marshallIn      0000000180020ad0 f   c3_ballTossController.obj
 0001:0001fbd0       mdlProcessParameters_c3_ballTossController 0000000180020bd0 f   c3_ballTossController.obj
 0001:0001fcb0       initialize_params_c3_ballTossController 0000000180020cb0 f   c3_ballTossController.obj
 0001:0001fcc0       mdlSetWorkWidths_c3_ballTossController 0000000180020cc0 f   c3_ballTossController.obj
 0001:00020220       sf_get_instance_specialization 0000000180021220 f   c3_ballTossController.obj
 0001:00020230       mdlStart_c3_ballTossController 0000000180021230 f   c3_ballTossController.obj
 0001:00020460       init_dsm_address_info      0000000180021460 f   c3_ballTossController.obj
 0001:00020470       chart_debug_initialization 0000000180021470 f   c3_ballTossController.obj
 0001:00021230       init_script_number_translation 0000000180022230 f   c3_ballTossController.obj
 0001:00021250       c3_sf_marshallOut          0000000180022250 f   c3_ballTossController.obj
 0001:00021300       c3_sf_marshallIn           0000000180022300 f   c3_ballTossController.obj
 0001:000213a0       c3_b_sf_marshallOut        00000001800223a0 f   c3_ballTossController.obj
 0001:00021520       sf_opaque_initialize_c3_ballTossController 0000000180022520 f   c3_ballTossController.obj
 0001:00021560       initialize_c3_ballTossController 0000000180022560 f   c3_ballTossController.obj
 0001:000215b0       sf_opaque_enable_c3_ballTossController 00000001800225b0 f   c3_ballTossController.obj
 0001:000215d0       enable_c3_ballTossController 00000001800225d0 f   c3_ballTossController.obj
 0001:00021600       sf_opaque_disable_c3_ballTossController 0000000180022600 f   c3_ballTossController.obj
 0001:00021620       disable_c3_ballTossController 0000000180022620 f   c3_ballTossController.obj
 0001:00021650       sf_opaque_gateway_c3_ballTossController 0000000180022650 f   c3_ballTossController.obj
 0001:00021670       sf_gateway_c3_ballTossController 0000000180022670 f   c3_ballTossController.obj
 0001:000225b0       c3_interp1                 00000001800235b0 f   c3_ballTossController.obj
 0001:000237f0       c3_assert                  00000001800247f0 f   c3_ballTossController.obj
 0001:00023800       c3_b_assert                0000000180024800 f   c3_ballTossController.obj
 0001:00023810       c3_eml_scalar_eg           0000000180024810 f   c3_ballTossController.obj
 0001:00023820       c3_c_assert                0000000180024820 f   c3_ballTossController.obj
 0001:00023830       c3_d_assert                0000000180024830 f   c3_ballTossController.obj
 0001:00023840       c3_StringToMethodID        0000000180024840 f   c3_ballTossController.obj
 0001:00023850       c3_e_assert                0000000180024850 f   c3_ballTossController.obj
 0001:00023860       c3_f_assert                0000000180024860 f   c3_ballTossController.obj
 0001:00023870       c3_g_assert                0000000180024870 f   c3_ballTossController.obj
 0001:00023880       c3_h_assert                0000000180024880 f   c3_ballTossController.obj
 0001:00023890       c3_eml_error               0000000180024890 f   c3_ballTossController.obj
 0001:000239d0       c3_b_eml_error             00000001800249d0 f   c3_ballTossController.obj
 0001:00023b20       sf_opaque_get_sim_state_c3_ballTossController 0000000180024b20 f   c3_ballTossController.obj
 0001:00023b40       sf_opaque_set_sim_state_c3_ballTossController 0000000180024b40 f   c3_ballTossController.obj
 0001:00023b70       sf_opaque_terminate_c3_ballTossController 0000000180024b70 f   c3_ballTossController.obj
 0001:00023c10       finalize_c3_ballTossController 0000000180024c10 f   c3_ballTossController.obj
 0001:00023c20       sf_opaque_init_subchart_simstructs 0000000180024c20 f   c3_ballTossController.obj
 0001:00023c40       initSimStructsc3_ballTossController 0000000180024c40 f   c3_ballTossController.obj
 0001:00023c50       mdlRTW_c3_ballTossController 0000000180024c50 f   c3_ballTossController.obj
 0001:00023d10       c4_info_helper             0000000180024d10 f   c4_ballTossController.obj
 0001:0002d980       c4_emlrt_marshallOut       000000018002e980 f   c4_ballTossController.obj
 0001:0002da10       c4_b_emlrt_marshallOut     000000018002ea10 f   c4_ballTossController.obj
 0001:0002da80       c4_b_info_helper           000000018002ea80 f   c4_ballTossController.obj
 0001:00030c60       get_sim_state_c4_ballTossController 0000000180031c60 f   c4_ballTossController.obj
 0001:00030e10       sf_get_sim_state_info_c4_ballTossController 0000000180031e10 f   c4_ballTossController.obj
 0001:00030fe0       set_sim_state_c4_ballTossController 0000000180031fe0 f   c4_ballTossController.obj
 0001:000310c0       c4_update_debugger_state_c4_ballTossController 00000001800320c0 f   c4_ballTossController.obj
 0001:000310d0       c4_emlrt_marshallIn        00000001800320d0 f   c4_ballTossController.obj
 0001:00031140       c4_b_emlrt_marshallIn      0000000180032140 f   c4_ballTossController.obj
 0001:000311d0       c4_d_emlrt_marshallIn      00000001800321d0 f   c4_ballTossController.obj
 0001:00031230       c4_e_emlrt_marshallIn      0000000180032230 f   c4_ballTossController.obj
 0001:00031330       mdlProcessParameters_c4_ballTossController 0000000180032330 f   c4_ballTossController.obj
 0001:00031410       initialize_params_c4_ballTossController 0000000180032410 f   c4_ballTossController.obj
 0001:00031420       mdlSetWorkWidths_c4_ballTossController 0000000180032420 f   c4_ballTossController.obj
 0001:00031950       sf_get_instance_specialization 0000000180032950 f   c4_ballTossController.obj
 0001:00031960       mdlStart_c4_ballTossController 0000000180032960 f   c4_ballTossController.obj
 0001:00031b90       init_dsm_address_info      0000000180032b90 f   c4_ballTossController.obj
 0001:00031ba0       chart_debug_initialization 0000000180032ba0 f   c4_ballTossController.obj
 0001:00032690       init_script_number_translation 0000000180033690 f   c4_ballTossController.obj
 0001:000326b0       c4_sf_marshallOut          00000001800336b0 f   c4_ballTossController.obj
 0001:00032760       c4_sf_marshallIn           0000000180033760 f   c4_ballTossController.obj
 0001:00032800       c4_b_sf_marshallOut        0000000180033800 f   c4_ballTossController.obj
 0001:00032990       sf_opaque_initialize_c4_ballTossController 0000000180033990 f   c4_ballTossController.obj
 0001:000329d0       initialize_c4_ballTossController 00000001800339d0 f   c4_ballTossController.obj
 0001:00032a20       sf_opaque_enable_c4_ballTossController 0000000180033a20 f   c4_ballTossController.obj
 0001:00032a40       enable_c4_ballTossController 0000000180033a40 f   c4_ballTossController.obj
 0001:00032a70       sf_opaque_disable_c4_ballTossController 0000000180033a70 f   c4_ballTossController.obj
 0001:00032a90       disable_c4_ballTossController 0000000180033a90 f   c4_ballTossController.obj
 0001:00032ac0       sf_opaque_gateway_c4_ballTossController 0000000180033ac0 f   c4_ballTossController.obj
 0001:00032ae0       sf_gateway_c4_ballTossController 0000000180033ae0 f   c4_ballTossController.obj
 0001:00033660       c4_interp1                 0000000180034660 f   c4_ballTossController.obj
 0001:00034890       c4_assert                  0000000180035890 f   c4_ballTossController.obj
 0001:000348a0       c4_b_assert                00000001800358a0 f   c4_ballTossController.obj
 0001:000348b0       c4_eml_scalar_eg           00000001800358b0 f   c4_ballTossController.obj
 0001:000348c0       c4_c_assert                00000001800358c0 f   c4_ballTossController.obj
 0001:000348d0       c4_d_assert                00000001800358d0 f   c4_ballTossController.obj
 0001:000348e0       c4_StringToMethodID        00000001800358e0 f   c4_ballTossController.obj
 0001:000348f0       c4_e_assert                00000001800358f0 f   c4_ballTossController.obj
 0001:00034900       c4_f_assert                0000000180035900 f   c4_ballTossController.obj
 0001:00034910       c4_g_assert                0000000180035910 f   c4_ballTossController.obj
 0001:00034920       c4_h_assert                0000000180035920 f   c4_ballTossController.obj
 0001:00034930       c4_eml_error               0000000180035930 f   c4_ballTossController.obj
 0001:00034a70       c4_b_eml_error             0000000180035a70 f   c4_ballTossController.obj
 0001:00034bc0       sf_opaque_get_sim_state_c4_ballTossController 0000000180035bc0 f   c4_ballTossController.obj
 0001:00034be0       sf_opaque_set_sim_state_c4_ballTossController 0000000180035be0 f   c4_ballTossController.obj
 0001:00034c10       sf_opaque_terminate_c4_ballTossController 0000000180035c10 f   c4_ballTossController.obj
 0001:00034cb0       finalize_c4_ballTossController 0000000180035cb0 f   c4_ballTossController.obj
 0001:00034cc0       sf_opaque_init_subchart_simstructs 0000000180035cc0 f   c4_ballTossController.obj
 0001:00034ce0       initSimStructsc4_ballTossController 0000000180035ce0 f   c4_ballTossController.obj
 0001:00034cf0       mdlRTW_c4_ballTossController 0000000180035cf0 f   c4_ballTossController.obj
 0001:00034da0       c5_info_helper             0000000180035da0 f   c5_ballTossController.obj
 0001:00035470       c5_emlrt_marshallOut       0000000180036470 f   c5_ballTossController.obj
 0001:00035500       c5_b_emlrt_marshallOut     0000000180036500 f   c5_ballTossController.obj
 0001:00035cc0       get_sim_state_c5_ballTossController 0000000180036cc0 f   c5_ballTossController.obj
 0001:00036090       sf_get_sim_state_info_c5_ballTossController 0000000180037090 f   c5_ballTossController.obj
 0001:00036260       set_sim_state_c5_ballTossController 0000000180037260 f   c5_ballTossController.obj
 0001:000363b0       c5_update_debugger_state_c5_ballTossController 00000001800373b0 f   c5_ballTossController.obj
 0001:000363c0       c5_emlrt_marshallIn        00000001800373c0 f   c5_ballTossController.obj
 0001:00036430       c5_b_emlrt_marshallIn      0000000180037430 f   c5_ballTossController.obj
 0001:000364f0       c5_c_emlrt_marshallIn      00000001800374f0 f   c5_ballTossController.obj
 0001:00036560       c5_d_emlrt_marshallIn      0000000180037560 f   c5_ballTossController.obj
 0001:00036620       c5_e_emlrt_marshallIn      0000000180037620 f   c5_ballTossController.obj
 0001:00036690       c5_f_emlrt_marshallIn      0000000180037690 f   c5_ballTossController.obj
 0001:00036720       c5_h_emlrt_marshallIn      0000000180037720 f   c5_ballTossController.obj
 0001:00036780       c5_i_emlrt_marshallIn      0000000180037780 f   c5_ballTossController.obj
 0001:00036880       mdlProcessParameters_c5_ballTossController 0000000180037880 f   c5_ballTossController.obj
 0001:00036960       initialize_params_c5_ballTossController 0000000180037960 f   c5_ballTossController.obj
 0001:00036970       mdlSetWorkWidths_c5_ballTossController 0000000180037970 f   c5_ballTossController.obj
 0001:00036e70       sf_get_instance_specialization 0000000180037e70 f   c5_ballTossController.obj
 0001:00036e80       mdlStart_c5_ballTossController 0000000180037e80 f   c5_ballTossController.obj
 0001:000370b0       init_dsm_address_info      00000001800380b0 f   c5_ballTossController.obj
 0001:000370c0       chart_debug_initialization 00000001800380c0 f   c5_ballTossController.obj
 0001:00037aa0       init_script_number_translation 0000000180038aa0 f   c5_ballTossController.obj
 0001:00037ac0       c5_c_sf_marshallOut        0000000180038ac0 f   c5_ballTossController.obj
 0001:00037b70       c5_c_sf_marshallIn         0000000180038b70 f   c5_ballTossController.obj
 0001:00037c10       sf_opaque_initialize_c5_ballTossController 0000000180038c10 f   c5_ballTossController.obj
 0001:00037c50       initialize_c5_ballTossController 0000000180038c50 f   c5_ballTossController.obj
 0001:00037cb0       sf_opaque_enable_c5_ballTossController 0000000180038cb0 f   c5_ballTossController.obj
 0001:00037cd0       enable_c5_ballTossController 0000000180038cd0 f   c5_ballTossController.obj
 0001:00037d00       sf_opaque_disable_c5_ballTossController 0000000180038d00 f   c5_ballTossController.obj
 0001:00037d20       disable_c5_ballTossController 0000000180038d20 f   c5_ballTossController.obj
 0001:00037d50       sf_opaque_gateway_c5_ballTossController 0000000180038d50 f   c5_ballTossController.obj
 0001:00037d70       sf_gateway_c5_ballTossController 0000000180038d70 f   c5_ballTossController.obj
 0001:00038a50       c5_sf_marshallOut          0000000180039a50 f   c5_ballTossController.obj
 0001:00038b70       c5_sf_marshallIn           0000000180039b70 f   c5_ballTossController.obj
 0001:00038c10       c5_b_sf_marshallOut        0000000180039c10 f   c5_ballTossController.obj
 0001:00038d30       c5_b_sf_marshallIn         0000000180039d30 f   c5_ballTossController.obj
 0001:00038dd0       sf_opaque_get_sim_state_c5_ballTossController 0000000180039dd0 f   c5_ballTossController.obj
 0001:00038df0       sf_opaque_set_sim_state_c5_ballTossController 0000000180039df0 f   c5_ballTossController.obj
 0001:00038e20       sf_opaque_terminate_c5_ballTossController 0000000180039e20 f   c5_ballTossController.obj
 0001:00038ec0       finalize_c5_ballTossController 0000000180039ec0 f   c5_ballTossController.obj
 0001:00038ed0       sf_opaque_init_subchart_simstructs 0000000180039ed0 f   c5_ballTossController.obj
 0001:00038ef0       initSimStructsc5_ballTossController 0000000180039ef0 f   c5_ballTossController.obj
 0001:00038f00       mdlRTW_c5_ballTossController 0000000180039f00 f   c5_ballTossController.obj
 0001:00038fc0       c6_info_helper             0000000180039fc0 f   c6_ballTossController.obj
 0001:00042c30       c6_emlrt_marshallOut       0000000180043c30 f   c6_ballTossController.obj
 0001:00042cc0       c6_b_emlrt_marshallOut     0000000180043cc0 f   c6_ballTossController.obj
 0001:00042d30       c6_b_info_helper           0000000180043d30 f   c6_ballTossController.obj
 0001:000461a0       get_sim_state_c6_ballTossController 00000001800471a0 f   c6_ballTossController.obj
 0001:00046410       sf_get_sim_state_info_c6_ballTossController 0000000180047410 f   c6_ballTossController.obj
 0001:000465e0       set_sim_state_c6_ballTossController 00000001800475e0 f   c6_ballTossController.obj
 0001:00046700       c6_update_debugger_state_c6_ballTossController 0000000180047700 f   c6_ballTossController.obj
 0001:00046710       c6_emlrt_marshallIn        0000000180047710 f   c6_ballTossController.obj
 0001:00046780       c6_b_emlrt_marshallIn      0000000180047780 f   c6_ballTossController.obj
 0001:00046810       c6_d_emlrt_marshallIn      0000000180047810 f   c6_ballTossController.obj
 0001:00046870       c6_e_emlrt_marshallIn      0000000180047870 f   c6_ballTossController.obj
 0001:00046970       mdlProcessParameters_c6_ballTossController 0000000180047970 f   c6_ballTossController.obj
 0001:00046a50       initialize_params_c6_ballTossController 0000000180047a50 f   c6_ballTossController.obj
 0001:00046a60       mdlSetWorkWidths_c6_ballTossController 0000000180047a60 f   c6_ballTossController.obj
 0001:00046fc0       sf_get_instance_specialization 0000000180047fc0 f   c6_ballTossController.obj
 0001:00046fd0       mdlStart_c6_ballTossController 0000000180047fd0 f   c6_ballTossController.obj
 0001:00047200       init_dsm_address_info      0000000180048200 f   c6_ballTossController.obj
 0001:00047210       chart_debug_initialization 0000000180048210 f   c6_ballTossController.obj
 0001:00047fd0       init_script_number_translation 0000000180048fd0 f   c6_ballTossController.obj
 0001:00047ff0       c6_sf_marshallOut          0000000180048ff0 f   c6_ballTossController.obj
 0001:000480a0       c6_sf_marshallIn           00000001800490a0 f   c6_ballTossController.obj
 0001:00048140       c6_b_sf_marshallOut        0000000180049140 f   c6_ballTossController.obj
 0001:000482c0       sf_opaque_initialize_c6_ballTossController 00000001800492c0 f   c6_ballTossController.obj
 0001:00048300       initialize_c6_ballTossController 0000000180049300 f   c6_ballTossController.obj
 0001:00048350       sf_opaque_enable_c6_ballTossController 0000000180049350 f   c6_ballTossController.obj
 0001:00048370       enable_c6_ballTossController 0000000180049370 f   c6_ballTossController.obj
 0001:000483a0       sf_opaque_disable_c6_ballTossController 00000001800493a0 f   c6_ballTossController.obj
 0001:000483c0       disable_c6_ballTossController 00000001800493c0 f   c6_ballTossController.obj
 0001:000483f0       sf_opaque_gateway_c6_ballTossController 00000001800493f0 f   c6_ballTossController.obj
 0001:00048410       sf_gateway_c6_ballTossController 0000000180049410 f   c6_ballTossController.obj
 0001:00049360       c6_interp1                 000000018004a360 f   c6_ballTossController.obj
 0001:0004a590       c6_assert                  000000018004b590 f   c6_ballTossController.obj
 0001:0004a5a0       c6_b_assert                000000018004b5a0 f   c6_ballTossController.obj
 0001:0004a5b0       c6_eml_scalar_eg           000000018004b5b0 f   c6_ballTossController.obj
 0001:0004a5c0       c6_c_assert                000000018004b5c0 f   c6_ballTossController.obj
 0001:0004a5d0       c6_d_assert                000000018004b5d0 f   c6_ballTossController.obj
 0001:0004a5e0       c6_StringToMethodID        000000018004b5e0 f   c6_ballTossController.obj
 0001:0004a5f0       c6_e_assert                000000018004b5f0 f   c6_ballTossController.obj
 0001:0004a600       c6_f_assert                000000018004b600 f   c6_ballTossController.obj
 0001:0004a610       c6_g_assert                000000018004b610 f   c6_ballTossController.obj
 0001:0004a620       c6_h_assert                000000018004b620 f   c6_ballTossController.obj
 0001:0004a630       c6_eml_error               000000018004b630 f   c6_ballTossController.obj
 0001:0004a770       c6_b_eml_error             000000018004b770 f   c6_ballTossController.obj
 0001:0004a8b0       sf_opaque_get_sim_state_c6_ballTossController 000000018004b8b0 f   c6_ballTossController.obj
 0001:0004a8d0       sf_opaque_set_sim_state_c6_ballTossController 000000018004b8d0 f   c6_ballTossController.obj
 0001:0004a900       sf_opaque_terminate_c6_ballTossController 000000018004b900 f   c6_ballTossController.obj
 0001:0004a9a0       finalize_c6_ballTossController 000000018004b9a0 f   c6_ballTossController.obj
 0001:0004a9b0       sf_opaque_init_subchart_simstructs 000000018004b9b0 f   c6_ballTossController.obj
 0001:0004a9d0       initSimStructsc6_ballTossController 000000018004b9d0 f   c6_ballTossController.obj
 0001:0004a9e0       mdlRTW_c6_ballTossController 000000018004b9e0 f   c6_ballTossController.obj
 0001:0004b3a0       getChartInfoFromSimStruct  000000018004c3a0 f   ballTossController_sfun_registry.obj
 0001:0004ca40       _ssFatalError              000000018004da40 f   ballTossController_sfun_registry.obj
 0001:0004faf0       ProcessMexSfunctionCmdLineCall 0000000180050af0 f   ballTossController_sfun_registry.obj
 0001:0004fc50       sf_debug_api_wrapper       0000000180050c50 f   ballTossController_sfun_registry.obj
 0001:0004fca0       mdlStart                   0000000180050ca0 f   ballTossController_sfun_registry.obj
 0001:0004fcd0       mdl_start_processing       0000000180050cd0 f   ballTossController_sfun_registry.obj
 0001:0004fd60       mdlTerminate               0000000180050d60 f   ballTossController_sfun_registry.obj
 0001:0004fd90       mdl_terminate_processing   0000000180050d90 f   ballTossController_sfun_registry.obj
 0001:0004fe10       mdlInitializeSampleTimes   0000000180050e10 f   ballTossController_sfun_registry.obj
 0001:0004fe40       mdlZeroCrossings           0000000180050e40 f   ballTossController_sfun_registry.obj
 0001:0004fe70       mdl_zeroCrossings_processing 0000000180050e70 f   ballTossController_sfun_registry.obj
 0001:0004feb0       mdlDerivatives             0000000180050eb0 f   ballTossController_sfun_registry.obj
 0001:0004fee0       mdl_derivatives_processing 0000000180050ee0 f   ballTossController_sfun_registry.obj
 0001:0004ff30       mdlInitializeConditions    0000000180050f30 f   ballTossController_sfun_registry.obj
 0001:0004ff60       mdl_initialize_conditions_processing 0000000180050f60 f   ballTossController_sfun_registry.obj
 0001:0004ffb0       mdlEnable                  0000000180050fb0 f   ballTossController_sfun_registry.obj
 0001:0004ffe0       mdl_enable_processing      0000000180050fe0 f   ballTossController_sfun_registry.obj
 0001:00050020       mdlDisable                 0000000180051020 f   ballTossController_sfun_registry.obj
 0001:00050050       mdl_disable_processing     0000000180051050 f   ballTossController_sfun_registry.obj
 0001:00050090       mdlOutputs                 0000000180051090 f   ballTossController_sfun_registry.obj
 0001:000500c0       mdl_outputs_processing     00000001800510c0 f   ballTossController_sfun_registry.obj
 0001:000501a0       mdl_outputs_continuous_legacy 00000001800511a0 f   ballTossController_sfun_registry.obj
 0001:00050290       mdlGetTimeOfNextVarHit     0000000180051290 f   ballTossController_sfun_registry.obj
 0001:000502e0       _ProcessMexSfunctionCmdLineCall 00000001800512e0 f   ballTossController_sfun_registry.obj
 0001:00050a30       mdlSetWorkWidths           0000000180051a30 f   ballTossController_sfun_registry.obj
 0001:00050a60       mdlProcessParameters       0000000180051a60 f   ballTossController_sfun_registry.obj
 0001:00050a90       mdlInitializeSizes         0000000180051a90 f   ballTossController_sfun_registry.obj
 0001:00050ac0       mdlExtModeExec             0000000180051ac0 f   ballTossController_sfun_registry.obj
 0001:00050af0       mdl_ext_mode_exec_processing 0000000180051af0 f   ballTossController_sfun_registry.obj
 0001:00050b30       mdlRTW                     0000000180051b30 f   ballTossController_sfun_registry.obj
 0001:00050b70       _CreateSimStruct           0000000180051b70 f   ballTossController_sfun_registry.obj
 0001:00050d00       _RegNumInputPortsCB        0000000180051d00 f   ballTossController_sfun_registry.obj
 0001:00050d80       _RegNumOutputPortsCB       0000000180051d80 f   ballTossController_sfun_registry.obj
 0001:000512b8       pre_c_init                 00000001800522b8 f   MSVCRT:crtdll.obj
 0001:00051574       __DllMainCRTStartup        0000000180052574 f   MSVCRT:crtdll.obj
 0001:00051be0       __DllMainCRTStartup$filt$0 0000000180052be0 f   MSVCRT:crtdll.obj
 0001:00051c10       __DllMainCRTStartup$fin$1  0000000180052c10 f   MSVCRT:crtdll.obj
 0001:00051c2a       _onexit$fin$0              0000000180052c2a f   MSVCRT:atonexit.obj
 0001:00051c50       _IsNonwritableInCurrentImage$filt$0 0000000180052c50 f   MSVCRT:pesect.obj
