 ArmSim_sfun

 Timestamp is 59eaa2ca (Fri Oct 20 18:28:42 2017)

 Preferred load address is 0000000180000000

 Start         Length     Name                   Class
 0001:00000000 00020f54H .text                   CODE
 0001:00020f60 00000092H .text$x                 CODE
 0002:00000000 00000458H .idata$5                DATA
 0002:00000458 00000008H .CRT$XCA                DATA
 0002:00000460 00000008H .CRT$XCZ                DATA
 0002:00000468 00000008H .CRT$XIA                DATA
 0002:00000470 00000008H .CRT$XIAA               DATA
 0002:00000478 00000008H .CRT$XIZ                DATA
 0002:00000480 000006d4H .rdata                  DATA
 0002:00000b58 00000008H .rtc$IAA                DATA
 0002:00000b60 00000008H .rtc$IZZ                DATA
 0002:00000b68 00000008H .rtc$TAA                DATA
 0002:00000b70 00000008H .rtc$TZZ                DATA
 0002:00000b78 00000c20H .xdata                  DATA
 0002:00001798 0000008cH .idata$2                DATA
 0002:00001824 00000014H .idata$3                DATA
 0002:00001838 00000458H .idata$4                DATA
 0002:00001c90 00000bf6H .idata$6                DATA
 0002:00002890 00000051H .edata                  DATA
 0003:00000000 00005298H .data                   DATA
 0003:000052a0 000006e8H .bss                    DATA
 0004:00000000 00001008H .pdata                  DATA

  Address         Publics by Value              Rva+Base               Lib:Object

 0000:00000000       ___safe_se_handler_table   0000000000000000     <absolute>
 0000:00000000       ___safe_se_handler_count   0000000000000000     <absolute>
 0000:00000000       __ImageBase                0000000180000000     <linker-defined>
 0001:00000000       ArmSim_initializer         0000000180001000 f   ArmSim_sfun.obj
 0001:00000010       ArmSim_terminator          0000000180001010 f   ArmSim_sfun.obj
 0001:00000020       sf_ArmSim_method_dispatcher 0000000180001020 f   ArmSim_sfun.obj
 0001:000000f0       sf_ArmSim_process_testpoint_info_call 00000001800010f0 f   ArmSim_sfun.obj
 0001:00000250       sf_ArmSim_process_check_sum_call 0000000180001250 f   ArmSim_sfun.obj
 0001:000006b0       sf_ArmSim_autoinheritance_info 00000001800016b0 f   ArmSim_sfun.obj
 0001:00000960       sf_ArmSim_get_eml_resolved_functions_info 0000000180001960 f   ArmSim_sfun.obj
 0001:00000ba0       sf_ArmSim_third_party_uses_info 0000000180001ba0 f   ArmSim_sfun.obj
 0001:00000dd0       sf_ArmSim_updateBuildInfo_args_info 0000000180001dd0 f   ArmSim_sfun.obj
 0001:00001000       ArmSim_debug_initialize    0000000180002000 f   ArmSim_sfun.obj
 0001:00001080       ArmSim_register_exported_symbols 0000000180002080 f   ArmSim_sfun.obj
 0001:00001090       load_ArmSim_optimization_info 0000000180002090 f   ArmSim_sfun.obj
 0001:000010e0       unload_ArmSim_optimization_info 00000001800020e0 f   ArmSim_sfun.obj
 0001:00001110       sf_c1_ArmSim_get_eml_resolved_functions_info 0000000180002110 f   c1_ArmSim.obj
 0001:000014e0       sf_c1_ArmSim_get_check_sum 00000001800024e0 f   c1_ArmSim.obj
 0001:00001560       sf_c1_ArmSim_get_autoinheritance_info 0000000180002560 f   c1_ArmSim.obj
 0001:00001ea0       sf_c1_ArmSim_third_party_uses_info 0000000180002ea0 f   c1_ArmSim.obj
 0001:00001ed0       sf_c1_ArmSim_updateBuildInfo_args_info 0000000180002ed0 f   c1_ArmSim.obj
 0001:00001f00       sf_internal_get_sim_state_c1_ArmSim 0000000180002f00 f   c1_ArmSim.obj
 0001:00002560       sf_internal_set_sim_state_c1_ArmSim 0000000180003560 f   c1_ArmSim.obj
 0001:00002c60       c1_ArmSim_method_dispatcher 0000000180003c60 f   c1_ArmSim.obj
 0001:00006440       sf_c2_ArmSim_get_eml_resolved_functions_info 0000000180007440 f   c2_ArmSim.obj
 0001:00006c80       sf_c2_ArmSim_get_check_sum 0000000180007c80 f   c2_ArmSim.obj
 0001:00006d00       sf_c2_ArmSim_get_autoinheritance_info 0000000180007d00 f   c2_ArmSim.obj
 0001:00007270       sf_c2_ArmSim_third_party_uses_info 0000000180008270 f   c2_ArmSim.obj
 0001:000072a0       sf_c2_ArmSim_updateBuildInfo_args_info 00000001800082a0 f   c2_ArmSim.obj
 0001:000072d0       sf_internal_get_sim_state_c2_ArmSim 00000001800082d0 f   c2_ArmSim.obj
 0001:00007860       sf_internal_set_sim_state_c2_ArmSim 0000000180008860 f   c2_ArmSim.obj
 0001:00007f20       c2_ArmSim_method_dispatcher 0000000180008f20 f   c2_ArmSim.obj
 0001:0000a650       sf_c3_ArmSim_get_eml_resolved_functions_info 000000018000b650 f   c3_ArmSim.obj
 0001:0000b890       sf_c3_ArmSim_get_check_sum 000000018000c890 f   c3_ArmSim.obj
 0001:0000b910       sf_c3_ArmSim_get_autoinheritance_info 000000018000c910 f   c3_ArmSim.obj
 0001:0000c110       sf_c3_ArmSim_third_party_uses_info 000000018000d110 f   c3_ArmSim.obj
 0001:0000c140       sf_c3_ArmSim_updateBuildInfo_args_info 000000018000d140 f   c3_ArmSim.obj
 0001:0000c170       sf_internal_get_sim_state_c3_ArmSim 000000018000d170 f   c3_ArmSim.obj
 0001:0000c6c0       sf_internal_set_sim_state_c3_ArmSim 000000018000d6c0 f   c3_ArmSim.obj
 0001:0000cc60       c3_ArmSim_method_dispatcher 000000018000dc60 f   c3_ArmSim.obj
 0001:0000f870       sf_c4_ArmSim_get_eml_resolved_functions_info 0000000180010870 f   c4_ArmSim.obj
 0001:0000fc40       sf_c4_ArmSim_get_check_sum 0000000180010c40 f   c4_ArmSim.obj
 0001:0000fcc0       sf_c4_ArmSim_get_autoinheritance_info 0000000180010cc0 f   c4_ArmSim.obj
 0001:00010600       sf_c4_ArmSim_third_party_uses_info 0000000180011600 f   c4_ArmSim.obj
 0001:00010630       sf_c4_ArmSim_updateBuildInfo_args_info 0000000180011630 f   c4_ArmSim.obj
 0001:00010660       sf_internal_get_sim_state_c4_ArmSim 0000000180011660 f   c4_ArmSim.obj
 0001:00010cb0       sf_internal_set_sim_state_c4_ArmSim 0000000180011cb0 f   c4_ArmSim.obj
 0001:000113b0       c4_ArmSim_method_dispatcher 00000001800123b0 f   c4_ArmSim.obj
 0001:00014ba0       sf_c5_ArmSim_get_eml_resolved_functions_info 0000000180015ba0 f   c5_ArmSim.obj
 0001:00015de0       sf_c5_ArmSim_get_check_sum 0000000180016de0 f   c5_ArmSim.obj
 0001:00015e60       sf_c5_ArmSim_get_autoinheritance_info 0000000180016e60 f   c5_ArmSim.obj
 0001:00016660       sf_c5_ArmSim_third_party_uses_info 0000000180017660 f   c5_ArmSim.obj
 0001:00016690       sf_c5_ArmSim_updateBuildInfo_args_info 0000000180017690 f   c5_ArmSim.obj
 0001:000166c0       sf_internal_get_sim_state_c5_ArmSim 00000001800176c0 f   c5_ArmSim.obj
 0001:00016c10       sf_internal_set_sim_state_c5_ArmSim 0000000180017c10 f   c5_ArmSim.obj
 0001:000171b0       c5_ArmSim_method_dispatcher 00000001800181b0 f   c5_ArmSim.obj
 0001:00019db0       sf_process_check_sum_call  000000018001adb0 f   ArmSim_sfun_registry.obj
 0001:00019e00       sf_process_testpoint_info_call 000000018001ae00 f   ArmSim_sfun_registry.obj
 0001:00019e50       sf_process_autoinheritance_call 000000018001ae50 f   ArmSim_sfun_registry.obj
 0001:00019ff0       sf_process_get_third_party_uses_info_call 000000018001aff0 f   ArmSim_sfun_registry.obj
 0001:0001a190       sf_process_get_updateBuildInfo_args_info_call 000000018001b190 f   ArmSim_sfun_registry.obj
 0001:0001a330       sf_process_get_eml_resolved_functions_info_call 000000018001b330 f   ArmSim_sfun_registry.obj
 0001:0001a4b0       sf_mex_unlock_call         000000018001b4b0 f   ArmSim_sfun_registry.obj
 0001:0001a560       sf_machine_global_initializer_called 000000018001b560 f   ArmSim_sfun_registry.obj
 0001:0001a590       sf_machine_global_method_dispatcher 000000018001b590 f   ArmSim_sfun_registry.obj
 0001:0001a5f0       sf_machine_global_terminator 000000018001b5f0 f   ArmSim_sfun_registry.obj
 0001:0001a640       sf_register_machine_exported_symbols 000000018001b640 f   ArmSim_sfun_registry.obj
 0001:0001a660       callCustomFcn              000000018001b660 f   ArmSim_sfun_registry.obj
 0001:0001a670       sf_machine_global_initializer 000000018001b670 f   ArmSim_sfun_registry.obj
 0001:0001a6f0       mdlGetSimState             000000018001b6f0 f   ArmSim_sfun_registry.obj
 0001:0001a770       mdlSetSimState             000000018001b770 f   ArmSim_sfun_registry.obj
 0001:0001a7b0       _ssSetStateAbsTol          000000018001b7b0 f   ArmSim_sfun_registry.obj
 0001:0001a890       _ssGetAbsTol               000000018001b890 f   ArmSim_sfun_registry.obj
 0001:0001a900       _ssSetInputPortMatrixDimensions 000000018001b900 f   ArmSim_sfun_registry.obj
 0001:0001aa10       _ssSetOutputPortMatrixDimensions 000000018001ba10 f   ArmSim_sfun_registry.obj
 0001:0001ab20       _ssSetInputPortVectorDimension 000000018001bb20 f   ArmSim_sfun_registry.obj
 0001:0001abf0       _ssSetOutputPortVectorDimension 000000018001bbf0 f   ArmSim_sfun_registry.obj
 0001:0001acc0       ssIsRunTimeParamTunable    000000018001bcc0 f   ArmSim_sfun_registry.obj
 0001:0001ad30       ssGetSFuncBlockHandle      000000018001bd30 f   ArmSim_sfun_registry.obj
 0001:0001ada0       _ssGetCurrentInputPortWidth 000000018001bda0 f   ArmSim_sfun_registry.obj
 0001:0001aec0       _ssGetCurrentOutputPortWidth 000000018001bec0 f   ArmSim_sfun_registry.obj
 0001:0001afe0       _ssGetCallSystemNumFcnCallDestinations 000000018001bfe0 f   ArmSim_sfun_registry.obj
 0001:0001b050       ssWarning                  000000018001c050 f   ArmSim_sfun_registry.obj
 0001:0001b160       ssGetIsZeroCrossControlDisabled 000000018001c160 f   ArmSim_sfun_registry.obj
 0001:0001b1d0       ssSetIsInputPortUsedForContZcSignal 000000018001c1d0 f   ArmSim_sfun_registry.obj
 0001:0001b240       ssSetZcSignalIsZcElementDisc 000000018001c240 f   ArmSim_sfun_registry.obj
 0001:0001b2f0       ssSetZcSignalName          000000018001c2f0 f   ArmSim_sfun_registry.obj
 0001:0001b360       ssSetZcSignalWidth         000000018001c360 f   ArmSim_sfun_registry.obj
 0001:0001b3d0       ssSetZcSignalZcEventType   000000018001c3d0 f   ArmSim_sfun_registry.obj
 0001:0001b440       ssSetZcSignalType          000000018001c440 f   ArmSim_sfun_registry.obj
 0001:0001b4b0       ssSetZcSignalZcTol         000000018001c4b0 f   ArmSim_sfun_registry.obj
 0001:0001b520       ssSetZcSignalNeedsEventNotification 000000018001c520 f   ArmSim_sfun_registry.obj
 0001:0001b590       ssCreateAndAddZcSignalInfo 000000018001c590 f   ArmSim_sfun_registry.obj
 0001:0001b600       ssCloneAndAddZcSignalInfo  000000018001c600 f   ArmSim_sfun_registry.obj
 0001:0001b670       ssGetNumZcSignals          000000018001c670 f   ArmSim_sfun_registry.obj
 0001:0001b6e0       ssGetZcSignalVector        000000018001c6e0 f   ArmSim_sfun_registry.obj
 0001:0001b750       ssGetZcSignalZcEvents      000000018001c750 f   ArmSim_sfun_registry.obj
 0001:0001b7c0       ssGetZcSignalName          000000018001c7c0 f   ArmSim_sfun_registry.obj
 0001:0001b830       ssGetZcSignalWidth         000000018001c830 f   ArmSim_sfun_registry.obj
 0001:0001b8a0       ssGetZcSignalZcEventType   000000018001c8a0 f   ArmSim_sfun_registry.obj
 0001:0001b910       ssGetZcSignalType          000000018001c910 f   ArmSim_sfun_registry.obj
 0001:0001b980       ssGetZcSignalZcTol         000000018001c980 f   ArmSim_sfun_registry.obj
 0001:0001ba00       ssGetZcSignalNeedsEventNotification 000000018001ca00 f   ArmSim_sfun_registry.obj
 0001:0001ba70       ssGetZcSignalIsZcElementDisc 000000018001ca70 f   ArmSim_sfun_registry.obj
 0001:0001bb10       ssGetIsInputPortElementContinuous 000000018001cb10 f   ArmSim_sfun_registry.obj
 0001:0001bbb0       _ssGetInputPortSignalPtrsFcn 000000018001cbb0 f   ArmSim_sfun_registry.obj
 0001:0001be70       _ssGetInputPortSignalFcn   000000018001ce70 f   ArmSim_sfun_registry.obj
 0001:0001c090       _ssSetInputPortDirectFeedThroughFcn 000000018001d090 f   ArmSim_sfun_registry.obj
 0001:0001c1f0       _ssSetInputPortReusableFcn 000000018001d1f0 f   ArmSim_sfun_registry.obj
 0001:0001c2e0       _ssSetOutputPortReusableFcn 000000018001d2e0 f   ArmSim_sfun_registry.obj
 0001:0001c3c0       ssGetDTypeIdFromMxArray    000000018001d3c0 f   ArmSim_sfun_registry.obj
 0001:0001c4e0       ssWriteRTWStr              000000018001d4e0 f   ArmSim_sfun_registry.obj
 0001:0001c540       ssWriteRTWMxVectParam      000000018001d540 f   ArmSim_sfun_registry.obj
 0001:0001c5a0       ssWriteRTWMx2dMatParam     000000018001d5a0 f   ArmSim_sfun_registry.obj
 0001:0001c620       ssWriteRTWNameValuePair    000000018001d620 f   ArmSim_sfun_registry.obj
 0001:0001cb10       ssWriteRTWParameters       000000018001db10 f   ArmSim_sfun_registry.obj
 0001:0001d110       ssWriteRTWParamSettings    000000018001e110 f   ArmSim_sfun_registry.obj
 0001:0001d7e0       ssWriteRTWWorkVect         000000018001e7e0 f   ArmSim_sfun_registry.obj
 0001:0001dce0       mexFunction                000000018001ece0 f   ArmSim_sfun_registry.obj
 0001:00020190       ProcessMexSfunctionEveryCall 0000000180021190 f   ArmSim_sfun_registry.obj
 0001:00020312       sf_debug_set_machine_data_thresholds 0000000180021312 f   sf_runtime:sf_runtime.dll
 0001:00020318       sf_debug_set_machine_event_thresholds 0000000180021318 f   sf_runtime:sf_runtime.dll
 0001:0002031e       sf_debug_initialize_machine 000000018002131e f   sf_runtime:sf_runtime.dll
 0001:00020324       sf_load_rtw_optimization_info 0000000180021324 f   sf_runtime:sf_runtime.dll
 0001:0002032a       sf_mex_emlrtNameCapturePostProcessR2012a 000000018002132a f   sf_runtime:sf_runtime.dll
 0001:00020330       sf_mex_assign              0000000180021330 f   sf_runtime:sf_runtime.dll
 0001:00020336       sf_mex_createstruct        0000000180021336 f   sf_runtime:sf_runtime.dll
 0001:0002033c       sf_mex_destroy             000000018002133c f   sf_runtime:sf_runtime.dll
 0001:00020342       sf_mex_duplicatearraysafe  0000000180021342 f   sf_runtime:sf_runtime.dll
 0001:00020348       sf_mex_createcellmatrix    0000000180021348 f   sf_runtime:sf_runtime.dll
 0001:0002034e       sf_mex_addfield            000000018002134e f   sf_runtime:sf_runtime.dll
 0001:00020354       sf_mex_create              0000000180021354 f   sf_runtime:sf_runtime.dll
 0001:0002035a       sf_mex_error_message       000000018002135a f   sf_runtime:sf_runtime.dll
 0001:00020360       sf_mex_call_matlab         0000000180021360 f   sf_runtime:sf_runtime.dll
 0001:00020366       sf_mex_setcell             0000000180021366 f   sf_runtime:sf_runtime.dll
 0001:0002036c       sf_mex_decode_encoded_mx_struct_array 000000018002136c f   sf_runtime:sf_runtime.dll
 0001:00020372       sf_mex_getcell             0000000180021372 f   sf_runtime:sf_runtime.dll
 0001:00020378       sf_mex_dup                 0000000180021378 f   sf_runtime:sf_runtime.dll
 0001:0002037e       sf_mex_import              000000018002137e f   sf_runtime:sf_runtime.dll
 0001:00020384       sf_set_rtw_dwork_info      0000000180021384 f   sf_runtime:sf_runtime.dll
 0001:0002038a       sf_mark_chart_reusable_outputs 000000018002138a f   sf_runtime:sf_runtime.dll
 0001:00020390       sf_mark_chart_expressionable_inputs 0000000180021390 f   sf_runtime:sf_runtime.dll
 0001:00020396       sf_update_buildInfo        0000000180021396 f   sf_runtime:sf_runtime.dll
 0001:0002039c       sf_rtw_info_uint_prop      000000018002139c f   sf_runtime:sf_runtime.dll
 0001:000203a2       sf_is_chart_inlinable      00000001800213a2 f   sf_runtime:sf_runtime.dll
 0001:000203a8       sim_mode_is_external       00000001800213a8 f   sf_runtime:sf_runtime.dll
 0001:000203ae       sim_mode_is_rtw_gen        00000001800213ae f   sf_runtime:sf_runtime.dll
 0001:000203b4       sf_debug_reset_current_state_configuration 00000001800213b4 f   sf_runtime:sf_runtime.dll
 0001:000203ba       sf_debug_set_instance_data_value_ptr 00000001800213ba f   sf_runtime:sf_runtime.dll
 0001:000203c0       sf_debug_set_chart_data_compiled_props 00000001800213c0 f   sf_runtime:sf_runtime.dll
 0001:000203c6       cv_eml_init_mcdc           00000001800213c6 f   sf_runtime:sf_runtime.dll
 0001:000203cc       cv_eml_init_if             00000001800213cc f   sf_runtime:sf_runtime.dll
 0001:000203d2       cv_eml_init_fcn            00000001800213d2 f   sf_runtime:sf_runtime.dll
 0001:000203d8       cv_eml_init_script         00000001800213d8 f   sf_runtime:sf_runtime.dll
 0001:000203de       sf_debug_cv_init_trans     00000001800213de f   sf_runtime:sf_runtime.dll
 0001:000203e4       sf_debug_cv_init_state     00000001800213e4 f   sf_runtime:sf_runtime.dll
 0001:000203ea       sf_debug_cv_init_chart     00000001800213ea f   sf_runtime:sf_runtime.dll
 0001:000203f0       sf_debug_set_chart_decomposition 00000001800213f0 f   sf_runtime:sf_runtime.dll
 0001:000203f6       sf_debug_set_chart_substate_count 00000001800213f6 f   sf_runtime:sf_runtime.dll
 0001:000203fc       sf_debug_set_chart_state_info 00000001800213fc f   sf_runtime:sf_runtime.dll
 0001:00020402       sf_debug_set_chart_data_props 0000000180021402 f   sf_runtime:sf_runtime.dll
 0001:00020408       sf_debug_set_chart_event_thresholds 0000000180021408 f   sf_runtime:sf_runtime.dll
 0001:0002040e       sf_debug_set_chart_disable_implicit_casting 000000018002140e f   sf_runtime:sf_runtime.dll
 0001:00020414       sf_debug_initialize_chart  0000000180021414 f   sf_runtime:sf_runtime.dll
 0001:0002041a       sf_get_time                000000018002141a f   sf_runtime:sf_runtime.dll
 0001:00020420       sf_debug_data_range_wrapper 0000000180021420 f   sf_runtime:sf_runtime.dll
 0001:00020426       sf_debug_check_for_state_inconsistency 0000000180021426 f   sf_runtime:sf_runtime.dll
 0001:0002042c       sf_debug_symbol_scope_pop  000000018002142c f   sf_runtime:sf_runtime.dll
 0001:00020432       sf_debug_eml_data_array_bounds_error_check 0000000180021432 f   sf_runtime:sf_runtime.dll
 0001:00020438       sf_debug_integer_check     0000000180021438 f   sf_runtime:sf_runtime.dll
 0001:0002043e       eml_debug_line_call        000000018002143e f   sf_runtime:sf_runtime.dll
 0001:00020444       cv_eml_eval                0000000180021444 f   sf_runtime:sf_runtime.dll
 0001:0002044a       sf_debug_symbol_scope_add_eml 000000018002144a f   sf_runtime:sf_runtime.dll
 0001:00020450       sf_debug_symbol_scope_add_eml_importable 0000000180021450 f   sf_runtime:sf_runtime.dll
 0001:00020456       sf_debug_symbol_scope_push_eml 0000000180021456 f   sf_runtime:sf_runtime.dll
 0001:0002045c       sf_debug_call              000000018002145c f   sf_runtime:sf_runtime.dll
 0001:00020462       sf_debug_symbol_scope_push 0000000180021462 f   sf_runtime:sf_runtime.dll
 0001:00020468       sf_clear_rtw_identifier    0000000180021468 f   sf_runtime:sf_runtime.dll
 0001:0002046e       sf_debug_terminate         000000018002146e f   sf_runtime:sf_runtime.dll
 0001:00020474       sf_debug_create_debug_instance_struct 0000000180021474 f   sf_runtime:sf_runtime.dll
 0001:0002047a       sf_debug_api               000000018002147a f   sf_runtime:sf_runtime.dll
 0001:00020480       callMdlMethodAndReportError 0000000180021480 f   sf_runtime:sf_runtime.dll
 0001:00020486       call_sf_machine_global_method_dispatcher 0000000180021486 f   sf_runtime:sf_runtime.dll
 0001:0002048c       sf_clear_error_manager_info 000000018002148c f   sf_runtime:sf_runtime.dll
 0001:00020492       sf_mex_error_direct_call   0000000180021492 f   sf_runtime:sf_runtime.dll
 0001:00020498       mxCreateDoubleMatrix_730   0000000180021498 f   libmx:libmx.dll
 0001:0002049e       mxGetScalar                000000018002149e f   libmx:libmx.dll
 0001:000204a4       mxGetString_730            00000001800214a4 f   libmx:libmx.dll
 0001:000204aa       mxIsChar                   00000001800214aa f   libmx:libmx.dll
 0001:000204b0       mxGetPr                    00000001800214b0 f   libmx:libmx.dll
 0001:000204b6       mxDestroyArray             00000001800214b6 f   libmx:libmx.dll
 0001:000204bc       mxDuplicateArray           00000001800214bc f   libmx:libmx.dll
 0001:000204c2       mxCreateDoubleScalar       00000001800214c2 f   libmx:libmx.dll
 0001:000204c8       mxSetField_730             00000001800214c8 f   libmx:libmx.dll
 0001:000204ce       mxCreateString             00000001800214ce f   libmx:libmx.dll
 0001:000204d4       mxCreateStructMatrix_730   00000001800214d4 f   libmx:libmx.dll
 0001:000204da       mxCreateCellMatrix_730     00000001800214da f   libmx:libmx.dll
 0001:000204e0       mxIsEmpty                  00000001800214e0 f   libmx:libmx.dll
 0001:000204e6       mxGetClassID               00000001800214e6 f   libmx:libmx.dll
 0001:000204ec       mxIsNumeric                00000001800214ec f   libmx:libmx.dll
 0001:000204f2       mxIsComplex                00000001800214f2 f   libmx:libmx.dll
 0001:000204f8       mxGetN                     00000001800214f8 f   libmx:libmx.dll
 0001:000204fe       mxGetM                     00000001800214fe f   libmx:libmx.dll
 0001:00020504       mxCalloc                   0000000180021504 f   libmx:libmx.dll
 0001:0002050a       mexMakeArrayPersistent     000000018002150a f   libmex:libmex.dll
 0001:00020510       mexUnlock                  0000000180021510 f   libmex:libmex.dll
 0001:00020516       mexIsLocked                0000000180021516 f   libmex:libmex.dll
 0001:0002051c       mexWarnMsgTxt              000000018002151c f   libmex:libmex.dll
 0001:00020522       mexCallMATLAB              0000000180021522 f   libmex:libmex.dll
 0001:00020528       mexErrMsgTxt               0000000180021528 f   libmex:libmex.dll
 0001:0002052e       mexLock                    000000018002152e f   libmex:libmex.dll
 0001:00020534       utMalloc                   0000000180021534 f   libut:libut.dll
 0001:0002053a       utFree                     000000018002153a f   libut:libut.dll
 0001:00020540       muDoubleScalarAbs          0000000180021540 f   libmwmathutil:libmwmathutil.dll
 0001:00020548       __GSHandlerCheckCommon     0000000180021548 f   MSVCRT:gshandler.obj
 0001:000205ac       __GSHandlerCheck           00000001800215ac f   MSVCRT:gshandler.obj
 0001:000205ca       strcmp                     00000001800215ca f   MSVCRT:MSVCR100.dll
 0001:000205e0       __security_check_cookie    00000001800215e0 f   MSVCRT:amdsecgs.obj
 0001:00020600       strlen                     0000000180021600 f   MSVCRT:MSVCR100.dll
 0001:00020606       memset                     0000000180021606 f   MSVCRT:MSVCR100.dll
 0001:0002060c       free                       000000018002160c f   MSVCRT:MSVCR100.dll
 0001:00020612       sprintf                    0000000180021612 f   MSVCRT:MSVCR100.dll
 0001:00020618       malloc                     0000000180021618 f   MSVCRT:MSVCR100.dll
 0001:0002061e       strcat                     000000018002161e f   MSVCRT:MSVCR100.dll
 0001:00020624       memcpy                     0000000180021624 f   MSVCRT:MSVCR100.dll
 0001:0002062c       NtCurrentTeb               000000018002162c f i MSVCRT:crtdll.obj
 0001:00020698       _CRT_INIT                  0000000180021698 f   MSVCRT:crtdll.obj
 0001:00020a30       _DllMainCRTStartup         0000000180021a30 f   MSVCRT:crtdll.obj
 0001:00020a70       __report_gsfailure         0000000180021a70 f   MSVCRT:gs_report.obj
 0001:00020bbc       __clean_type_info_names    0000000180021bbc f   MSVCRT:tncleanup.obj
 0001:00020bc8       _onexit                    0000000180021bc8 f   MSVCRT:atonexit.obj
 0001:00020c78       atexit                     0000000180021c78 f   MSVCRT:atonexit.obj
 0001:00020c90       _RTC_Initialize            0000000180021c90 f   MSVCRT:_initsect_.obj
 0001:00020cc8       _RTC_Terminate             0000000180021cc8 f   MSVCRT:_initsect_.obj
 0001:00020d00       _malloc_crt                0000000180021d00 f   MSVCRT:MSVCR100.dll
 0001:00020d10       _ValidateImageBase         0000000180021d10 f   MSVCRT:pesect.obj
 0001:00020d40       _FindPESection             0000000180021d40 f   MSVCRT:pesect.obj
 0001:00020d90       _IsNonwritableInCurrentImage 0000000180021d90 f   MSVCRT:pesect.obj
 0001:00020dd2       _initterm                  0000000180021dd2 f   MSVCRT:MSVCR100.dll
 0001:00020dd8       _initterm_e                0000000180021dd8 f   MSVCRT:MSVCR100.dll
 0001:00020dde       _encoded_null              0000000180021dde f   MSVCRT:MSVCR100.dll
 0001:00020de4       _amsg_exit                 0000000180021de4 f   MSVCRT:MSVCR100.dll
 0001:00020dea       __C_specific_handler       0000000180021dea f   MSVCRT:MSVCR100.dll
 0001:00020df0       __CppXcptFilter            0000000180021df0 f   MSVCRT:MSVCR100.dll
 0001:00020df8       DllMain                    0000000180021df8 f   MSVCRT:dllmain.obj
 0001:00020e1c       __security_init_cookie     0000000180021e1c f   MSVCRT:gs_support.obj
 0001:00020ed0       __crt_debugger_hook        0000000180021ed0 f   MSVCRT:MSVCR100.dll
 0001:00020ed6       __clean_type_info_names_internal 0000000180021ed6 f   MSVCRT:MSVCR100.dll
 0001:00020edc       _unlock                    0000000180021edc f   MSVCRT:MSVCR100.dll
 0001:00020ee2       __dllonexit                0000000180021ee2 f   MSVCRT:MSVCR100.dll
 0001:00020ee8       _lock                      0000000180021ee8 f   MSVCRT:MSVCR100.dll
 0001:00020eee       EncodePointer              0000000180021eee f   kernel32:KERNEL32.dll
 0001:00020ef4       DecodePointer              0000000180021ef4 f   kernel32:KERNEL32.dll
 0001:00020efa       Sleep                      0000000180021efa f   kernel32:KERNEL32.dll
 0001:00020f00       TerminateProcess           0000000180021f00 f   kernel32:KERNEL32.dll
 0001:00020f06       GetCurrentProcess          0000000180021f06 f   kernel32:KERNEL32.dll
 0001:00020f0c       UnhandledExceptionFilter   0000000180021f0c f   kernel32:KERNEL32.dll
 0001:00020f12       SetUnhandledExceptionFilter 0000000180021f12 f   kernel32:KERNEL32.dll
 0001:00020f18       IsDebuggerPresent          0000000180021f18 f   kernel32:KERNEL32.dll
 0001:00020f1e       RtlVirtualUnwind           0000000180021f1e f   kernel32:KERNEL32.dll
 0001:00020f24       RtlLookupFunctionEntry     0000000180021f24 f   kernel32:KERNEL32.dll
 0001:00020f2a       RtlCaptureContext          0000000180021f2a f   kernel32:KERNEL32.dll
 0001:00020f30       DisableThreadLibraryCalls  0000000180021f30 f   kernel32:KERNEL32.dll
 0001:00020f36       QueryPerformanceCounter    0000000180021f36 f   kernel32:KERNEL32.dll
 0001:00020f3c       GetTickCount               0000000180021f3c f   kernel32:KERNEL32.dll
 0001:00020f42       GetCurrentThreadId         0000000180021f42 f   kernel32:KERNEL32.dll
 0001:00020f48       GetCurrentProcessId        0000000180021f48 f   kernel32:KERNEL32.dll
 0001:00020f4e       GetSystemTimeAsFileTime    0000000180021f4e f   kernel32:KERNEL32.dll
 0002:00000000       __imp_GetSystemTimeAsFileTime 0000000180022000     kernel32:KERNEL32.dll
 0002:00000008       __imp_GetCurrentProcessId  0000000180022008     kernel32:KERNEL32.dll
 0002:00000010       __imp_GetCurrentThreadId   0000000180022010     kernel32:KERNEL32.dll
 0002:00000018       __imp_GetTickCount         0000000180022018     kernel32:KERNEL32.dll
 0002:00000020       __imp_QueryPerformanceCounter 0000000180022020     kernel32:KERNEL32.dll
 0002:00000028       __imp_DisableThreadLibraryCalls 0000000180022028     kernel32:KERNEL32.dll
 0002:00000030       __imp_RtlCaptureContext    0000000180022030     kernel32:KERNEL32.dll
 0002:00000038       __imp_RtlLookupFunctionEntry 0000000180022038     kernel32:KERNEL32.dll
 0002:00000040       __imp_RtlVirtualUnwind     0000000180022040     kernel32:KERNEL32.dll
 0002:00000048       __imp_IsDebuggerPresent    0000000180022048     kernel32:KERNEL32.dll
 0002:00000050       __imp_SetUnhandledExceptionFilter 0000000180022050     kernel32:KERNEL32.dll
 0002:00000058       __imp_UnhandledExceptionFilter 0000000180022058     kernel32:KERNEL32.dll
 0002:00000060       __imp_GetCurrentProcess    0000000180022060     kernel32:KERNEL32.dll
 0002:00000068       __imp_TerminateProcess     0000000180022068     kernel32:KERNEL32.dll
 0002:00000070       __imp_Sleep                0000000180022070     kernel32:KERNEL32.dll
 0002:00000078       __imp_DecodePointer        0000000180022078     kernel32:KERNEL32.dll
 0002:00000080       __imp_EncodePointer        0000000180022080     kernel32:KERNEL32.dll
 0002:00000088       \177KERNEL32_NULL_THUNK_DATA 0000000180022088     kernel32:KERNEL32.dll
 0002:00000090       __imp__onexit              0000000180022090     MSVCRT:MSVCR100.dll
 0002:00000098       __imp__lock                0000000180022098     MSVCRT:MSVCR100.dll
 0002:000000a0       __imp___dllonexit          00000001800220a0     MSVCRT:MSVCR100.dll
 0002:000000a8       __imp__unlock              00000001800220a8     MSVCRT:MSVCR100.dll
 0002:000000b0       __imp___clean_type_info_names_internal 00000001800220b0     MSVCRT:MSVCR100.dll
 0002:000000b8       __imp___crt_debugger_hook  00000001800220b8     MSVCRT:MSVCR100.dll
 0002:000000c0       __imp___CppXcptFilter      00000001800220c0     MSVCRT:MSVCR100.dll
 0002:000000c8       __imp___C_specific_handler 00000001800220c8     MSVCRT:MSVCR100.dll
 0002:000000d0       __imp__amsg_exit           00000001800220d0     MSVCRT:MSVCR100.dll
 0002:000000d8       __imp__encoded_null        00000001800220d8     MSVCRT:MSVCR100.dll
 0002:000000e0       __imp__initterm_e          00000001800220e0     MSVCRT:MSVCR100.dll
 0002:000000e8       __imp__initterm            00000001800220e8     MSVCRT:MSVCR100.dll
 0002:000000f0       __imp__malloc_crt          00000001800220f0     MSVCRT:MSVCR100.dll
 0002:000000f8       __imp_memcpy               00000001800220f8     MSVCRT:MSVCR100.dll
 0002:00000100       __imp_strcat               0000000180022100     MSVCRT:MSVCR100.dll
 0002:00000108       __imp_malloc               0000000180022108     MSVCRT:MSVCR100.dll
 0002:00000110       __imp_sprintf              0000000180022110     MSVCRT:MSVCR100.dll
 0002:00000118       __imp_free                 0000000180022118     MSVCRT:MSVCR100.dll
 0002:00000120       __imp_memset               0000000180022120     MSVCRT:MSVCR100.dll
 0002:00000128       __imp_strlen               0000000180022128     MSVCRT:MSVCR100.dll
 0002:00000130       __imp_strcmp               0000000180022130     MSVCRT:MSVCR100.dll
 0002:00000138       \177MSVCR100_NULL_THUNK_DATA 0000000180022138     MSVCRT:MSVCR100.dll
 0002:00000140       __imp_mexCallMATLAB        0000000180022140     libmex:libmex.dll
 0002:00000148       __imp_mexUnlock            0000000180022148     libmex:libmex.dll
 0002:00000150       __imp_mexLock              0000000180022150     libmex:libmex.dll
 0002:00000158       __imp_mexErrMsgTxt         0000000180022158     libmex:libmex.dll
 0002:00000160       __imp_mexMakeArrayPersistent 0000000180022160     libmex:libmex.dll
 0002:00000168       __imp_mexWarnMsgTxt        0000000180022168     libmex:libmex.dll
 0002:00000170       __imp_mexIsLocked          0000000180022170     libmex:libmex.dll
 0002:00000178       \177libmex_NULL_THUNK_DATA 0000000180022178     libmex:libmex.dll
 0002:00000180       __imp_muDoubleScalarAbs    0000000180022180     libmwmathutil:libmwmathutil.dll
 0002:00000188       \177libmwmathutil_NULL_THUNK_DATA 0000000180022188     libmwmathutil:libmwmathutil.dll
 0002:00000190       __imp_mxCalloc             0000000180022190     libmx:libmx.dll
 0002:00000198       __imp_mxGetM               0000000180022198     libmx:libmx.dll
 0002:000001a0       __imp_mxGetN               00000001800221a0     libmx:libmx.dll
 0002:000001a8       __imp_mxIsComplex          00000001800221a8     libmx:libmx.dll
 0002:000001b0       __imp_mxIsNumeric          00000001800221b0     libmx:libmx.dll
 0002:000001b8       __imp_mxGetClassID         00000001800221b8     libmx:libmx.dll
 0002:000001c0       __imp_mxIsEmpty            00000001800221c0     libmx:libmx.dll
 0002:000001c8       __imp_mxCreateCellMatrix_730 00000001800221c8     libmx:libmx.dll
 0002:000001d0       __imp_mxCreateStructMatrix_730 00000001800221d0     libmx:libmx.dll
 0002:000001d8       __imp_mxCreateString       00000001800221d8     libmx:libmx.dll
 0002:000001e0       __imp_mxSetField_730       00000001800221e0     libmx:libmx.dll
 0002:000001e8       __imp_mxCreateDoubleScalar 00000001800221e8     libmx:libmx.dll
 0002:000001f0       __imp_mxDuplicateArray     00000001800221f0     libmx:libmx.dll
 0002:000001f8       __imp_mxDestroyArray       00000001800221f8     libmx:libmx.dll
 0002:00000200       __imp_mxGetPr              0000000180022200     libmx:libmx.dll
 0002:00000208       __imp_mxCreateDoubleMatrix_730 0000000180022208     libmx:libmx.dll
 0002:00000210       __imp_mxGetScalar          0000000180022210     libmx:libmx.dll
 0002:00000218       __imp_mxGetString_730      0000000180022218     libmx:libmx.dll
 0002:00000220       __imp_mxIsChar             0000000180022220     libmx:libmx.dll
 0002:00000228       \177libmx_NULL_THUNK_DATA  0000000180022228     libmx:libmx.dll
 0002:00000230       __imp_utMalloc             0000000180022230     libut:libut.dll
 0002:00000238       __imp_utFree               0000000180022238     libut:libut.dll
 0002:00000240       \177libut_NULL_THUNK_DATA  0000000180022240     libut:libut.dll
 0002:00000248       __imp_call_sf_machine_global_method_dispatcher 0000000180022248     sf_runtime:sf_runtime.dll
 0002:00000250       __imp_callMdlMethodAndReportError 0000000180022250     sf_runtime:sf_runtime.dll
 0002:00000258       __imp_sf_debug_api         0000000180022258     sf_runtime:sf_runtime.dll
 0002:00000260       __imp_sf_debug_create_debug_instance_struct 0000000180022260     sf_runtime:sf_runtime.dll
 0002:00000268       __imp_sf_debug_terminate   0000000180022268     sf_runtime:sf_runtime.dll
 0002:00000270       __imp_sf_clear_rtw_identifier 0000000180022270     sf_runtime:sf_runtime.dll
 0002:00000278       __imp_sf_debug_symbol_scope_push 0000000180022278     sf_runtime:sf_runtime.dll
 0002:00000280       __imp_sf_debug_call        0000000180022280     sf_runtime:sf_runtime.dll
 0002:00000288       __imp_sf_debug_symbol_scope_push_eml 0000000180022288     sf_runtime:sf_runtime.dll
 0002:00000290       __imp_sf_debug_symbol_scope_add_eml_importable 0000000180022290     sf_runtime:sf_runtime.dll
 0002:00000298       __imp_sf_clear_error_manager_info 0000000180022298     sf_runtime:sf_runtime.dll
 0002:000002a0       __imp_cv_eml_eval          00000001800222a0     sf_runtime:sf_runtime.dll
 0002:000002a8       __imp_eml_debug_line_call  00000001800222a8     sf_runtime:sf_runtime.dll
 0002:000002b0       __imp_sf_debug_integer_check 00000001800222b0     sf_runtime:sf_runtime.dll
 0002:000002b8       __imp_sf_debug_eml_data_array_bounds_error_check 00000001800222b8     sf_runtime:sf_runtime.dll
 0002:000002c0       __imp_sf_debug_symbol_scope_pop 00000001800222c0     sf_runtime:sf_runtime.dll
 0002:000002c8       __imp_sf_debug_check_for_state_inconsistency 00000001800222c8     sf_runtime:sf_runtime.dll
 0002:000002d0       __imp_sf_debug_data_range_wrapper 00000001800222d0     sf_runtime:sf_runtime.dll
 0002:000002d8       __imp_sf_get_time          00000001800222d8     sf_runtime:sf_runtime.dll
 0002:000002e0       __imp_sf_debug_initialize_chart 00000001800222e0     sf_runtime:sf_runtime.dll
 0002:000002e8       __imp_sf_debug_set_chart_disable_implicit_casting 00000001800222e8     sf_runtime:sf_runtime.dll
 0002:000002f0       __imp_sf_mex_error_direct_call 00000001800222f0     sf_runtime:sf_runtime.dll
 0002:000002f8       __imp_sf_debug_symbol_scope_add_eml 00000001800222f8     sf_runtime:sf_runtime.dll
 0002:00000300       __imp_sf_debug_set_chart_event_thresholds 0000000180022300     sf_runtime:sf_runtime.dll
 0002:00000308       __imp_sf_debug_set_chart_data_props 0000000180022308     sf_runtime:sf_runtime.dll
 0002:00000310       __imp_sf_debug_set_chart_state_info 0000000180022310     sf_runtime:sf_runtime.dll
 0002:00000318       __imp_sf_debug_set_chart_substate_count 0000000180022318     sf_runtime:sf_runtime.dll
 0002:00000320       __imp_sf_debug_set_chart_decomposition 0000000180022320     sf_runtime:sf_runtime.dll
 0002:00000328       __imp_sf_debug_cv_init_chart 0000000180022328     sf_runtime:sf_runtime.dll
 0002:00000330       __imp_sf_debug_cv_init_state 0000000180022330     sf_runtime:sf_runtime.dll
 0002:00000338       __imp_sf_debug_cv_init_trans 0000000180022338     sf_runtime:sf_runtime.dll
 0002:00000340       __imp_cv_eml_init_script   0000000180022340     sf_runtime:sf_runtime.dll
 0002:00000348       __imp_cv_eml_init_fcn      0000000180022348     sf_runtime:sf_runtime.dll
 0002:00000350       __imp_cv_eml_init_if       0000000180022350     sf_runtime:sf_runtime.dll
 0002:00000358       __imp_cv_eml_init_mcdc     0000000180022358     sf_runtime:sf_runtime.dll
 0002:00000360       __imp_sf_debug_set_chart_data_compiled_props 0000000180022360     sf_runtime:sf_runtime.dll
 0002:00000368       __imp_sf_debug_set_instance_data_value_ptr 0000000180022368     sf_runtime:sf_runtime.dll
 0002:00000370       __imp_sf_debug_reset_current_state_configuration 0000000180022370     sf_runtime:sf_runtime.dll
 0002:00000378       __imp_sim_mode_is_rtw_gen  0000000180022378     sf_runtime:sf_runtime.dll
 0002:00000380       __imp_sim_mode_is_external 0000000180022380     sf_runtime:sf_runtime.dll
 0002:00000388       __imp_sf_is_chart_inlinable 0000000180022388     sf_runtime:sf_runtime.dll
 0002:00000390       __imp_sf_rtw_info_uint_prop 0000000180022390     sf_runtime:sf_runtime.dll
 0002:00000398       __imp_sf_update_buildInfo  0000000180022398     sf_runtime:sf_runtime.dll
 0002:000003a0       __imp_sf_mark_chart_expressionable_inputs 00000001800223a0     sf_runtime:sf_runtime.dll
 0002:000003a8       __imp_sf_mark_chart_reusable_outputs 00000001800223a8     sf_runtime:sf_runtime.dll
 0002:000003b0       __imp_sf_set_rtw_dwork_info 00000001800223b0     sf_runtime:sf_runtime.dll
 0002:000003b8       __imp_sf_mex_import        00000001800223b8     sf_runtime:sf_runtime.dll
 0002:000003c0       __imp_sf_mex_dup           00000001800223c0     sf_runtime:sf_runtime.dll
 0002:000003c8       __imp_sf_mex_getcell       00000001800223c8     sf_runtime:sf_runtime.dll
 0002:000003d0       __imp_sf_mex_decode_encoded_mx_struct_array 00000001800223d0     sf_runtime:sf_runtime.dll
 0002:000003d8       __imp_sf_mex_setcell       00000001800223d8     sf_runtime:sf_runtime.dll
 0002:000003e0       __imp_sf_mex_call_matlab   00000001800223e0     sf_runtime:sf_runtime.dll
 0002:000003e8       __imp_sf_mex_error_message 00000001800223e8     sf_runtime:sf_runtime.dll
 0002:000003f0       __imp_sf_mex_create        00000001800223f0     sf_runtime:sf_runtime.dll
 0002:000003f8       __imp_sf_mex_addfield      00000001800223f8     sf_runtime:sf_runtime.dll
 0002:00000400       __imp_sf_mex_createcellmatrix 0000000180022400     sf_runtime:sf_runtime.dll
 0002:00000408       __imp_sf_mex_duplicatearraysafe 0000000180022408     sf_runtime:sf_runtime.dll
 0002:00000410       __imp_sf_mex_destroy       0000000180022410     sf_runtime:sf_runtime.dll
 0002:00000418       __imp_sf_mex_createstruct  0000000180022418     sf_runtime:sf_runtime.dll
 0002:00000420       __imp_sf_mex_assign        0000000180022420     sf_runtime:sf_runtime.dll
 0002:00000428       __imp_sf_mex_emlrtNameCapturePostProcessR2012a 0000000180022428     sf_runtime:sf_runtime.dll
 0002:00000430       __imp_sf_load_rtw_optimization_info 0000000180022430     sf_runtime:sf_runtime.dll
 0002:00000438       __imp_sf_debug_initialize_machine 0000000180022438     sf_runtime:sf_runtime.dll
 0002:00000440       __imp_sf_debug_set_machine_event_thresholds 0000000180022440     sf_runtime:sf_runtime.dll
 0002:00000448       __imp_sf_debug_set_machine_data_thresholds 0000000180022448     sf_runtime:sf_runtime.dll
 0002:00000450       \177sf_runtime_NULL_THUNK_DATA 0000000180022450     sf_runtime:sf_runtime.dll
 0002:00000458       __xc_a                     0000000180022458     MSVCRT:cinitexe.obj
 0002:00000460       __xc_z                     0000000180022460     MSVCRT:cinitexe.obj
 0002:00000468       __xi_a                     0000000180022468     MSVCRT:cinitexe.obj
 0002:00000478       __xi_z                     0000000180022478     MSVCRT:cinitexe.obj
 0002:00000480       __real@41d7f950bdc00000    0000000180022480     ArmSim_sfun.obj
 0002:00000488       __real@41e26ac473400000    0000000180022488     ArmSim_sfun.obj
 0002:00000490       __real@41bf99e89d000000    0000000180022490     ArmSim_sfun.obj
 0002:00000498       __real@41dfa3bdcf400000    0000000180022498     ArmSim_sfun.obj
 0002:000004a0       __real@41ad4b2baa000000    00000001800224a0     ArmSim_sfun.obj
 0002:000004a8       __real@41e4f54984000000    00000001800224a8     ArmSim_sfun.obj
 0002:000004b0       __real@41e2ce78c3a00000    00000001800224b0     ArmSim_sfun.obj
 0002:000004b8       __real@41e6fa90b7000000    00000001800224b8     ArmSim_sfun.obj
 0002:000004c0       __real@41eb7e1aaa600000    00000001800224c0     ArmSim_sfun.obj
 0002:000004c8       __real@41efc92c86a00000    00000001800224c8     ArmSim_sfun.obj
 0002:000004d0       __real@41e5e62e2c200000    00000001800224d0     ArmSim_sfun.obj
 0002:000004d8       __real@41ed0e0778600000    00000001800224d8     ArmSim_sfun.obj
 0002:000004e0       __real@41c89fb3f3800000    00000001800224e0     ArmSim_sfun.obj
 0002:000004e8       __real@41be4c8998000000    00000001800224e8     ArmSim_sfun.obj
 0002:000004f0       __real@41e165e085800000    00000001800224f0     ArmSim_sfun.obj
 0002:000004f8       __real@41e849a947200000    00000001800224f8     ArmSim_sfun.obj
 0002:00000500       __real@41ee2996e5e00000    0000000180022500     c1_ArmSim.obj
 0002:00000508       __real@41dc9a1a84400000    0000000180022508     c1_ArmSim.obj
 0002:00000510       __real@41ed881ecc200000    0000000180022510     c1_ArmSim.obj
 0002:00000518       __real@41e219fe93600000    0000000180022518     c1_ArmSim.obj
 0002:00000520       __real@4024000000000000    0000000180022520     c1_ArmSim.obj
 0002:00000528       __real@3ff0000000000000    0000000180022528     c1_ArmSim.obj
 0002:00000530       __real@0000000000000000    0000000180022530     c1_ArmSim.obj
 0002:00000538       __real@4000000000000000    0000000180022538     c1_ArmSim.obj
 0002:00000540       __real@4010000000000000    0000000180022540     c1_ArmSim.obj
 0002:00000548       __real@41dfca9f29400000    0000000180022548     c2_ArmSim.obj
 0002:00000550       __real@41ddab2577c00000    0000000180022550     c2_ArmSim.obj
 0002:00000558       __real@41e180cfe9600000    0000000180022558     c2_ArmSim.obj
 0002:00000560       __real@41da7266b9000000    0000000180022560     c2_ArmSim.obj
 0002:00000568       __real@41e7948bdc800000    0000000180022568     c3_ArmSim.obj
 0002:00000570       __real@41d3e3ae4c000000    0000000180022570     c3_ArmSim.obj
 0002:00000578       __real@41e72ded60800000    0000000180022578     c3_ArmSim.obj
 0002:00000580       __real@41d84ebf93c00000    0000000180022580     c3_ArmSim.obj
 0002:00000588       __real@4008000000000000    0000000180022588     c3_ArmSim.obj
 0002:00000590       DYNAMIC_DIMENSION_DEF      0000000180022590     ArmSim_sfun_registry.obj
 0002:000005b0       _ssBadLevel2InputAccessMsg 00000001800225b0     ArmSim_sfun_registry.obj
 0002:00000740       _ssBadLevel2DirectFeedMsg  0000000180022740     ArmSim_sfun_registry.obj
 0002:00000880       _ssBadLevel2DirectFeedSolutionMsg 0000000180022880     ArmSim_sfun_registry.obj
 0002:000008f0       _ssBadLevel2ZeroDirectFeedMsg 00000001800228f0     ArmSim_sfun_registry.obj
 0002:00000a30       _ssBadLevel2ZeroDirectFeedMsg2 0000000180022a30     ArmSim_sfun_registry.obj
 0002:00000b18       __real@bff0000000000000    0000000180022b18     ArmSim_sfun_registry.obj
 0002:00000b20       __real@41602cbca0000000    0000000180022b20     ArmSim_sfun_registry.obj
 0002:00000b28       _pDefaultRawDllMain        0000000180022b28     MSVCRT:crtdll.obj
 0002:00000b28       _pRawDllMain               0000000180022b28     MSVCRT:crtdll.obj
 0002:00000b40       ?ProcessDetach@NativeDll@<CrtImplementationDetails>@@0IB 0000000180022b40     MSVCRT:tncleanup.obj
 0002:00000b44       ?ProcessAttach@NativeDll@<CrtImplementationDetails>@@0IB 0000000180022b44     MSVCRT:tncleanup.obj
 0002:00000b48       ?ThreadAttach@NativeDll@<CrtImplementationDetails>@@0IB 0000000180022b48     MSVCRT:tncleanup.obj
 0002:00000b4c       ?ThreadDetach@NativeDll@<CrtImplementationDetails>@@0IB 0000000180022b4c     MSVCRT:tncleanup.obj
 0002:00000b50       ?ProcessVerifier@NativeDll@<CrtImplementationDetails>@@0IB 0000000180022b50     MSVCRT:tncleanup.obj
 0002:00000b58       __rtc_iaa                  0000000180022b58     MSVCRT:_initsect_.obj
 0002:00000b60       __rtc_izz                  0000000180022b60     MSVCRT:_initsect_.obj
 0002:00000b68       __rtc_taa                  0000000180022b68     MSVCRT:_initsect_.obj
 0002:00000b70       __rtc_tzz                  0000000180022b70     MSVCRT:_initsect_.obj
 0002:00001798       __IMPORT_DESCRIPTOR_sf_runtime 0000000180023798     sf_runtime:sf_runtime.dll
 0002:000017ac       __IMPORT_DESCRIPTOR_libmx  00000001800237ac     libmx:libmx.dll
 0002:000017c0       __IMPORT_DESCRIPTOR_libmex 00000001800237c0     libmex:libmex.dll
 0002:000017d4       __IMPORT_DESCRIPTOR_libut  00000001800237d4     libut:libut.dll
 0002:000017e8       __IMPORT_DESCRIPTOR_libmwmathutil 00000001800237e8     libmwmathutil:libmwmathutil.dll
 0002:000017fc       __IMPORT_DESCRIPTOR_MSVCR100 00000001800237fc     MSVCRT:MSVCR100.dll
 0002:00001810       __IMPORT_DESCRIPTOR_KERNEL32 0000000180023810     kernel32:KERNEL32.dll
 0002:00001824       __NULL_IMPORT_DESCRIPTOR   0000000180023824     sf_runtime:sf_runtime.dll
 0003:00004670       DYNAMIC_DIMENSION          0000000180029670     ArmSim_sfun_registry.obj
 0003:00005278       __security_cookie          000000018002a278     MSVCRT:gs_cookie.obj
 0003:00005280       __security_cookie_complement 000000018002a280     MSVCRT:gs_cookie.obj
 0003:00005288       _fltused                   000000018002a288     MSVCRT:dllsupp.obj
 0003:00005290       __native_dllmain_reason    000000018002a290     MSVCRT:natstart.obj
 0003:00005294       __native_vcclrit_reason    000000018002a294     MSVCRT:natstart.obj
 0003:000053c8       sfGlobalDebugInstanceStruct 000000018002a3c8     ArmSim_sfun_registry.obj
 0003:00005950       ?__type_info_root_node@@3U__type_info_node@@A 000000018002a950     MSVCRT:tncleanup.obj
 0003:00005960       _ArmSimMachineNumber_      000000018002a960     <common>
 0003:00005964       __native_startup_state     000000018002a964     <common>
 0003:00005968       __native_startup_lock      000000018002a968     <common>
 0003:00005970       __onexitend                000000018002a970     <common>
 0003:00005978       __onexitbegin              000000018002a978     <common>
 0003:00005980       __dyn_tls_init_callback    000000018002a980     <common>

 entry point at        0001:00020a30

 Static symbols

 0001:00001180       c1_info_helper             0000000180002180 f   c1_ArmSim.obj
 0001:000013e0       c1_emlrt_marshallOut       00000001800023e0 f   c1_ArmSim.obj
 0001:00001470       c1_b_emlrt_marshallOut     0000000180002470 f   c1_ArmSim.obj
 0001:00002000       get_sim_state_c1_ArmSim    0000000180003000 f   c1_ArmSim.obj
 0001:000024a0       sf_get_sim_state_info_c1_ArmSim 00000001800034a0 f   c1_ArmSim.obj
 0001:00002670       set_sim_state_c1_ArmSim    0000000180003670 f   c1_ArmSim.obj
 0001:00002800       c1_update_debugger_state_c1_ArmSim 0000000180003800 f   c1_ArmSim.obj
 0001:00002810       c1_emlrt_marshallIn        0000000180003810 f   c1_ArmSim.obj
 0001:00002880       c1_b_emlrt_marshallIn      0000000180003880 f   c1_ArmSim.obj
 0001:00002940       c1_c_emlrt_marshallIn      0000000180003940 f   c1_ArmSim.obj
 0001:000029b0       c1_d_emlrt_marshallIn      00000001800039b0 f   c1_ArmSim.obj
 0001:00002a70       c1_e_emlrt_marshallIn      0000000180003a70 f   c1_ArmSim.obj
 0001:00002ae0       c1_f_emlrt_marshallIn      0000000180003ae0 f   c1_ArmSim.obj
 0001:00002b70       c1_h_emlrt_marshallIn      0000000180003b70 f   c1_ArmSim.obj
 0001:00002bd0       c1_i_emlrt_marshallIn      0000000180003bd0 f   c1_ArmSim.obj
 0001:00002cd0       mdlProcessParameters_c1_ArmSim 0000000180003cd0 f   c1_ArmSim.obj
 0001:00002db0       initialize_params_c1_ArmSim 0000000180003db0 f   c1_ArmSim.obj
 0001:00002dc0       mdlSetWorkWidths_c1_ArmSim 0000000180003dc0 f   c1_ArmSim.obj
 0001:00003320       sf_get_instance_specialization 0000000180004320 f   c1_ArmSim.obj
 0001:00003330       mdlStart_c1_ArmSim         0000000180004330 f   c1_ArmSim.obj
 0001:00003560       init_dsm_address_info      0000000180004560 f   c1_ArmSim.obj
 0001:00003570       chart_debug_initialization 0000000180004570 f   c1_ArmSim.obj
 0001:00004480       init_script_number_translation 0000000180005480 f   c1_ArmSim.obj
 0001:000044a0       c1_c_sf_marshallOut        00000001800054a0 f   c1_ArmSim.obj
 0001:00004550       c1_c_sf_marshallIn         0000000180005550 f   c1_ArmSim.obj
 0001:000045f0       c1_d_sf_marshallOut        00000001800055f0 f   c1_ArmSim.obj
 0001:00004770       sf_opaque_initialize_c1_ArmSim 0000000180005770 f   c1_ArmSim.obj
 0001:000047b0       initialize_c1_ArmSim       00000001800057b0 f   c1_ArmSim.obj
 0001:00004810       sf_opaque_enable_c1_ArmSim 0000000180005810 f   c1_ArmSim.obj
 0001:00004830       enable_c1_ArmSim           0000000180005830 f   c1_ArmSim.obj
 0001:00004860       sf_opaque_disable_c1_ArmSim 0000000180005860 f   c1_ArmSim.obj
 0001:00004880       disable_c1_ArmSim          0000000180005880 f   c1_ArmSim.obj
 0001:000048b0       sf_opaque_gateway_c1_ArmSim 00000001800058b0 f   c1_ArmSim.obj
 0001:000048d0       sf_gateway_c1_ArmSim       00000001800058d0 f   c1_ArmSim.obj
 0001:00005f50       c1_sf_marshallOut          0000000180006f50 f   c1_ArmSim.obj
 0001:00006070       c1_sf_marshallIn           0000000180007070 f   c1_ArmSim.obj
 0001:00006110       c1_b_sf_marshallOut        0000000180007110 f   c1_ArmSim.obj
 0001:00006230       c1_b_sf_marshallIn         0000000180007230 f   c1_ArmSim.obj
 0001:000062d0       sf_opaque_get_sim_state_c1_ArmSim 00000001800072d0 f   c1_ArmSim.obj
 0001:000062f0       sf_opaque_set_sim_state_c1_ArmSim 00000001800072f0 f   c1_ArmSim.obj
 0001:00006320       sf_opaque_terminate_c1_ArmSim 0000000180007320 f   c1_ArmSim.obj
 0001:000063c0       finalize_c1_ArmSim         00000001800073c0 f   c1_ArmSim.obj
 0001:000063d0       sf_opaque_init_subchart_simstructs 00000001800073d0 f   c1_ArmSim.obj
 0001:000063f0       initSimStructsc1_ArmSim    00000001800073f0 f   c1_ArmSim.obj
 0001:00006400       mdlRTW_c1_ArmSim           0000000180007400 f   c1_ArmSim.obj
 0001:000064b0       c2_info_helper             00000001800074b0 f   c2_ArmSim.obj
 0001:00006b80       c2_emlrt_marshallOut       0000000180007b80 f   c2_ArmSim.obj
 0001:00006c10       c2_b_emlrt_marshallOut     0000000180007c10 f   c2_ArmSim.obj
 0001:000073d0       get_sim_state_c2_ArmSim    00000001800083d0 f   c2_ArmSim.obj
 0001:000077a0       sf_get_sim_state_info_c2_ArmSim 00000001800087a0 f   c2_ArmSim.obj
 0001:00007970       set_sim_state_c2_ArmSim    0000000180008970 f   c2_ArmSim.obj
 0001:00007ac0       c2_update_debugger_state_c2_ArmSim 0000000180008ac0 f   c2_ArmSim.obj
 0001:00007ad0       c2_emlrt_marshallIn        0000000180008ad0 f   c2_ArmSim.obj
 0001:00007b40       c2_b_emlrt_marshallIn      0000000180008b40 f   c2_ArmSim.obj
 0001:00007c00       c2_c_emlrt_marshallIn      0000000180008c00 f   c2_ArmSim.obj
 0001:00007c70       c2_d_emlrt_marshallIn      0000000180008c70 f   c2_ArmSim.obj
 0001:00007d30       c2_e_emlrt_marshallIn      0000000180008d30 f   c2_ArmSim.obj
 0001:00007da0       c2_f_emlrt_marshallIn      0000000180008da0 f   c2_ArmSim.obj
 0001:00007e30       c2_h_emlrt_marshallIn      0000000180008e30 f   c2_ArmSim.obj
 0001:00007e90       c2_i_emlrt_marshallIn      0000000180008e90 f   c2_ArmSim.obj
 0001:00007f90       mdlProcessParameters_c2_ArmSim 0000000180008f90 f   c2_ArmSim.obj
 0001:00008070       initialize_params_c2_ArmSim 0000000180009070 f   c2_ArmSim.obj
 0001:00008080       mdlSetWorkWidths_c2_ArmSim 0000000180009080 f   c2_ArmSim.obj
 0001:00008580       sf_get_instance_specialization 0000000180009580 f   c2_ArmSim.obj
 0001:00008590       mdlStart_c2_ArmSim         0000000180009590 f   c2_ArmSim.obj
 0001:000087c0       init_dsm_address_info      00000001800097c0 f   c2_ArmSim.obj
 0001:000087d0       chart_debug_initialization 00000001800097d0 f   c2_ArmSim.obj
 0001:000091b0       init_script_number_translation 000000018000a1b0 f   c2_ArmSim.obj
 0001:000091d0       c2_c_sf_marshallOut        000000018000a1d0 f   c2_ArmSim.obj
 0001:00009280       c2_c_sf_marshallIn         000000018000a280 f   c2_ArmSim.obj
 0001:00009320       sf_opaque_initialize_c2_ArmSim 000000018000a320 f   c2_ArmSim.obj
 0001:00009360       initialize_c2_ArmSim       000000018000a360 f   c2_ArmSim.obj
 0001:000093c0       sf_opaque_enable_c2_ArmSim 000000018000a3c0 f   c2_ArmSim.obj
 0001:000093e0       enable_c2_ArmSim           000000018000a3e0 f   c2_ArmSim.obj
 0001:00009410       sf_opaque_disable_c2_ArmSim 000000018000a410 f   c2_ArmSim.obj
 0001:00009430       disable_c2_ArmSim          000000018000a430 f   c2_ArmSim.obj
 0001:00009460       sf_opaque_gateway_c2_ArmSim 000000018000a460 f   c2_ArmSim.obj
 0001:00009480       sf_gateway_c2_ArmSim       000000018000a480 f   c2_ArmSim.obj
 0001:0000a160       c2_sf_marshallOut          000000018000b160 f   c2_ArmSim.obj
 0001:0000a280       c2_sf_marshallIn           000000018000b280 f   c2_ArmSim.obj
 0001:0000a320       c2_b_sf_marshallOut        000000018000b320 f   c2_ArmSim.obj
 0001:0000a440       c2_b_sf_marshallIn         000000018000b440 f   c2_ArmSim.obj
 0001:0000a4e0       sf_opaque_get_sim_state_c2_ArmSim 000000018000b4e0 f   c2_ArmSim.obj
 0001:0000a500       sf_opaque_set_sim_state_c2_ArmSim 000000018000b500 f   c2_ArmSim.obj
 0001:0000a530       sf_opaque_terminate_c2_ArmSim 000000018000b530 f   c2_ArmSim.obj
 0001:0000a5d0       finalize_c2_ArmSim         000000018000b5d0 f   c2_ArmSim.obj
 0001:0000a5e0       sf_opaque_init_subchart_simstructs 000000018000b5e0 f   c2_ArmSim.obj
 0001:0000a600       initSimStructsc2_ArmSim    000000018000b600 f   c2_ArmSim.obj
 0001:0000a610       mdlRTW_c2_ArmSim           000000018000b610 f   c2_ArmSim.obj
 0001:0000a6c0       c3_info_helper             000000018000b6c0 f   c3_ArmSim.obj
 0001:0000b790       c3_emlrt_marshallOut       000000018000c790 f   c3_ArmSim.obj
 0001:0000b820       c3_b_emlrt_marshallOut     000000018000c820 f   c3_ArmSim.obj
 0001:0000c270       get_sim_state_c3_ArmSim    000000018000d270 f   c3_ArmSim.obj
 0001:0000c600       sf_get_sim_state_info_c3_ArmSim 000000018000d600 f   c3_ArmSim.obj
 0001:0000c7d0       set_sim_state_c3_ArmSim    000000018000d7d0 f   c3_ArmSim.obj
 0001:0000c930       c3_update_debugger_state_c3_ArmSim 000000018000d930 f   c3_ArmSim.obj
 0001:0000c940       c3_emlrt_marshallIn        000000018000d940 f   c3_ArmSim.obj
 0001:0000c9b0       c3_b_emlrt_marshallIn      000000018000d9b0 f   c3_ArmSim.obj
 0001:0000ca70       c3_c_emlrt_marshallIn      000000018000da70 f   c3_ArmSim.obj
 0001:0000cae0       c3_d_emlrt_marshallIn      000000018000dae0 f   c3_ArmSim.obj
 0001:0000cb70       c3_f_emlrt_marshallIn      000000018000db70 f   c3_ArmSim.obj
 0001:0000cbd0       c3_g_emlrt_marshallIn      000000018000dbd0 f   c3_ArmSim.obj
 0001:0000ccd0       mdlProcessParameters_c3_ArmSim 000000018000dcd0 f   c3_ArmSim.obj
 0001:0000cdb0       initialize_params_c3_ArmSim 000000018000ddb0 f   c3_ArmSim.obj
 0001:0000cdc0       mdlSetWorkWidths_c3_ArmSim 000000018000ddc0 f   c3_ArmSim.obj
 0001:0000d2f0       sf_get_instance_specialization 000000018000e2f0 f   c3_ArmSim.obj
 0001:0000d300       mdlStart_c3_ArmSim         000000018000e300 f   c3_ArmSim.obj
 0001:0000d530       init_dsm_address_info      000000018000e530 f   c3_ArmSim.obj
 0001:0000d540       chart_debug_initialization 000000018000e540 f   c3_ArmSim.obj
 0001:0000e1e0       init_script_number_translation 000000018000f1e0 f   c3_ArmSim.obj
 0001:0000e200       c3_b_sf_marshallOut        000000018000f200 f   c3_ArmSim.obj
 0001:0000e2b0       c3_b_sf_marshallIn         000000018000f2b0 f   c3_ArmSim.obj
 0001:0000e350       sf_opaque_initialize_c3_ArmSim 000000018000f350 f   c3_ArmSim.obj
 0001:0000e390       initialize_c3_ArmSim       000000018000f390 f   c3_ArmSim.obj
 0001:0000e3e0       sf_opaque_enable_c3_ArmSim 000000018000f3e0 f   c3_ArmSim.obj
 0001:0000e400       enable_c3_ArmSim           000000018000f400 f   c3_ArmSim.obj
 0001:0000e430       sf_opaque_disable_c3_ArmSim 000000018000f430 f   c3_ArmSim.obj
 0001:0000e450       disable_c3_ArmSim          000000018000f450 f   c3_ArmSim.obj
 0001:0000e480       sf_opaque_gateway_c3_ArmSim 000000018000f480 f   c3_ArmSim.obj
 0001:0000e4a0       sf_gateway_c3_ArmSim       000000018000f4a0 f   c3_ArmSim.obj
 0001:0000f540       c3_sf_marshallOut          0000000180010540 f   c3_ArmSim.obj
 0001:0000f660       c3_sf_marshallIn           0000000180010660 f   c3_ArmSim.obj
 0001:0000f700       sf_opaque_get_sim_state_c3_ArmSim 0000000180010700 f   c3_ArmSim.obj
 0001:0000f720       sf_opaque_set_sim_state_c3_ArmSim 0000000180010720 f   c3_ArmSim.obj
 0001:0000f750       sf_opaque_terminate_c3_ArmSim 0000000180010750 f   c3_ArmSim.obj
 0001:0000f7f0       finalize_c3_ArmSim         00000001800107f0 f   c3_ArmSim.obj
 0001:0000f800       sf_opaque_init_subchart_simstructs 0000000180010800 f   c3_ArmSim.obj
 0001:0000f820       initSimStructsc3_ArmSim    0000000180010820 f   c3_ArmSim.obj
 0001:0000f830       mdlRTW_c3_ArmSim           0000000180010830 f   c3_ArmSim.obj
 0001:0000f8e0       c4_info_helper             00000001800108e0 f   c4_ArmSim.obj
 0001:0000fb40       c4_emlrt_marshallOut       0000000180010b40 f   c4_ArmSim.obj
 0001:0000fbd0       c4_b_emlrt_marshallOut     0000000180010bd0 f   c4_ArmSim.obj
 0001:00010760       get_sim_state_c4_ArmSim    0000000180011760 f   c4_ArmSim.obj
 0001:00010bf0       sf_get_sim_state_info_c4_ArmSim 0000000180011bf0 f   c4_ArmSim.obj
 0001:00010dc0       set_sim_state_c4_ArmSim    0000000180011dc0 f   c4_ArmSim.obj
 0001:00010f50       c4_update_debugger_state_c4_ArmSim 0000000180011f50 f   c4_ArmSim.obj
 0001:00010f60       c4_emlrt_marshallIn        0000000180011f60 f   c4_ArmSim.obj
 0001:00010fd0       c4_b_emlrt_marshallIn      0000000180011fd0 f   c4_ArmSim.obj
 0001:00011090       c4_c_emlrt_marshallIn      0000000180012090 f   c4_ArmSim.obj
 0001:00011100       c4_d_emlrt_marshallIn      0000000180012100 f   c4_ArmSim.obj
 0001:000111c0       c4_e_emlrt_marshallIn      00000001800121c0 f   c4_ArmSim.obj
 0001:00011230       c4_f_emlrt_marshallIn      0000000180012230 f   c4_ArmSim.obj
 0001:000112c0       c4_h_emlrt_marshallIn      00000001800122c0 f   c4_ArmSim.obj
 0001:00011320       c4_i_emlrt_marshallIn      0000000180012320 f   c4_ArmSim.obj
 0001:00011420       mdlProcessParameters_c4_ArmSim 0000000180012420 f   c4_ArmSim.obj
 0001:00011500       initialize_params_c4_ArmSim 0000000180012500 f   c4_ArmSim.obj
 0001:00011510       mdlSetWorkWidths_c4_ArmSim 0000000180012510 f   c4_ArmSim.obj
 0001:00011a70       sf_get_instance_specialization 0000000180012a70 f   c4_ArmSim.obj
 0001:00011a80       mdlStart_c4_ArmSim         0000000180012a80 f   c4_ArmSim.obj
 0001:00011cb0       init_dsm_address_info      0000000180012cb0 f   c4_ArmSim.obj
 0001:00011cc0       chart_debug_initialization 0000000180012cc0 f   c4_ArmSim.obj
 0001:00012bd0       init_script_number_translation 0000000180013bd0 f   c4_ArmSim.obj
 0001:00012bf0       c4_c_sf_marshallOut        0000000180013bf0 f   c4_ArmSim.obj
 0001:00012ca0       c4_c_sf_marshallIn         0000000180013ca0 f   c4_ArmSim.obj
 0001:00012d40       c4_d_sf_marshallOut        0000000180013d40 f   c4_ArmSim.obj
 0001:00012ed0       sf_opaque_initialize_c4_ArmSim 0000000180013ed0 f   c4_ArmSim.obj
 0001:00012f10       initialize_c4_ArmSim       0000000180013f10 f   c4_ArmSim.obj
 0001:00012f70       sf_opaque_enable_c4_ArmSim 0000000180013f70 f   c4_ArmSim.obj
 0001:00012f90       enable_c4_ArmSim           0000000180013f90 f   c4_ArmSim.obj
 0001:00012fc0       sf_opaque_disable_c4_ArmSim 0000000180013fc0 f   c4_ArmSim.obj
 0001:00012fe0       disable_c4_ArmSim          0000000180013fe0 f   c4_ArmSim.obj
 0001:00013010       sf_opaque_gateway_c4_ArmSim 0000000180014010 f   c4_ArmSim.obj
 0001:00013030       sf_gateway_c4_ArmSim       0000000180014030 f   c4_ArmSim.obj
 0001:000146b0       c4_sf_marshallOut          00000001800156b0 f   c4_ArmSim.obj
 0001:000147d0       c4_sf_marshallIn           00000001800157d0 f   c4_ArmSim.obj
 0001:00014870       c4_b_sf_marshallOut        0000000180015870 f   c4_ArmSim.obj
 0001:00014990       c4_b_sf_marshallIn         0000000180015990 f   c4_ArmSim.obj
 0001:00014a30       sf_opaque_get_sim_state_c4_ArmSim 0000000180015a30 f   c4_ArmSim.obj
 0001:00014a50       sf_opaque_set_sim_state_c4_ArmSim 0000000180015a50 f   c4_ArmSim.obj
 0001:00014a80       sf_opaque_terminate_c4_ArmSim 0000000180015a80 f   c4_ArmSim.obj
 0001:00014b20       finalize_c4_ArmSim         0000000180015b20 f   c4_ArmSim.obj
 0001:00014b30       sf_opaque_init_subchart_simstructs 0000000180015b30 f   c4_ArmSim.obj
 0001:00014b50       initSimStructsc4_ArmSim    0000000180015b50 f   c4_ArmSim.obj
 0001:00014b60       mdlRTW_c4_ArmSim           0000000180015b60 f   c4_ArmSim.obj
 0001:00014c10       c5_info_helper             0000000180015c10 f   c5_ArmSim.obj
 0001:00015ce0       c5_emlrt_marshallOut       0000000180016ce0 f   c5_ArmSim.obj
 0001:00015d70       c5_b_emlrt_marshallOut     0000000180016d70 f   c5_ArmSim.obj
 0001:000167c0       get_sim_state_c5_ArmSim    00000001800177c0 f   c5_ArmSim.obj
 0001:00016b50       sf_get_sim_state_info_c5_ArmSim 0000000180017b50 f   c5_ArmSim.obj
 0001:00016d20       set_sim_state_c5_ArmSim    0000000180017d20 f   c5_ArmSim.obj
 0001:00016e80       c5_update_debugger_state_c5_ArmSim 0000000180017e80 f   c5_ArmSim.obj
 0001:00016e90       c5_emlrt_marshallIn        0000000180017e90 f   c5_ArmSim.obj
 0001:00016f00       c5_b_emlrt_marshallIn      0000000180017f00 f   c5_ArmSim.obj
 0001:00016fc0       c5_c_emlrt_marshallIn      0000000180017fc0 f   c5_ArmSim.obj
 0001:00017030       c5_d_emlrt_marshallIn      0000000180018030 f   c5_ArmSim.obj
 0001:000170c0       c5_f_emlrt_marshallIn      00000001800180c0 f   c5_ArmSim.obj
 0001:00017120       c5_g_emlrt_marshallIn      0000000180018120 f   c5_ArmSim.obj
 0001:00017220       mdlProcessParameters_c5_ArmSim 0000000180018220 f   c5_ArmSim.obj
 0001:00017300       initialize_params_c5_ArmSim 0000000180018300 f   c5_ArmSim.obj
 0001:00017310       mdlSetWorkWidths_c5_ArmSim 0000000180018310 f   c5_ArmSim.obj
 0001:00017840       sf_get_instance_specialization 0000000180018840 f   c5_ArmSim.obj
 0001:00017850       mdlStart_c5_ArmSim         0000000180018850 f   c5_ArmSim.obj
 0001:00017a80       init_dsm_address_info      0000000180018a80 f   c5_ArmSim.obj
 0001:00017a90       chart_debug_initialization 0000000180018a90 f   c5_ArmSim.obj
 0001:00018730       init_script_number_translation 0000000180019730 f   c5_ArmSim.obj
 0001:00018750       c5_b_sf_marshallOut        0000000180019750 f   c5_ArmSim.obj
 0001:00018800       c5_b_sf_marshallIn         0000000180019800 f   c5_ArmSim.obj
 0001:000188a0       sf_opaque_initialize_c5_ArmSim 00000001800198a0 f   c5_ArmSim.obj
 0001:000188e0       initialize_c5_ArmSim       00000001800198e0 f   c5_ArmSim.obj
 0001:00018930       sf_opaque_enable_c5_ArmSim 0000000180019930 f   c5_ArmSim.obj
 0001:00018950       enable_c5_ArmSim           0000000180019950 f   c5_ArmSim.obj
 0001:00018980       sf_opaque_disable_c5_ArmSim 0000000180019980 f   c5_ArmSim.obj
 0001:000189a0       disable_c5_ArmSim          00000001800199a0 f   c5_ArmSim.obj
 0001:000189d0       sf_opaque_gateway_c5_ArmSim 00000001800199d0 f   c5_ArmSim.obj
 0001:000189f0       sf_gateway_c5_ArmSim       00000001800199f0 f   c5_ArmSim.obj
 0001:00019a80       c5_sf_marshallOut          000000018001aa80 f   c5_ArmSim.obj
 0001:00019ba0       c5_sf_marshallIn           000000018001aba0 f   c5_ArmSim.obj
 0001:00019c40       sf_opaque_get_sim_state_c5_ArmSim 000000018001ac40 f   c5_ArmSim.obj
 0001:00019c60       sf_opaque_set_sim_state_c5_ArmSim 000000018001ac60 f   c5_ArmSim.obj
 0001:00019c90       sf_opaque_terminate_c5_ArmSim 000000018001ac90 f   c5_ArmSim.obj
 0001:00019d30       finalize_c5_ArmSim         000000018001ad30 f   c5_ArmSim.obj
 0001:00019d40       sf_opaque_init_subchart_simstructs 000000018001ad40 f   c5_ArmSim.obj
 0001:00019d60       initSimStructsc5_ArmSim    000000018001ad60 f   c5_ArmSim.obj
 0001:00019d70       mdlRTW_c5_ArmSim           000000018001ad70 f   c5_ArmSim.obj
 0001:0001a730       getChartInfoFromSimStruct  000000018001b730 f   ArmSim_sfun_registry.obj
 0001:0001bdd0       _ssFatalError              000000018001cdd0 f   ArmSim_sfun_registry.obj
 0001:0001ee80       ProcessMexSfunctionCmdLineCall 000000018001fe80 f   ArmSim_sfun_registry.obj
 0001:0001efe0       sf_debug_api_wrapper       000000018001ffe0 f   ArmSim_sfun_registry.obj
 0001:0001f030       mdlStart                   0000000180020030 f   ArmSim_sfun_registry.obj
 0001:0001f060       mdl_start_processing       0000000180020060 f   ArmSim_sfun_registry.obj
 0001:0001f0f0       mdlTerminate               00000001800200f0 f   ArmSim_sfun_registry.obj
 0001:0001f120       mdl_terminate_processing   0000000180020120 f   ArmSim_sfun_registry.obj
 0001:0001f1a0       mdlInitializeSampleTimes   00000001800201a0 f   ArmSim_sfun_registry.obj
 0001:0001f1d0       mdlZeroCrossings           00000001800201d0 f   ArmSim_sfun_registry.obj
 0001:0001f200       mdl_zeroCrossings_processing 0000000180020200 f   ArmSim_sfun_registry.obj
 0001:0001f240       mdlDerivatives             0000000180020240 f   ArmSim_sfun_registry.obj
 0001:0001f270       mdl_derivatives_processing 0000000180020270 f   ArmSim_sfun_registry.obj
 0001:0001f2c0       mdlInitializeConditions    00000001800202c0 f   ArmSim_sfun_registry.obj
 0001:0001f2f0       mdl_initialize_conditions_processing 00000001800202f0 f   ArmSim_sfun_registry.obj
 0001:0001f340       mdlEnable                  0000000180020340 f   ArmSim_sfun_registry.obj
 0001:0001f370       mdl_enable_processing      0000000180020370 f   ArmSim_sfun_registry.obj
 0001:0001f3b0       mdlDisable                 00000001800203b0 f   ArmSim_sfun_registry.obj
 0001:0001f3e0       mdl_disable_processing     00000001800203e0 f   ArmSim_sfun_registry.obj
 0001:0001f420       mdlOutputs                 0000000180020420 f   ArmSim_sfun_registry.obj
 0001:0001f450       mdl_outputs_processing     0000000180020450 f   ArmSim_sfun_registry.obj
 0001:0001f530       mdl_outputs_continuous_legacy 0000000180020530 f   ArmSim_sfun_registry.obj
 0001:0001f620       mdlGetTimeOfNextVarHit     0000000180020620 f   ArmSim_sfun_registry.obj
 0001:0001f670       _ProcessMexSfunctionCmdLineCall 0000000180020670 f   ArmSim_sfun_registry.obj
 0001:0001fdc0       mdlSetWorkWidths           0000000180020dc0 f   ArmSim_sfun_registry.obj
 0001:0001fdf0       mdlProcessParameters       0000000180020df0 f   ArmSim_sfun_registry.obj
 0001:0001fe20       mdlInitializeSizes         0000000180020e20 f   ArmSim_sfun_registry.obj
 0001:0001fe50       mdlExtModeExec             0000000180020e50 f   ArmSim_sfun_registry.obj
 0001:0001fe80       mdl_ext_mode_exec_processing 0000000180020e80 f   ArmSim_sfun_registry.obj
 0001:0001fec0       mdlRTW                     0000000180020ec0 f   ArmSim_sfun_registry.obj
 0001:0001ff00       _CreateSimStruct           0000000180020f00 f   ArmSim_sfun_registry.obj
 0001:00020090       _RegNumInputPortsCB        0000000180021090 f   ArmSim_sfun_registry.obj
 0001:00020110       _RegNumOutputPortsCB       0000000180021110 f   ArmSim_sfun_registry.obj
 0001:00020638       pre_c_init                 0000000180021638 f   MSVCRT:crtdll.obj
 0001:000208f4       __DllMainCRTStartup        00000001800218f4 f   MSVCRT:crtdll.obj
 0001:00020f60       __DllMainCRTStartup$filt$0 0000000180021f60 f   MSVCRT:crtdll.obj
 0001:00020f90       __DllMainCRTStartup$fin$1  0000000180021f90 f   MSVCRT:crtdll.obj
 0001:00020faa       _onexit$fin$0              0000000180021faa f   MSVCRT:atonexit.obj
 0001:00020fd0       _IsNonwritableInCurrentImage$filt$0 0000000180021fd0 f   MSVCRT:pesect.obj
